Archive member included because of file (symbol)

contiki-sky.a(rimeaddr.o)     obj_sky/contiki-sky-main.o (rimeaddr_copy)
contiki-sky.a(nullrdc.o)      obj_sky/contiki-sky-main.o (nullrdc_driver)
contiki-sky.a(mac.o)          contiki-sky.a(nullrdc.o) (mac_call_sent_callback)
contiki-sky.a(framer-802154.o)
                              contiki-sky.a(nullrdc.o) (framer_802154)
contiki-sky.a(csma.o)         udp-server.co (csma_driver)
contiki-sky.a(rpl-dag.o)      udp-server.co (rpl_set_prefix)
contiki-sky.a(rpl-icmp6.o)    contiki-sky.a(rpl-dag.o) (dao_output)
contiki-sky.a(rpl-timers.o)   contiki-sky.a(rpl-icmp6.o) (new_dio_interval)
contiki-sky.a(rpl-mrhof.o)    contiki-sky.a(rpl-dag.o) (rpl_mrhof)
contiki-sky.a(rpl-unreachv2.o)
                              contiki-sky.a(rpl-mrhof.o) (rpl_unreach)
contiki-sky.a(process.o)      udp-server.co (process_current)
contiki-sky.a(autostart.o)    obj_sky/contiki-sky-main.o (autostart_start)
contiki-sky.a(memb.o)         contiki-sky.a(csma.o) (memb_init)
contiki-sky.a(timer.o)        obj_sky/contiki-sky-main.o (timer_set)
contiki-sky.a(list.o)         contiki-sky.a(csma.o) (list_init)
contiki-sky.a(etimer.o)       obj_sky/contiki-sky-main.o (etimer_process)
contiki-sky.a(ctimer.o)       obj_sky/contiki-sky-main.o (ctimer_init)
contiki-sky.a(energest.o)     obj_sky/contiki-sky-main.o (energest_init)
contiki-sky.a(rtimer.o)       obj_sky/contiki-sky-main.o (rtimer_init)
contiki-sky.a(stimer.o)       contiki-sky.a(rpl-icmp6.o) (stimer_set)
contiki-sky.a(random.o)       obj_sky/contiki-sky-main.o (random_init)
contiki-sky.a(nbr-table.o)    contiki-sky.a(rpl-dag.o) (nbr_table_register)
contiki-sky.a(packetbuf.o)    contiki-sky.a(framer-802154.o) (packetbuf_hdrreduce)
contiki-sky.a(queuebuf.o)     obj_sky/contiki-sky-main.o (queuebuf_init)
contiki-sky.a(sicslowpan.o)   obj_sky/contiki-sky-main.o (sicslowpan_driver)
contiki-sky.a(tcpip.o)        contiki-sky.a(rpl-icmp6.o) (hand_off_backoff_flag)
contiki-sky.a(uip-debug.o)    contiki-sky.a(rpl-icmp6.o) (uip_debug_ipaddr_print)
contiki-sky.a(uip-ds6-route.o)
                              contiki-sky.a(rpl-icmp6.o) (uip_ds6_route_nexthop)
contiki-sky.a(uip-ds6-nbr.o)  contiki-sky.a(rpl-icmp6.o) (uip_ds6_nbr_add)
contiki-sky.a(uip-ds6.o)      contiki-sky.a(tcpip.o) (uip_ds6_is_addr_onlink)
contiki-sky.a(uip-icmp6.o)    contiki-sky.a(rpl-icmp6.o) (uip_icmp6_send)
contiki-sky.a(uip-nd6.o)      contiki-sky.a(tcpip.o) (uip_nd6_ns_output)
contiki-sky.a(uip-udp-packet.)
                              udp-server.co (uip_udp_packet_send)
contiki-sky.a(uip6.o)         udp-server.co (uip_aligned_buf)
contiki-sky.a(contiki-sky-pla)
                              obj_sky/contiki-sky-main.o (init_platform)
contiki-sky.a(button-sensor.o)
                              udp-server.co (button_sensor)
contiki-sky.a(ds2411.o)       obj_sky/contiki-sky-main.o (ds2411_init)
contiki-sky.a(xmem.o)         obj_sky/contiki-sky-main.o (xmem_init)
contiki-sky.a(node-id.o)      obj_sky/contiki-sky-main.o (node_id_restore)
contiki-sky.a(sensors.o)      udp-server.co (sensors_event)
contiki-sky.a(cc2420.o)       obj_sky/contiki-sky-main.o (cc2420_set_pan_addr)
contiki-sky.a(cc2420-arch.o)  contiki-sky.a(cc2420.o) (cc2420_arch_init)
contiki-sky.a(uart1.o)        obj_sky/contiki-sky-main.o (uart1_active)
contiki-sky.a(uart1-putchar.o)
                              obj_sky/contiki-sky-main.o (putchar)
contiki-sky.a(msp430.o)       contiki-sky.a(uart1.o) (msp430_add_lpm_req)
contiki-sky.a(clock.o)        contiki-sky.a(rpl-dag.o) (clock_time)
contiki-sky.a(leds.o)         obj_sky/contiki-sky-main.o (leds_init)
contiki-sky.a(leds-arch.o)    contiki-sky.a(leds.o) (leds_arch_init)
contiki-sky.a(watchdog.o)     obj_sky/contiki-sky-main.o (watchdog_start)
contiki-sky.a(rtimer-arch.o)  contiki-sky.a(rtimer.o) (rtimer_arch_init)
contiki-sky.a(frame802154.o)  contiki-sky.a(framer-802154.o) (frame802154_hdrlen)
contiki-sky.a(rpl.o)          contiki-sky.a(rpl-icmp6.o) (rpl_get_mode)
contiki-sky.a(rpl-ext-header.)
                              contiki-sky.a(uip6.o) (rpl_verify_header)
contiki-sky.a(spi.o)          contiki-sky.a(xmem.o) (spi_init)
/usr/lib/gcc/msp430/4.5.3/mmpy-16/libgcc.a(_mulsi3.o)
                              contiki-sky.a(csma.o) (__mulsi3)
/usr/lib/gcc/msp430/4.5.3/mmpy-16/libgcc.a(_udivmodqi4.o)
                              contiki-sky.a(rpl-icmp6.o) (__udivmodqi4)
/usr/lib/gcc/msp430/4.5.3/mmpy-16/libgcc.a(_udivmodhi4.o)
                              contiki-sky.a(rpl-dag.o) (__udivmodhi4)
/usr/lib/gcc/msp430/4.5.3/mmpy-16/libgcc.a(_divmodhi4.o)
                              udp-server.co (__divmodhi4)
/usr/lib/gcc/msp430/4.5.3/mmpy-16/libgcc.a(_udivmodsi4.o)
                              obj_sky/contiki-sky-main.o (__udivmodsi4)
/usr/lib/gcc/msp430/4.5.3/../../../../msp430/lib/mmpy-16/libc.a(strncmp.o)
                              contiki-sky.a(sensors.o) (strncmp)
/usr/lib/gcc/msp430/4.5.3/../../../../msp430/lib/mmpy-16/libc.a(memcmp.o)
[...]
Memory Configuration

Name             Origin             Length             Attributes
sfr              0x00000000         0x00000010
peripheral_8bit  0x00000010         0x000000f0
peripheral_16bit 0x00000100         0x00000100
infomem          0x00001000         0x00000100
infob            0x00001000         0x00000080
infoa            0x00001080         0x00000080
ram              0x00001100         0x00002800         xw
rom              0x00004000         0x0000bfe0         xr
vectors          0x0000ffe0         0x00000020
bsl              0x00000000         0x00000000
infoc            0x00000000         0x00000000
infod            0x00000000         0x00000000
far_rom          0x00000000         0x00000000
*default*        0x00000000         0xffffffff

Linker script and memory map

LOAD /usr/lib/gcc/msp430/4.5.3/mmpy-16/crt0ivtbl16.o
LOAD udp-server.co
LOAD obj_sky/contiki-sky-main.o
LOAD contiki-sky.a
LOAD /usr/lib/gcc/msp430/4.5.3/mmpy-16/libgcc.a
LOAD /usr/lib/gcc/msp430/4.5.3/../../../../msp430/lib/mmpy-16/libc.a
LOAD /usr/lib/gcc/msp430/4.5.3/mmpy-16/libgcc.a
LOAD /usr/lib/gcc/msp430/4.5.3/mmpy-16/libcrt0.a
                0x00000000                __IE1 = 0x0
                0x00000002                __IFG1 = 0x2
                0x00000004                __ME1 = 0x4
                0x00000001                __IE2 = 0x1
                0x00000003                __IFG2 = 0x3
                0x00000005                __ME2 = 0x5
                0x00000120                __WDTCTL = 0x120
                0x00000130                __MPY = 0x130
                0x00000132                __MPYS = 0x132
                0x00000134                __MAC = 0x134
                0x00000136                __MACS = 0x136
                0x00000138                __OP2 = 0x138
                0x0000013a                __RESLO = 0x13a
                0x0000013c                __RESHI = 0x13c
                0x0000013e                __SUMEXT = 0x13e
                0x00000020                __P1IN = 0x20
                0x00000021                __P1OUT = 0x21
                0x00000022                __P1DIR = 0x22
                0x00000023                __P1IFG = 0x23
                0x00000024                __P1IES = 0x24
                0x00000025                __P1IE = 0x25
                0x00000026                __P1SEL = 0x26
                0x00000028                __P2IN = 0x28
                0x00000029                __P2OUT = 0x29
                0x0000002a                __P2DIR = 0x2a
                0x0000002b                __P2IFG = 0x2b
                0x0000002c                __P2IES = 0x2c
                0x0000002d                __P2IE = 0x2d
                0x0000002e                __P2SEL = 0x2e
                0x00000018                __P3IN = 0x18
                0x00000019                __P3OUT = 0x19
                0x0000001a                __P3DIR = 0x1a
                0x0000001b                __P3SEL = 0x1b
                0x0000001c                __P4IN = 0x1c
                0x0000001d                __P4OUT = 0x1d
                0x0000001e                __P4DIR = 0x1e
                0x0000001f                __P4SEL = 0x1f
                0x00000030                __P5IN = 0x30
                0x00000031                __P5OUT = 0x31
                0x00000032                __P5DIR = 0x32
                0x00000033                __P5SEL = 0x33
                0x00000034                __P6IN = 0x34
                0x00000035                __P6OUT = 0x35
                0x00000036                __P6DIR = 0x36
                0x00000037                __P6SEL = 0x37
                0x00000070                __U0CTL = 0x70
                0x00000071                __U0TCTL = 0x71
                0x00000072                __U0RCTL = 0x72
                0x00000073                __U0MCTL = 0x73
                0x00000074                __U0BR0 = 0x74
                0x00000075                __U0BR1 = 0x75
                0x00000076                __U0RXBUF = 0x76
                0x00000077                __U0TXBUF = 0x77
                0x00000078                __U1CTL = 0x78
                0x00000079                __U1TCTL = 0x79
                0x0000007a                __U1RCTL = 0x7a
                0x0000007b                __U1MCTL = 0x7b
                0x0000007c                __U1BR0 = 0x7c
                0x0000007d                __U1BR1 = 0x7d
                0x0000007e                __U1RXBUF = 0x7e
                0x0000007f                __U1TXBUF = 0x7f
                0x00000050                __I2CIE = 0x50
                0x00000051                __I2CIFG = 0x51
                0x00000052                __I2CNDAT = 0x52
                0x00000071                __I2CTCTL = 0x71
                0x00000072                __I2CDCTL = 0x72
                0x00000073                __I2CPSC = 0x73
                0x00000074                __I2CSCLH = 0x74
                0x00000075                __I2CSCLL = 0x75
                0x00000076                __I2CDRB = 0x76
                0x00000076                __I2CDRW = 0x76
                0x00000118                __I2COA = 0x118
                0x0000011a                __I2CSA = 0x11a
                0x0000011c                __I2CIV = 0x11c
                0x0000012e                __TAIV = 0x12e
                0x00000160                __TACTL = 0x160
                0x00000162                __TACCTL0 = 0x162
                0x00000164                __TACCTL1 = 0x164
                0x00000166                __TACCTL2 = 0x166
                0x00000170                __TAR = 0x170
                0x00000172                __TACCR0 = 0x172
                0x00000174                __TACCR1 = 0x174
                0x00000176                __TACCR2 = 0x176
                0x0000011e                __TBIV = 0x11e
                0x00000180                __TBCTL = 0x180
                0x00000182                __TBCCTL0 = 0x182
                0x00000184                __TBCCTL1 = 0x184
                0x00000186                __TBCCTL2 = 0x186
                0x00000188                __TBCCTL3 = 0x188
                0x0000018a                __TBCCTL4 = 0x18a
                0x0000018c                __TBCCTL5 = 0x18c
                0x0000018e                __TBCCTL6 = 0x18e
                0x00000190                __TBR = 0x190
                0x00000192                __TBCCR0 = 0x192
                0x00000194                __TBCCR1 = 0x194
                0x00000196                __TBCCR2 = 0x196
                0x00000198                __TBCCR3 = 0x198
                0x0000019a                __TBCCR4 = 0x19a
                0x0000019c                __TBCCR5 = 0x19c
                0x0000019e                __TBCCR6 = 0x19e
                0x00000056                __DCOCTL = 0x56
                0x00000057                __BCSCTL1 = 0x57
                0x00000058                __BCSCTL2 = 0x58
                0x00000055                __SVSCTL = 0x55
                0x00000128                __FCTL1 = 0x128
                0x0000012a                __FCTL2 = 0x12a
                0x0000012c                __FCTL3 = 0x12c
                0x00000059                __CACTL1 = 0x59
                0x0000005a                __CACTL2 = 0x5a
                0x0000005b                __CAPD = 0x5b
                0x000001a0                __ADC12CTL0 = 0x1a0
                0x000001a2                __ADC12CTL1 = 0x1a2
                0x000001a4                __ADC12IFG = 0x1a4
                0x000001a6                __ADC12IE = 0x1a6
                0x000001a8                __ADC12IV = 0x1a8
                0x00000140                __ADC12MEM0 = 0x140
                0x00000142                __ADC12MEM1 = 0x142
                0x00000144                __ADC12MEM2 = 0x144
                0x00000146                __ADC12MEM3 = 0x146
                0x00000148                __ADC12MEM4 = 0x148
                0x0000014a                __ADC12MEM5 = 0x14a
                0x0000014c                __ADC12MEM6 = 0x14c
                0x0000014e                __ADC12MEM7 = 0x14e
                0x00000150                __ADC12MEM8 = 0x150
                0x00000152                __ADC12MEM9 = 0x152
                0x00000154                __ADC12MEM10 = 0x154
                0x00000156                __ADC12MEM11 = 0x156
                0x00000158                __ADC12MEM12 = 0x158
                0x0000015a                __ADC12MEM13 = 0x15a
                0x0000015c                __ADC12MEM14 = 0x15c
                0x0000015e                __ADC12MEM15 = 0x15e
                0x00000080                __ADC12MCTL0 = 0x80
                0x00000081                __ADC12MCTL1 = 0x81
                0x00000082                __ADC12MCTL2 = 0x82
                0x00000083                __ADC12MCTL3 = 0x83
                0x00000084                __ADC12MCTL4 = 0x84
                0x00000085                __ADC12MCTL5 = 0x85
                0x00000086                __ADC12MCTL6 = 0x86
                0x00000087                __ADC12MCTL7 = 0x87
                0x00000088                __ADC12MCTL8 = 0x88
                0x00000089                __ADC12MCTL9 = 0x89
                0x0000008a                __ADC12MCTL10 = 0x8a
                0x0000008b                __ADC12MCTL11 = 0x8b
                0x0000008c                __ADC12MCTL12 = 0x8c
                0x0000008d                __ADC12MCTL13 = 0x8d
                0x0000008e                __ADC12MCTL14 = 0x8e
                0x0000008f                __ADC12MCTL15 = 0x8f
                0x000001c0                __DAC12_0CTL = 0x1c0
                0x000001c2                __DAC12_1CTL = 0x1c2
                0x000001c8                __DAC12_0DAT = 0x1c8
                0x000001ca                __DAC12_1DAT = 0x1ca
                0x00000122                __DMACTL0 = 0x122
                0x00000124                __DMACTL1 = 0x124
                0x000001e0                __DMA0CTL = 0x1e0
                0x000001e8                __DMA1CTL = 0x1e8
                0x000001f0                __DMA2CTL = 0x1f0
                0x000001e2                __DMA0SA = 0x1e2
                0x000001e4                __DMA0DA = 0x1e4
                0x000001e6                __DMA0SZ = 0x1e6
                0x000001ea                __DMA1SA = 0x1ea
                0x000001ec                __DMA1DA = 0x1ec
                0x000001ee                __DMA1SZ = 0x1ee
                0x000001f2                __DMA2SA = 0x1f2
                0x000001f4                __DMA2DA = 0x1f4
                0x000001f6                __DMA2SZ = 0x1f6

.hash
 *(.hash)

.dynsym
 *(.dynsym)

.dynstr
 *(.dynstr)

.gnu.version
 *(.gnu.version)

.gnu.version_d
 *(.gnu.version_d)

.gnu.version_r
 *(.gnu.version_r)

.rel.init
 *(.rel.init)

.rela.init
 *(.rela.init)

.rel.text
 *(.rel.text)
 *(.rel.text.*)
 *(.rel.gnu.linkonce.t*)

.rela.text
 *(.rela.text)
 *(.rela.text.*)
 *(.rela.gnu.linkonce.t*)

.rel.fini
 *(.rel.fini)

.rela.fini
 *(.rela.fini)

.rel.rodata
 *(.rel.rodata)
 *(.rel.rodata.*)
 *(.rel.gnu.linkonce.r*)

.rela.rodata
 *(.rela.rodata)
 *(.rela.rodata.*)
 *(.rela.gnu.linkonce.r*)

.rel.data
 *(.rel.data)
 *(.rel.data.*)
 *(.rel.gnu.linkonce.d*)

.rela.data
 *(.rela.data)
 *(.rela.data.*)
 *(.rela.gnu.linkonce.d*)

.rel.ctors
 *(.rel.ctors)

.rela.ctors
 *(.rela.ctors)

.rel.dtors
 *(.rel.dtors)

.rela.dtors
 *(.rela.dtors)

.rel.got
 *(.rel.got)

.rela.got
 *(.rela.got)

.rel.bss
 *(.rel.bss)

.rela.bss
 *(.rela.bss)

.rel.plt
 *(.rel.plt)

.rela.plt
 *(.rela.plt)

.text           0x00004000     0xbc8a
                0x00004000                . = ALIGN (0x2)
 *(.init)
 *(.init0)
 .init0         0x00004000        0x0 /usr/lib/gcc/msp430/4.5.3/mmpy-16/libcrt0.a(_reset_vector__.o)
                0x00004000                _reset_vector__
 *(.init1)
 *(.init2)
 .init2         0x00004000        0x4 /usr/lib/gcc/msp430/4.5.3/mmpy-16/libcrt0.a(__init_stack.o)
                0x00004000                __init_stack
 *(.init3)
 .init3         0x00004004        0xa /usr/lib/gcc/msp430/4.5.3/mmpy-16/libcrt0.a(__low_level_init.o)
                0x00004004                __low_level_init
 *(.init4)
 .init4         0x0000400e       0x16 /usr/lib/gcc/msp430/4.5.3/mmpy-16/libcrt0.a(_copy_data.o)
                0x0000400e                __do_copy_data
 .init4         0x00004024       0x14 /usr/lib/gcc/msp430/4.5.3/mmpy-16/libcrt0.a(_clear_bss.o)
                0x00004024                __do_clear_bss
 *(.init5)
 *(.init6)
 *(.init7)
 *(.init8)
 *(.init9)
 .init9         0x00004038      0x33e obj_sky/contiki-sky-main.o
                0x00004038                main
 *(.fini9)
 .fini9         0x00004376        0x0 /usr/lib/gcc/msp430/4.5.3/mmpy-16/libcrt0.a(__stop_progExec__.o)
                0x00004376                __stop_progExec__
 *(.fini8)
 *(.fini7)
 *(.fini6)
 *(.fini5)
 *(.fini4)
 *(.fini3)
 *(.fini2)
 *(.fini1)
 *(.fini0)
 .fini0         0x00004376        0x6 /usr/lib/gcc/msp430/4.5.3/mmpy-16/libcrt0.a(_endless_loop__.o)
                0x00004376                _endless_loop__
 *(.fini)
                0x0000437c                . = ALIGN (0x2)
                0x0000437c                __ctors_start = .
 *(.ctors)
                0x0000437c                __ctors_end = .
                0x0000437c                __dtors_start = .
 *(.dtors)
                0x0000437c                __dtors_end = .
                0x0000437c                . = ALIGN (0x2)
 *(.text)
 .text          0x0000437c        0x4 /usr/lib/gcc/msp430/4.5.3/mmpy-16/crt0ivtbl16.o
                0x0000437c                __isr_14
                0x0000437c                __isr_11
                0x0000437c                __isr_2
                0x0000437c                __isr_7
                0x0000437c                __isr_0
                0x0000437c                __isr_8
                0x0000437c                __isr_3
                0x0000437c                __isr_12
                0x0000437c                __isr_13
                0x0000437c                __isr_9
 .text          0x00004380        0xa udp-server.co
                0x00004386                autostart_processes
 .text          0x0000438a      0x11b obj_sky/contiki-sky-main.o
 *fill*         0x000044a5        0x1 00
 .text          0x000044a6        0x8 contiki-sky.a(rimeaddr.o)
                0x000044a6                rimeaddr_null
 .text          0x000044ae       0x18 contiki-sky.a(nullrdc.o)
                0x000044b6                nullrdc_driver
 .text          0x000044c6        0x4 contiki-sky.a(framer-802154.o)
                0x000044c6                framer_802154
 .text          0x000044ca       0x14 contiki-sky.a(csma.o)
                0x000044d0                csma_driver
 .text          0x000044de        0x8 contiki-sky.a(rpl-dag.o)
 .text          0x000044e6      0x3f6 contiki-sky.a(rpl-icmp6.o)
 .text          0x000048dc       0xfb contiki-sky.a(rpl-mrhof.o)
 .text          0x000049d7       0x1d contiki-sky.a(rpl-unreachv2.o)
 .text          0x000049f4       0x24 contiki-sky.a(sicslowpan.o)
                0x000049f4                unc_llconf
                0x000049f8                unc_ctxconf
                0x000049fc                unc_mxconf
                0x00004a00                llprefix
                0x00004a0e                sicslowpan_driver
 .text          0x00004a18       0x1a contiki-sky.a(uip-debug.o)
 .text          0x00004a32       0x20 contiki-sky.a(uip6.o)
 .text          0x00004a52       0x10 contiki-sky.a(button-sensor.o)
                0x00004a5a                button_sensor
 .text          0x00004a62       0x14 contiki-sky.a(cc2420.o)
                0x00004a62                cc2420_driver
 .text          0x00004a76        0x2 contiki-sky.a(frame802154.o)
 .text          0x00004a78       0x34 /usr/lib/gcc/msp430/4.5.3/../../../../msp430/lib/mmpy-16/libc.a(memcmp.o)
                0x00004a78                memcmp
 .text          0x00004aac      0x104 /usr/lib/gcc/msp430/4.5.3/../../../../msp430/lib/mmpy-16/libc.a(memcpy.o)
                0x00004aac                memcpy
 .text          0x00004bb0      0x104 /usr/lib/gcc/msp430/4.5.3/../../../../msp430/lib/mmpy-16/libc.a(memmove.o)
                0x00004bb0                memmove
 .text          0x00004cb4       0x66 /usr/lib/gcc/msp430/4.5.3/../../../../msp430/lib/mmpy-16/libc.a(memset.o)
                0x00004cb4                memset
 .text          0x00004d1a       0x20 /usr/lib/gcc/msp430/4.5.3/../../../../msp430/lib/mmpy-16/libc.a(printf.o)
                0x00004d1a                printf
                0x00004d2c                vprintf
 .text          0x00004d3a       0xbc /usr/lib/gcc/msp430/4.5.3/../../../../msp430/lib/mmpy-16/libc.a(sprintf.o)
                0x00004d98                sprintf
                0x00004db4                snprintf
                0x00004dce                vsprintf
                0x00004de4                vsnprintf
 .text          0x00004df6      0x476 /usr/lib/gcc/msp430/4.5.3/../../../../msp430/lib/mmpy-16/libc.a(vuprintf.o)
                0x00004f02                vuprintf
 .text          0x0000526c       0x2c /usr/lib/gcc/msp430/4.5.3/../../../../msp430/lib/mmpy-16/libc.a(puts.o)
                0x0000526c                puts
 .text          0x00005298      0x134 /usr/lib/gcc/msp430/4.5.3/../../../../msp430/lib/mmpy-16/libc.a(rand.o)
                0x00005298                rand_r
                0x0000532c                rand
                0x000053c2                srand
                0x000053cc                . = ALIGN (0x2)
 *(.text.*)
 .text.process_thread_udp_server_process
                0x000053cc      0x204 udp-server.co
 .text.rimeaddr_copy
                0x000055d0        0x8 contiki-sky.a(rimeaddr.o)
                0x000055d0                rimeaddr_copy
 .text.rimeaddr_cmp
                0x000055d8       0x12 contiki-sky.a(rimeaddr.o)
                0x000055d8                rimeaddr_cmp
 .text.rimeaddr_set_node_addr
                0x000055ea        0xc contiki-sky.a(rimeaddr.o)
                0x000055ea                rimeaddr_set_node_addr
 .text.on       0x000055f6        0x6 contiki-sky.a(nullrdc.o)
 .text.off      0x000055fc       0x10 contiki-sky.a(nullrdc.o)
 .text.channel_check_interval
                0x0000560c        0x4 contiki-sky.a(nullrdc.o)
 .text.init     0x00005610        0x6 contiki-sky.a(nullrdc.o)
 .text.packet_input
                0x00005616       0x3c contiki-sky.a(nullrdc.o)
 .text.send_one_packet
                0x00005652       0x6a contiki-sky.a(nullrdc.o)
 .text.send_list
                0x000056bc       0x30 contiki-sky.a(nullrdc.o)
 .text.send_packet
                0x000056ec        0x6 contiki-sky.a(nullrdc.o)
 .text.mac_call_sent_callback
                0x000056f2       0x14 contiki-sky.a(mac.o)
                0x000056f2                mac_call_sent_callback
 .text.parse    0x00005706       0xa2 contiki-sky.a(framer-802154.o)
 .text.create   0x000057a8      0x10a contiki-sky.a(framer-802154.o)
 .text.input_packet
                0x000058b2        0x6 contiki-sky.a(csma.o)
 .text.on       0x000058b8        0x6 contiki-sky.a(csma.o)
 .text.off      0x000058be        0x6 contiki-sky.a(csma.o)
 .text.channel_check_interval
                0x000058c4        0xc contiki-sky.a(csma.o)
 .text.transmit_packet_list
                0x000058d0       0x24 contiki-sky.a(csma.o)
 .text.send_packet
                0x000058f4      0x178 contiki-sky.a(csma.o)
 .text.free_packet
                0x00005a6c       0x94 contiki-sky.a(csma.o)
 .text.packet_sent
                0x00005b00      0x130 contiki-sky.a(csma.o)
 .text.init     0x00005c30       0x1a contiki-sky.a(csma.o)
 .text.lollipop_greater_than
                0x00005c4a       0x44 contiki-sky.a(rpl-dag.o)
 .text.find_parent_any_dag_any_instance
                0x00005c8e       0x14 contiki-sky.a(rpl-dag.o)
 .text.rpl_set_preferred_parent
                0x00005ca2       0x30 contiki-sky.a(rpl-dag.o)
 .text.set_ip_from_prefix
                0x00005cd2       0x3a contiki-sky.a(rpl-dag.o)
 .text.check_prefix
                0x00005d0c       0x7c contiki-sky.a(rpl-dag.o)
 .text.rpl_dag_init
                0x00005d88        0xe contiki-sky.a(rpl-dag.o)
                0x00005d88                rpl_dag_init
 .text.rpl_get_parent_ipaddr
                0x00005d96       0x10 contiki-sky.a(rpl-dag.o)
                0x00005d96                rpl_get_parent_ipaddr
 .text.rpl_set_prefix
                0x00005da6       0x90 contiki-sky.a(rpl-dag.o)
                0x00005da6                rpl_set_prefix
 .text.rpl_set_default_route
                0x00005e36       0x62 contiki-sky.a(rpl-dag.o)
                0x00005e36                rpl_set_default_route
 .text.rpl_alloc_instance
                0x00005e98       0x2c contiki-sky.a(rpl-dag.o)
                0x00005e98                rpl_alloc_instance
 .text.rpl_add_parent
                0x00005ec4       0x54 contiki-sky.a(rpl-dag.o)
                0x00005ec4                rpl_add_parent
 .text.rpl_find_parent
                0x00005f18       0x1a contiki-sky.a(rpl-dag.o)
                0x00005f18                rpl_find_parent
 .text.rpl_find_parent_any_dag
                0x00005f32       0x26 contiki-sky.a(rpl-dag.o)
                0x00005f32                rpl_find_parent_any_dag
 .text.rpl_select_parent
                0x00005f58       0x5c contiki-sky.a(rpl-dag.o)
                0x00005f58                rpl_select_parent
 .text.rpl_select_dag
                0x00005fb4      0x1b8 contiki-sky.a(rpl-dag.o)
                0x00005fb4                rpl_select_dag
 .text.rpl_nullify_parent
                0x0000616c       0x4e contiki-sky.a(rpl-dag.o)
                0x0000616c                rpl_nullify_parent
 .text.rpl_remove_parent
                0x000061ba       0x16 contiki-sky.a(rpl-dag.o)
                0x000061ba                rpl_remove_parent
 .text.nbr_callback
                0x000061d0        0x6 contiki-sky.a(rpl-dag.o)
 .text.remove_parents.clone.3
                0x000061d6       0x32 contiki-sky.a(rpl-dag.o)
 .text.rpl_free_dag
                0x00006208       0x36 contiki-sky.a(rpl-dag.o)
                0x00006208                rpl_free_dag
 .text.rpl_free_instance
                0x0000623e       0x5c contiki-sky.a(rpl-dag.o)
                0x0000623e                rpl_free_instance
 .text.rpl_move_parent
                0x0000629a       0x5a contiki-sky.a(rpl-dag.o)
                0x0000629a                rpl_move_parent
 .text.rpl_get_any_dag
                0x000062f4       0x18 contiki-sky.a(rpl-dag.o)
                0x000062f4                rpl_get_any_dag
 .text.rpl_get_instance
                0x0000630c       0x16 contiki-sky.a(rpl-dag.o)
                0x0000630c                rpl_get_instance
 .text.get_dag  0x00006322       0x5c contiki-sky.a(rpl-dag.o)
 .text.rpl_alloc_dag
                0x0000637e       0x72 contiki-sky.a(rpl-dag.o)
                0x0000637e                rpl_alloc_dag
 .text.rpl_set_root
                0x000063f0       0xe8 contiki-sky.a(rpl-dag.o)
                0x000063f0                rpl_set_root
 .text.rpl_repair_root
                0x000064d8       0x4c contiki-sky.a(rpl-dag.o)
                0x000064d8                rpl_repair_root
 .text.rpl_find_of
                0x00006524       0x10 contiki-sky.a(rpl-dag.o)
                0x00006524                rpl_find_of
 .text.rpl_join_instance
                0x00006534      0x142 contiki-sky.a(rpl-dag.o)
                0x00006534                rpl_join_instance
 .text.rpl_local_repair
                0x00006676       0x82 contiki-sky.a(rpl-dag.o)
                0x00006676                rpl_local_repair
 .text.rpl_process_parent_event
                0x000066f8       0x88 contiki-sky.a(rpl-dag.o)
                0x000066f8                rpl_process_parent_event
 .text.rpl_recalculate_ranks
                0x00006780       0x42 contiki-sky.a(rpl-dag.o)
                0x00006780                rpl_recalculate_ranks
 .text.rpl_process_dio
                0x000067c2      0x35a contiki-sky.a(rpl-dag.o)
                0x000067c2                rpl_process_dio
 .text.rpl_lock_parent
                0x00006b1c        0xc contiki-sky.a(rpl-dag.o)
                0x00006b1c                rpl_lock_parent
 .text.get32    0x00006b28       0x46 contiki-sky.a(rpl-icmp6.o)
 .text.set32    0x00006b6e       0x3c contiki-sky.a(rpl-icmp6.o)
 .text.get16    0x00006baa        0xe contiki-sky.a(rpl-icmp6.o)
 .text.set16    0x00006bb8       0x10 contiki-sky.a(rpl-icmp6.o)
 .text.fuzzy_defuzzification
                0x00006bc8       0x8e contiki-sky.a(rpl-icmp6.o)
                0x00006bc8                fuzzy_defuzzification
 .text.dom_connected
                0x00006c56       0x10 contiki-sky.a(rpl-icmp6.o)
                0x00006c56                dom_connected
 .text.dom_trans
                0x00006c66       0x24 contiki-sky.a(rpl-icmp6.o)
                0x00006c66                dom_trans
 .text.fuzzification_rssi
                0x00006c8a       0x1e contiki-sky.a(rpl-icmp6.o)
                0x00006c8a                fuzzification_rssi
 .text.dom_small
                0x00006ca8       0x2a contiki-sky.a(rpl-icmp6.o)
                0x00006ca8                dom_small
 .text.dom_ave  0x00006cd2       0x44 contiki-sky.a(rpl-icmp6.o)
                0x00006cd2                dom_ave
 .text.dom_large
                0x00006d16       0x24 contiki-sky.a(rpl-icmp6.o)
                0x00006d16                dom_large
 .text.fuzzification_etx
                0x00006d3a       0x30 contiki-sky.a(rpl-icmp6.o)
                0x00006d3a                fuzzification_etx
 .text.dom_far  0x00006d6a       0x1e contiki-sky.a(rpl-icmp6.o)
                0x00006d6a                dom_far
 .text.dom_very_far
                0x00006d88       0x10 contiki-sky.a(rpl-icmp6.o)
                0x00006d88                dom_very_far
 .text.fuzzification_hop_count
                0x00006d98       0x30 contiki-sky.a(rpl-icmp6.o)
                0x00006d98                fuzzification_hop_count
 .text.eventhandler2
                0x00006dc8      0x74c contiki-sky.a(rpl-icmp6.o)
                0x00006dc8                eventhandler2
 .text.process_thread_multiple_dis_input
                0x00007514       0x3a contiki-sky.a(rpl-icmp6.o)
 .text.dis_output
                0x0000754e       0xba contiki-sky.a(rpl-icmp6.o)
                0x0000754e                dis_output
 .text.eventhandler3
                0x00007608      0x20e contiki-sky.a(rpl-icmp6.o)
                0x00007608                eventhandler3
 .text.process_thread_wait_dios
                0x00007816       0x3a contiki-sky.a(rpl-icmp6.o)
 .text.dio_output
                0x00007850      0x30c contiki-sky.a(rpl-icmp6.o)
                0x00007850                dio_output
 .text.dao_output_target
                0x00007b5c      0x12a contiki-sky.a(rpl-icmp6.o)
                0x00007b5c                dao_output_target
 .text.dao_output
                0x00007c86       0x7a contiki-sky.a(rpl-icmp6.o)
                0x00007c86                dao_output
 .text.dao_ack_output
                0x00007d00       0x3c contiki-sky.a(rpl-icmp6.o)
                0x00007d00                dao_ack_output
 .text.uip_rpl_input
                0x00007d3c      0x754 contiki-sky.a(rpl-icmp6.o)
                0x00007d3c                uip_rpl_input
 .text.set_dao_lifetime_timer
                0x00008490       0x68 contiki-sky.a(rpl-timers.o)
 .text.schedule_dao
                0x000084f8       0x8a contiki-sky.a(rpl-timers.o)
 .text.handle_dao_timer
                0x00008582       0x64 contiki-sky.a(rpl-timers.o)
 .text.handle_periodic_timer
                0x000085e6       0x38 contiki-sky.a(rpl-timers.o)
 .text.new_dio_interval
                0x0000861e      0x130 contiki-sky.a(rpl-timers.o)
                0x0000861e                new_dio_interval
 .text.handle_dio_timer
                0x0000874e       0xa4 contiki-sky.a(rpl-timers.o)
 .text.rpl_reset_periodic_timer
                0x000087f2       0x56 contiki-sky.a(rpl-timers.o)
                0x000087f2                rpl_reset_periodic_timer
 .text.rpl_reset_dio_timer
                0x00008848       0x22 contiki-sky.a(rpl-timers.o)
                0x00008848                rpl_reset_dio_timer
 .text.rpl_schedule_dao
                0x0000886a        0xa contiki-sky.a(rpl-timers.o)
                0x0000886a                rpl_schedule_dao
 .text.calculate_rank
                0x00008874       0x30 contiki-sky.a(rpl-mrhof.o)
 .text.best_dag
                0x000088a4       0x34 contiki-sky.a(rpl-mrhof.o)
 .text.reset    0x000088d8        0xa contiki-sky.a(rpl-mrhof.o)
 .text.update_metric_container
                0x000088e2       0xa2 contiki-sky.a(rpl-mrhof.o)
 .text.best_parent
                0x00008984       0x68 contiki-sky.a(rpl-mrhof.o)
 .text.neighbor_link_callback
                0x000089ec      0x146 contiki-sky.a(rpl-mrhof.o)
 .text.post_parent_unreachable
                0x00008b32       0x32 contiki-sky.a(rpl-mrhof.o)
                0x00008b32                post_parent_unreachable
 .text.rpl_unreach
                0x00008b64        0xc contiki-sky.a(rpl-unreachv2.o)
                0x00008b64                rpl_unreach
 .text.rpl_dis_burst
                0x00008b70        0xe contiki-sky.a(rpl-unreachv2.o)
                0x00008b70                rpl_dis_burst
 .text.eventhandler
                0x00008b7e      0x28c contiki-sky.a(rpl-unreachv2.o)
                0x00008b7e                eventhandler
 .text.process_thread_unreach_process
                0x00008e0a       0x3a contiki-sky.a(rpl-unreachv2.o)
 .text.call_process
                0x00008e44       0x4a contiki-sky.a(process.o)
 .text.exit_process
                0x00008e8e       0x92 contiki-sky.a(process.o)
 .text.do_poll  0x00008f20       0x30 contiki-sky.a(process.o)
 .text.process_alloc_event
                0x00008f50        0xe contiki-sky.a(process.o)
                0x00008f50                process_alloc_event
 .text.process_init
                0x00008f5e       0x1c contiki-sky.a(process.o)
                0x00008f5e                process_init
 .text.process_run
                0x00008f7a       0x9c contiki-sky.a(process.o)
                0x00008f7a                process_run
 .text.process_nevents
                0x00009016        0xc contiki-sky.a(process.o)
                0x00009016                process_nevents
 .text.process_post
                0x00009022       0x54 contiki-sky.a(process.o)
                0x00009022                process_post
 .text.process_post_synch
                0x00009076       0x12 contiki-sky.a(process.o)
                0x00009076                process_post_synch
 .text.process_start
                0x00009088       0x32 contiki-sky.a(process.o)
                0x00009088                process_start
 .text.process_poll
                0x000090ba       0x1a contiki-sky.a(process.o)
                0x000090ba                process_poll
 .text.autostart_start
                0x000090d4       0x18 contiki-sky.a(autostart.o)
                0x000090d4                autostart_start
 .text.memb_init
                0x000090ec       0x36 contiki-sky.a(memb.o)
                0x000090ec                memb_init
 .text.memb_alloc
                0x00009122       0x3e contiki-sky.a(memb.o)
                0x00009122                memb_alloc
 .text.memb_free
                0x00009160       0x3a contiki-sky.a(memb.o)
                0x00009160                memb_free
 .text.memb_inmemb
                0x0000919a       0x2e contiki-sky.a(memb.o)
                0x0000919a                memb_inmemb
 .text.timer_set
                0x000091c8       0x1c contiki-sky.a(timer.o)
                0x000091c8                timer_set
 .text.timer_reset
                0x000091e4        0xe contiki-sky.a(timer.o)
                0x000091e4                timer_reset
 .text.timer_restart
                0x000091f2       0x14 contiki-sky.a(timer.o)
                0x000091f2                timer_restart
 .text.timer_expired
                0x00009206       0x2e contiki-sky.a(timer.o)
                0x00009206                timer_expired
 .text.list_init
                0x00009234        0x6 contiki-sky.a(list.o)
                0x00009234                list_init
 .text.list_head
                0x0000923a        0x4 contiki-sky.a(list.o)
                0x0000923a                list_head
 .text.list_tail
                0x0000923e       0x14 contiki-sky.a(list.o)
                0x0000923e                list_tail
 .text.list_remove
                0x00009252       0x2e contiki-sky.a(list.o)
                0x00009252                list_remove
 .text.list_push
                0x00009280       0x1a contiki-sky.a(list.o)
                0x00009280                list_push
 .text.list_add
                0x0000929a       0x2a contiki-sky.a(list.o)
                0x0000929a                list_add
 .text.list_length
                0x000092c4       0x10 contiki-sky.a(list.o)
                0x000092c4                list_length
 .text.list_item_next
                0x000092d4        0x8 contiki-sky.a(list.o)
                0x000092d4                list_item_next
 .text.update_time
                0x000092dc       0x78 contiki-sky.a(etimer.o)
 .text.etimer_request_poll
                0x00009354        0xa contiki-sky.a(etimer.o)
                0x00009354                etimer_request_poll
 .text.process_thread_etimer_process
                0x0000935e       0xce contiki-sky.a(etimer.o)
 .text.add_timer
                0x0000942c       0x40 contiki-sky.a(etimer.o)
 .text.etimer_set
                0x0000946c       0x12 contiki-sky.a(etimer.o)
                0x0000946c                etimer_set
 .text.etimer_reset
                0x0000947e       0x12 contiki-sky.a(etimer.o)
                0x0000947e                etimer_reset
 .text.etimer_restart
                0x00009490       0x12 contiki-sky.a(etimer.o)
                0x00009490                etimer_restart
 .text.etimer_expired
                0x000094a2        0xe contiki-sky.a(etimer.o)
                0x000094a2                etimer_expired
 .text.etimer_expiration_time
                0x000094b0       0x14 contiki-sky.a(etimer.o)
                0x000094b0                etimer_expiration_time
 .text.etimer_pending
                0x000094c4        0xe contiki-sky.a(etimer.o)
                0x000094c4                etimer_pending
 .text.etimer_next_expiration_time
                0x000094d2       0x16 contiki-sky.a(etimer.o)
                0x000094d2                etimer_next_expiration_time
 .text.etimer_stop
                0x000094e8       0x3c contiki-sky.a(etimer.o)
                0x000094e8                etimer_stop
 .text.process_thread_ctimer_process
                0x00009524       0xa4 contiki-sky.a(ctimer.o)
 .text.ctimer_init
                0x000095c8       0x18 contiki-sky.a(ctimer.o)
                0x000095c8                ctimer_init
 .text.ctimer_set
                0x000095e0       0x5a contiki-sky.a(ctimer.o)
                0x000095e0                ctimer_set
 .text.ctimer_reset
                0x0000963a       0x3a contiki-sky.a(ctimer.o)
                0x0000963a                ctimer_reset
 .text.ctimer_stop
                0x00009674       0x28 contiki-sky.a(ctimer.o)
                0x00009674                ctimer_stop
 .text.energest_init
                0x0000969c       0x2a contiki-sky.a(energest.o)
                0x0000969c                energest_init
 .text.energest_type_time
                0x000096c6       0x44 contiki-sky.a(energest.o)
                0x000096c6                energest_type_time
 .text.energest_type_set
                0x0000970a        0xe contiki-sky.a(energest.o)
                0x0000970a                energest_type_set
 .text.energest_flush
                0x00009718       0x4a contiki-sky.a(energest.o)
                0x00009718                energest_flush
 .text.rtimer_init
                0x00009762        0x6 contiki-sky.a(rtimer.o)
                0x00009762                rtimer_init
 .text.rtimer_run_next
                0x00009768       0x26 contiki-sky.a(rtimer.o)
                0x00009768                rtimer_run_next
 .text.stimer_set
                0x0000978e       0x1c contiki-sky.a(stimer.o)
                0x0000978e                stimer_set
 .text.stimer_expired
                0x000097aa       0x42 contiki-sky.a(stimer.o)
                0x000097aa                stimer_expired
 .text.random_init
                0x000097ec        0x6 contiki-sky.a(random.o)
                0x000097ec                random_init
 .text.random_rand
                0x000097f2        0x6 contiki-sky.a(random.o)
                0x000097f2                random_rand
 .text.index_from_key
                0x000097f8       0xb4 contiki-sky.a(nbr-table.o)
 .text.item_from_key
                0x000098ac       0x38 contiki-sky.a(nbr-table.o)
 .text.key_from_item
                0x000098e4       0x3a contiki-sky.a(nbr-table.o)
 .text.nbr_set_bit
                0x0000991e       0x6e contiki-sky.a(nbr-table.o)
 .text.index_from_lladdr
                0x0000998c       0x42 contiki-sky.a(nbr-table.o)
 .text.nbr_get_bit.clone.0
                0x000099ce       0x40 contiki-sky.a(nbr-table.o)
 .text.nbr_table_register
                0x00009a0e       0x26 contiki-sky.a(nbr-table.o)
                0x00009a0e                nbr_table_register
 .text.nbr_table_next
                0x00009a34       0x36 contiki-sky.a(nbr-table.o)
                0x00009a34                nbr_table_next
 .text.nbr_table_head
                0x00009a6a       0x36 contiki-sky.a(nbr-table.o)
                0x00009a6a                nbr_table_head
 .text.nbr_table_add_lladdr
                0x00009aa0      0x13e contiki-sky.a(nbr-table.o)
                0x00009aa0                nbr_table_add_lladdr
 .text.nbr_table_get_from_lladdr
                0x00009bde       0x4c contiki-sky.a(nbr-table.o)
                0x00009bde                nbr_table_get_from_lladdr
 .text.nbr_table_remove
                0x00009c2a       0x32 contiki-sky.a(nbr-table.o)
                0x00009c2a                nbr_table_remove
 .text.nbr_table_lock
                0x00009c5c       0x10 contiki-sky.a(nbr-table.o)
                0x00009c5c                nbr_table_lock
 .text.nbr_table_unlock
                0x00009c6c       0x10 contiki-sky.a(nbr-table.o)
                0x00009c6c                nbr_table_unlock
 .text.nbr_table_get_lladdr
                0x00009c7c        0xc contiki-sky.a(nbr-table.o)
                0x00009c7c                nbr_table_get_lladdr
 .text.packetbuf_copyto_hdr
                0x00009c88       0x1c contiki-sky.a(packetbuf.o)
                0x00009c88                packetbuf_copyto_hdr
 .text.packetbuf_copyto
                0x00009ca4       0x52 contiki-sky.a(packetbuf.o)
                0x00009ca4                packetbuf_copyto
 .text.packetbuf_hdrreduce
                0x00009cf6       0x1a contiki-sky.a(packetbuf.o)
                0x00009cf6                packetbuf_hdrreduce
 .text.packetbuf_set_datalen
                0x00009d10        0x6 contiki-sky.a(packetbuf.o)
                0x00009d10                packetbuf_set_datalen
 .text.packetbuf_dataptr
                0x00009d16        0xa contiki-sky.a(packetbuf.o)
                0x00009d16                packetbuf_dataptr
 .text.packetbuf_hdrptr
                0x00009d20        0xa contiki-sky.a(packetbuf.o)
                0x00009d20                packetbuf_hdrptr
 .text.packetbuf_is_reference
                0x00009d2a        0xe contiki-sky.a(packetbuf.o)
                0x00009d2a                packetbuf_is_reference
 .text.packetbuf_reference_ptr
                0x00009d38        0x6 contiki-sky.a(packetbuf.o)
                0x00009d38                packetbuf_reference_ptr
 .text.packetbuf_datalen
                0x00009d3e        0x6 contiki-sky.a(packetbuf.o)
                0x00009d3e                packetbuf_datalen
 .text.packetbuf_totlen
                0x00009d44       0x10 contiki-sky.a(packetbuf.o)
                0x00009d44                packetbuf_totlen
 .text.packetbuf_hdralloc
                0x00009d54       0x2e contiki-sky.a(packetbuf.o)
                0x00009d54                packetbuf_hdralloc
 .text.packetbuf_attr_clear
                0x00009d82       0x32 contiki-sky.a(packetbuf.o)
                0x00009d82                packetbuf_attr_clear
 .text.packetbuf_clear
                0x00009db4       0x20 contiki-sky.a(packetbuf.o)
                0x00009db4                packetbuf_clear
 .text.packetbuf_copyfrom
                0x00009dd4       0x2e contiki-sky.a(packetbuf.o)
                0x00009dd4                packetbuf_copyfrom
 .text.packetbuf_attr_copyto
                0x00009e02       0x22 contiki-sky.a(packetbuf.o)
                0x00009e02                packetbuf_attr_copyto
 .text.packetbuf_attr_copyfrom
                0x00009e24       0x24 contiki-sky.a(packetbuf.o)
                0x00009e24                packetbuf_attr_copyfrom
 .text.queuebuf_init
                0x00009e48       0x1a contiki-sky.a(queuebuf.o)
                0x00009e48                queuebuf_init
 .text.queuebuf_new_from_packetbuf
                0x00009e62       0x80 contiki-sky.a(queuebuf.o)
                0x00009e62                queuebuf_new_from_packetbuf
 .text.queuebuf_update_attr_from_packetbuf
                0x00009ee2       0x12 contiki-sky.a(queuebuf.o)
                0x00009ee2                queuebuf_update_attr_from_packetbuf
 .text.queuebuf_free
                0x00009ef4       0x46 contiki-sky.a(queuebuf.o)
                0x00009ef4                queuebuf_free
 .text.queuebuf_to_packetbuf
                0x00009f3a       0x70 contiki-sky.a(queuebuf.o)
                0x00009f3a                queuebuf_to_packetbuf
 .text.queuebuf_attr
                0x00009faa        0xe contiki-sky.a(queuebuf.o)
                0x00009faa                queuebuf_attr
 .text.set_packet_attrs
                0x00009fb8       0x44 contiki-sky.a(sicslowpan.o)
 .text.addr_context_lookup_by_number
                0x00009ffc       0x36 contiki-sky.a(sicslowpan.o)
 .text.compress_addr_64
                0x0000a032       0x92 contiki-sky.a(sicslowpan.o)
 .text.uncompress_addr
                0x0000a0c4       0xae contiki-sky.a(sicslowpan.o)
 .text.input    0x0000a172      0x662 contiki-sky.a(sicslowpan.o)
 .text.sicslowpan_init
                0x0000a7d4       0x26 contiki-sky.a(sicslowpan.o)
                0x0000a7d4                sicslowpan_init
 .text.addr_context_lookup_by_prefix
                0x0000a7fa       0x4c contiki-sky.a(sicslowpan.o)
 .text.send_packet
                0x0000a846       0x1a contiki-sky.a(sicslowpan.o)
 .text.output   0x0000a860      0x6d2 contiki-sky.a(sicslowpan.o)
 .text.packet_sent
                0x0000af32       0x22 contiki-sky.a(sicslowpan.o)
 .text.reset_packet_input
                0x0000af54        0xa contiki-sky.a(tcpip.o)
                0x0000af54                reset_packet_input
 .text.start_periodic_tcp_timer
                0x0000af5e       0x16 contiki-sky.a(tcpip.o)
 .text.hand_off_backoff
                0x0000af74       0x16 contiki-sky.a(tcpip.o)
                0x0000af74                hand_off_backoff
 .text.tcpip_output
                0x0000af8a       0x10 contiki-sky.a(tcpip.o)
                0x0000af8a                tcpip_output
 .text.tcpip_set_outputfunc
                0x0000af9a        0x6 contiki-sky.a(tcpip.o)
                0x0000af9a                tcpip_set_outputfunc
 .text.udp_new  0x0000afa0       0x1a contiki-sky.a(tcpip.o)
                0x0000afa0                udp_new
 .text.tcpip_input
                0x0000afba       0x16 contiki-sky.a(tcpip.o)
                0x0000afba                tcpip_input
 .text.tcpip_ipv6_output
                0x0000afd0      0x166 contiki-sky.a(tcpip.o)
                0x0000afd0                tcpip_ipv6_output
 .text.process_thread_tcpip_process
                0x0000b136      0x22c contiki-sky.a(tcpip.o)
 .text.tcpip_uipcall
                0x0000b362       0x7c contiki-sky.a(tcpip.o)
                0x0000b362                tcpip_uipcall
 .text.uip_debug_ipaddr_print
                0x0000b3de       0x82 contiki-sky.a(uip-debug.o)
                0x0000b3de                uip_debug_ipaddr_print
 .text.uip_debug_lladdr_print
                0x0000b460       0x34 contiki-sky.a(uip-debug.o)
                0x0000b460                uip_debug_lladdr_print
 .text.call_route_callback
                0x0000b494       0x54 contiki-sky.a(uip-ds6-route.o)
 .text.uip_ds6_route_init
                0x0000b4e8       0x36 contiki-sky.a(uip-ds6-route.o)
                0x0000b4e8                uip_ds6_route_init
 .text.uip_ds6_route_nexthop
                0x0000b51e       0x16 contiki-sky.a(uip-ds6-route.o)
                0x0000b51e                uip_ds6_route_nexthop
 .text.uip_ds6_route_head
                0x0000b534        0xa contiki-sky.a(uip-ds6-route.o)
                0x0000b534                uip_ds6_route_head
 .text.uip_ds6_route_next
                0x0000b53e        0xc contiki-sky.a(uip-ds6-route.o)
                0x0000b53e                uip_ds6_route_next
 .text.uip_ds6_route_lookup
                0x0000b54a       0x72 contiki-sky.a(uip-ds6-route.o)
                0x0000b54a                uip_ds6_route_lookup
 .text.uip_ds6_route_rm
                0x0000b5bc       0xa4 contiki-sky.a(uip-ds6-route.o)
                0x0000b5bc                uip_ds6_route_rm
 .text.rm_routelist
                0x0000b660       0x34 contiki-sky.a(uip-ds6-route.o)
 .text.rm_routelist_callback
                0x0000b694        0x6 contiki-sky.a(uip-ds6-route.o)
 .text.uip_ds6_route_add
                0x0000b69a       0xf2 contiki-sky.a(uip-ds6-route.o)
                0x0000b69a                uip_ds6_route_add
 .text.uip_ds6_defrt_rm
                0x0000b78c       0x48 contiki-sky.a(uip-ds6-route.o)
                0x0000b78c                uip_ds6_defrt_rm
 .text.uip_ds6_defrt_lookup
                0x0000b7d4       0x36 contiki-sky.a(uip-ds6-route.o)
                0x0000b7d4                uip_ds6_defrt_lookup
 .text.uip_ds6_defrt_add
                0x0000b80a       0x74 contiki-sky.a(uip-ds6-route.o)
                0x0000b80a                uip_ds6_defrt_add
 .text.uip_ds6_defrt_choose
                0x0000b87e       0x3a contiki-sky.a(uip-ds6-route.o)
                0x0000b87e                uip_ds6_defrt_choose
 .text.uip_ds6_defrt_periodic
                0x0000b8b8       0x38 contiki-sky.a(uip-ds6-route.o)
                0x0000b8b8                uip_ds6_defrt_periodic
 .text.uip_ds6_nbr_rm
                0x0000b8f0       0x1a contiki-sky.a(uip-ds6-nbr.o)
                0x0000b8f0                uip_ds6_nbr_rm
 .text.uip_ds6_neighbors_init
                0x0000b90a        0xe contiki-sky.a(uip-ds6-nbr.o)
                0x0000b90a                uip_ds6_neighbors_init
 .text.uip_ds6_nbr_add
                0x0000b918       0x60 contiki-sky.a(uip-ds6-nbr.o)
                0x0000b918                uip_ds6_nbr_add
 .text.uip_ds6_nbr_get_ll
                0x0000b978        0xc contiki-sky.a(uip-ds6-nbr.o)
                0x0000b978                uip_ds6_nbr_get_ll
 .text.uip_ds6_nbr_lookup
                0x0000b984       0x40 contiki-sky.a(uip-ds6-nbr.o)
                0x0000b984                uip_ds6_nbr_lookup
 .text.uip_ds6_nbr_ll_lookup
                0x0000b9c4        0xc contiki-sky.a(uip-ds6-nbr.o)
                0x0000b9c4                uip_ds6_nbr_ll_lookup
 .text.uip_ds6_nbr_ipaddr_from_lladdr
                0x0000b9d0        0x6 contiki-sky.a(uip-ds6-nbr.o)
                0x0000b9d0                uip_ds6_nbr_ipaddr_from_lladdr
 .text.uip_ds6_nbr_lladdr_from_ipaddr
                0x0000b9d6       0x10 contiki-sky.a(uip-ds6-nbr.o)
                0x0000b9d6                uip_ds6_nbr_lladdr_from_ipaddr
 .text.uip_ds6_link_neighbor_callback
                0x0000b9e6       0x2a contiki-sky.a(uip-ds6-nbr.o)
                0x0000b9e6                uip_ds6_link_neighbor_callback
 .text.uip_ds6_neighbor_periodic
                0x0000ba10      0x114 contiki-sky.a(uip-ds6-nbr.o)
                0x0000ba10                uip_ds6_neighbor_periodic
 .text.uip_ds6_list_loop
                0x0000bb24       0x82 contiki-sky.a(uip-ds6.o)
                0x0000bb24                uip_ds6_list_loop
 .text.uip_ds6_prefix_add
                0x0000bba6       0x80 contiki-sky.a(uip-ds6.o)
                0x0000bba6                uip_ds6_prefix_add
 .text.uip_ds6_is_addr_onlink
                0x0000bc26       0x50 contiki-sky.a(uip-ds6.o)
                0x0000bc26                uip_ds6_is_addr_onlink
 .text.uip_ds6_addr_lookup
                0x0000bc76       0x2a contiki-sky.a(uip-ds6.o)
                0x0000bc76                uip_ds6_addr_lookup
 .text.uip_ds6_get_link_local
                0x0000bca0       0x3e contiki-sky.a(uip-ds6.o)
                0x0000bca0                uip_ds6_get_link_local
 .text.uip_ds6_maddr_add
                0x0000bcde       0x4c contiki-sky.a(uip-ds6.o)
                0x0000bcde                uip_ds6_maddr_add
 .text.uip_ds6_addr_add
                0x0000bd2a       0xca contiki-sky.a(uip-ds6.o)
                0x0000bd2a                uip_ds6_addr_add
 .text.uip_ds6_maddr_lookup
                0x0000bdf4       0x2a contiki-sky.a(uip-ds6.o)
                0x0000bdf4                uip_ds6_maddr_lookup
 .text.uip_ds6_addr_rm
                0x0000be1e       0x54 contiki-sky.a(uip-ds6.o)
                0x0000be1e                uip_ds6_addr_rm
 .text.uip_ds6_periodic
                0x0000be72       0x4a contiki-sky.a(uip-ds6.o)
                0x0000be72                uip_ds6_periodic
 .text.uip_ds6_set_addr_iid
                0x0000bebc       0x14 contiki-sky.a(uip-ds6.o)
                0x0000bebc                uip_ds6_set_addr_iid
 .text.get_match_length
                0x0000bed0       0x46 contiki-sky.a(uip-ds6.o)
                0x0000bed0                get_match_length
 .text.uip_ds6_select_src
                0x0000bf16       0xaa contiki-sky.a(uip-ds6.o)
                0x0000bf16                uip_ds6_select_src
 .text.uip_ds6_compute_reachable_time
                0x0000bfc0       0x4a contiki-sky.a(uip-ds6.o)
                0x0000bfc0                uip_ds6_compute_reachable_time
 .text.uip_ds6_init
                0x0000c00a      0x15a contiki-sky.a(uip-ds6.o)
                0x0000c00a                uip_ds6_init
 .text.uip_icmp6_echo_request_input
                0x0000c164      0x122 contiki-sky.a(uip-icmp6.o)
                0x0000c164                uip_icmp6_echo_request_input
 .text.uip_icmp6_error_output
                0x0000c286      0x16a contiki-sky.a(uip-icmp6.o)
                0x0000c286                uip_icmp6_error_output
 .text.uip_icmp6_send
                0x0000c3f0       0x94 contiki-sky.a(uip-icmp6.o)
                0x0000c3f0                uip_icmp6_send
 .text.create_llao
                0x0000c484       0x2c contiki-sky.a(uip-nd6.o)
 .text.uip_nd6_ns_input
                0x0000c4b0      0x236 contiki-sky.a(uip-nd6.o)
                0x0000c4b0                uip_nd6_ns_input
 .text.uip_nd6_ns_output
                0x0000c6e6      0x16c contiki-sky.a(uip-nd6.o)
                0x0000c6e6                uip_nd6_ns_output
 .text.uip_nd6_na_input
                0x0000c852      0x1b8 contiki-sky.a(uip-nd6.o)
                0x0000c852                uip_nd6_na_input
 .text.uip_udp_packet_send
                0x0000ca0a       0x2e contiki-sky.a(uip-udp-packet.)
                0x0000ca0a                uip_udp_packet_send
 .text.chksum   0x0000ca38       0x34 contiki-sky.a(uip6.o)
 .text.upper_layer_chksum
                0x0000ca6c       0x54 contiki-sky.a(uip6.o)
 .text.ext_hdr_options_process
                0x0000cac0       0xe0 contiki-sky.a(uip6.o)
 .text.uip_add32
                0x0000cba0       0x72 contiki-sky.a(uip6.o)
                0x0000cba0                uip_add32
 .text.uip_add_rcv_nxt
                0x0000cc12       0x2e contiki-sky.a(uip6.o)
 .text.uip_icmp6chksum
                0x0000cc40        0xa contiki-sky.a(uip6.o)
                0x0000cc40                uip_icmp6chksum
 .text.uip_tcpchksum
                0x0000cc4a        0xa contiki-sky.a(uip6.o)
                0x0000cc4a                uip_tcpchksum
 .text.uip_udpchksum
                0x0000cc54        0xa contiki-sky.a(uip6.o)
                0x0000cc54                uip_udpchksum
 .text.uip_init
                0x0000cc5e       0x6c contiki-sky.a(uip6.o)
                0x0000cc5e                uip_init
 .text.remove_ext_hdr
                0x0000ccca       0x58 contiki-sky.a(uip6.o)
                0x0000ccca                remove_ext_hdr
 .text.uip_udp_new
                0x0000cd22       0xee contiki-sky.a(uip6.o)
                0x0000cd22                uip_udp_new
 .text.uip_unlisten
                0x0000ce10       0x32 contiki-sky.a(uip6.o)
                0x0000ce10                uip_unlisten
 .text.uip_process
                0x0000ce42      0xedc contiki-sky.a(uip6.o)
                0x0000ce42                uip_process
 .text.uip_htonl
                0x0000dd1e       0x3e contiki-sky.a(uip6.o)
                0x0000dd1e                uip_htonl
 .text.init_platform
                0x0000dd5c        0xc contiki-sky.a(contiki-sky-pla)
                0x0000dd5c                init_platform
 .text.status   0x0000dd68       0x16 contiki-sky.a(button-sensor.o)
 .text.configure
                0x0000dd7e       0x4a contiki-sky.a(button-sensor.o)
 .text.value    0x0000ddc8       0x26 contiki-sky.a(button-sensor.o)
 .text.irq_p2   0x0000ddee       0x92 contiki-sky.a(button-sensor.o)
                0x0000ddee                irq_p2
                0x0000ddee                __isr_1
 .text.crc8_add
                0x0000de80       0x1a contiki-sky.a(ds2411.o)
 .text.owreadb  0x0000de9a       0x56 contiki-sky.a(ds2411.o)
 .text.ds2411_init
                0x0000def0      0x10a contiki-sky.a(ds2411.o)
                0x0000def0                ds2411_init
 .text.wait_ready
                0x0000dffa       0x4e contiki-sky.a(xmem.o)
 .text.xmem_init
                0x0000e048       0x3c contiki-sky.a(xmem.o)
                0x0000e048                xmem_init
 .text.xmem_pread
                0x0000e084       0xdc contiki-sky.a(xmem.o)
                0x0000e084                xmem_pread
 .text.node_id_restore
                0x0000e160       0x38 contiki-sky.a(node-id.o)
                0x0000e160                node_id_restore
 .text.get_sensor_index
                0x0000e198       0x22 contiki-sky.a(sensors.o)
 .text.process_thread_sensors_process
                0x0000e1ba       0xc2 contiki-sky.a(sensors.o)
 .text.sensors_changed
                0x0000e27c       0x14 contiki-sky.a(sensors.o)
                0x0000e27c                sensors_changed
 .text.strobe   0x0000e290       0x1e contiki-sky.a(cc2420.o)
 .text.status   0x0000e2ae       0x24 contiki-sky.a(cc2420.o)
 .text.getreg   0x0000e2d2       0x50 contiki-sky.a(cc2420.o)
 .text.setreg   0x0000e322       0x48 contiki-sky.a(cc2420.o)
 .text.set_txpower
                0x0000e36a       0x2a contiki-sky.a(cc2420.o)
 .text.cc2420_receiving_packet
                0x0000e394       0x10 contiki-sky.a(cc2420.o)
 .text.pending_packet
                0x0000e3a4        0x8 contiki-sky.a(cc2420.o)
 .text.on       0x0000e3ac       0x46 contiki-sky.a(cc2420.o)
 .text.flushrx  0x0000e3f2       0x74 contiki-sky.a(cc2420.o)
 .text.off      0x0000e466       0x78 contiki-sky.a(cc2420.o)
 .text.RELEASE_LOCK
                0x0000e4de       0x28 contiki-sky.a(cc2420.o)
 .text.cc2420_prepare
                0x0000e506       0x82 contiki-sky.a(cc2420.o)
 .text.cc2420_on
                0x0000e588       0x22 contiki-sky.a(cc2420.o)
                0x0000e588                cc2420_on
 .text.cc2420_off
                0x0000e5aa       0x30 contiki-sky.a(cc2420.o)
                0x0000e5aa                cc2420_off
 .text.cc2420_cca
                0x0000e5da       0x7a contiki-sky.a(cc2420.o)
 .text.getrxdata
                0x0000e654       0x4e contiki-sky.a(cc2420.o)
 .text.cc2420_read
                0x0000e6a2       0xe6 contiki-sky.a(cc2420.o)
 .text.process_thread_cc2420_process
                0x0000e788       0x50 contiki-sky.a(cc2420.o)
 .text.cc2420_set_channel
                0x0000e7d8       0x7a contiki-sky.a(cc2420.o)
                0x0000e7d8                cc2420_set_channel
 .text.cc2420_set_pan_addr
                0x0000e852      0x13a contiki-sky.a(cc2420.o)
                0x0000e852                cc2420_set_pan_addr
 .text.cc2420_interrupt
                0x0000e98c       0x20 contiki-sky.a(cc2420.o)
                0x0000e98c                cc2420_interrupt
 .text.cc2420_set_txpower
                0x0000e9ac        0xe contiki-sky.a(cc2420.o)
                0x0000e9ac                cc2420_set_txpower
 .text.cc2420_get_txpower
                0x0000e9ba       0x1e contiki-sky.a(cc2420.o)
                0x0000e9ba                cc2420_get_txpower
 .text.cc2420_transmit
                0x0000e9d8      0x1a4 contiki-sky.a(cc2420.o)
 .text.cc2420_send
                0x0000eb7c       0x12 contiki-sky.a(cc2420.o)
 .text.cc2420_set_cca_threshold
                0x0000eb8e       0x16 contiki-sky.a(cc2420.o)
                0x0000eb8e                cc2420_set_cca_threshold
 .text.cc2420_init
                0x0000eba4       0xdc contiki-sky.a(cc2420.o)
                0x0000eba4                cc2420_init
 .text.cc2420_port1_interrupt
                0x0000ec80       0x6a contiki-sky.a(cc2420-arch.o)
                0x0000ec80                __isr_4
                0x0000ec80                cc2420_port1_interrupt
 .text.cc2420_arch_init
                0x0000ecea       0x1a contiki-sky.a(cc2420-arch.o)
                0x0000ecea                cc2420_arch_init
 .text.uart1_active
                0x0000ed04       0x18 contiki-sky.a(uart1.o)
                0x0000ed04                uart1_active
 .text.uart1_writeb
                0x0000ed1c       0x1a contiki-sky.a(uart1.o)
                0x0000ed1c                uart1_writeb
 .text.uart1_init
                0x0000ed36       0xee contiki-sky.a(uart1.o)
                0x0000ed36                uart1_init
 .text.putchar  0x0000ee24        0xe contiki-sky.a(uart1-putchar.o)
                0x0000ee24                putchar
 .text.msp430_init_dco
                0x0000ee32       0x74 contiki-sky.a(msp430.o)
                0x0000ee32                msp430_init_dco
 .text.msp430_add_lpm_req
                0x0000eea6        0xa contiki-sky.a(msp430.o)
                0x0000eea6                msp430_add_lpm_req
 .text.msp430_cpu_init
                0x0000eeb0       0x2a contiki-sky.a(msp430.o)
                0x0000eeb0                msp430_cpu_init
 .text.splhigh_
                0x0000eeda        0x8 contiki-sky.a(msp430.o)
                0x0000eeda                splhigh_
 .text.msp430_sync_dco
                0x0000eee2       0x60 contiki-sky.a(msp430.o)
                0x0000eee2                msp430_sync_dco
 .text.timera1  0x0000ef42       0xee contiki-sky.a(clock.o)
                0x0000ef42                __isr_5
                0x0000ef42                timera1
 .text.clock_time
                0x0000f030       0x1a contiki-sky.a(clock.o)
                0x0000f030                clock_time
 .text.clock_init
                0x0000f04a       0x28 contiki-sky.a(clock.o)
                0x0000f04a                clock_init
 .text.clock_delay
                0x0000f072        0xc contiki-sky.a(clock.o)
                0x0000f072                clock_delay
 .text.clock_seconds
                0x0000f07e       0x1a contiki-sky.a(clock.o)
                0x0000f07e                clock_seconds
 .text.show_leds
                0x0000f098      0x10c contiki-sky.a(leds.o)
 .text.leds_init
                0x0000f1a4        0xe contiki-sky.a(leds.o)
                0x0000f1a4                leds_init
 .text.leds_on  0x0000f1b2       0x14 contiki-sky.a(leds.o)
                0x0000f1b2                leds_on
 .text.leds_off
                0x0000f1c6       0x14 contiki-sky.a(leds.o)
                0x0000f1c6                leds_off
 .text.leds_arch_init
                0x0000f1da        0xe contiki-sky.a(leds-arch.o)
                0x0000f1da                leds_arch_init
 .text.leds_arch_set
                0x0000f1e8       0x3a contiki-sky.a(leds-arch.o)
                0x0000f1e8                leds_arch_set
 .text.watchdog_interrupt
                0x0000f222        0x6 contiki-sky.a(watchdog.o)
                0x0000f222                __isr_10
                0x0000f222                watchdog_interrupt
 .text.watchdog_start
                0x0000f228       0x14 contiki-sky.a(watchdog.o)
                0x0000f228                watchdog_start
 .text.watchdog_periodic
                0x0000f23c       0x12 contiki-sky.a(watchdog.o)
                0x0000f23c                watchdog_periodic
 .text.watchdog_stop
                0x0000f24e       0x16 contiki-sky.a(watchdog.o)
                0x0000f24e                watchdog_stop
 .text.watchdog_init
                0x0000f264       0x14 contiki-sky.a(watchdog.o)
                0x0000f264                watchdog_init
 .text.rtimer_arch_init
                0x0000f278        0xe contiki-sky.a(rtimer-arch.o)
                0x0000f278                rtimer_arch_init
 .text.rtimer_arch_now
                0x0000f286        0xe contiki-sky.a(rtimer-arch.o)
                0x0000f286                rtimer_arch_now
 .text.timera0  0x0000f294       0x76 contiki-sky.a(rtimer-arch.o)
                0x0000f294                __isr_6
                0x0000f294                timera0
 .text.rtimer_arch_schedule
                0x0000f30a        0x6 contiki-sky.a(rtimer-arch.o)
                0x0000f30a                rtimer_arch_schedule
 .text.field_len
                0x0000f310       0x98 contiki-sky.a(frame802154.o)
 .text.frame802154_hdrlen
                0x0000f3a8       0x2e contiki-sky.a(frame802154.o)
                0x0000f3a8                frame802154_hdrlen
 .text.frame802154_create
                0x0000f3d6      0x16c contiki-sky.a(frame802154.o)
                0x0000f3d6                frame802154_create
 .text.frame802154_parse
                0x0000f542      0x19e contiki-sky.a(frame802154.o)
                0x0000f542                frame802154_parse
 .text.rpl_get_mode
                0x0000f6e0        0x6 contiki-sky.a(rpl.o)
                0x0000f6e0                rpl_get_mode
 .text.rpl_purge_routes
                0x0000f6e6       0x96 contiki-sky.a(rpl.o)
                0x0000f6e6                rpl_purge_routes
 .text.rpl_remove_routes
                0x0000f77c       0x22 contiki-sky.a(rpl.o)
                0x0000f77c                rpl_remove_routes
 .text.rpl_remove_routes_by_nexthop
                0x0000f79e       0x46 contiki-sky.a(rpl.o)
                0x0000f79e                rpl_remove_routes_by_nexthop
 .text.rpl_add_route
                0x0000f7e4       0x46 contiki-sky.a(rpl.o)
                0x0000f7e4                rpl_add_route
 .text.rpl_link_neighbor_callback
                0x0000f82a       0x6a contiki-sky.a(rpl.o)
                0x0000f82a                rpl_link_neighbor_callback
 .text.rpl_ipv6_neighbor_callback
                0x0000f894       0x1e contiki-sky.a(rpl.o)
                0x0000f894                rpl_ipv6_neighbor_callback
 .text.rpl_init
                0x0000f8b2       0x4e contiki-sky.a(rpl.o)
                0x0000f8b2                rpl_init
 .text.rpl_verify_header
                0x0000f900       0xae contiki-sky.a(rpl-ext-header.)
                0x0000f900                rpl_verify_header
 .text.rpl_update_header_empty
                0x0000f9ae       0xf8 contiki-sky.a(rpl-ext-header.)
                0x0000f9ae                rpl_update_header_empty
 .text.rpl_update_header_final
                0x0000faa6       0x84 contiki-sky.a(rpl-ext-header.)
                0x0000faa6                rpl_update_header_final
 .text.rpl_invert_header
                0x0000fb2a       0x5c contiki-sky.a(rpl-ext-header.)
                0x0000fb2a                rpl_invert_header
 .text.rpl_insert_header
                0x0000fb86       0x18 contiki-sky.a(rpl-ext-header.)
                0x0000fb86                rpl_insert_header
 .text.spi_init
                0x0000fb9e       0x32 contiki-sky.a(spi.o)
                0x0000fb9e                spi_init
 .text.libgcc   0x0000fbd0       0x20 /usr/lib/gcc/msp430/4.5.3/mmpy-16/libgcc.a(_mulsi3.o)
                0x0000fbd0                __mulsi3
 .text.libgcc   0x0000fbf0       0x1c /usr/lib/gcc/msp430/4.5.3/mmpy-16/libgcc.a(_udivmodqi4.o)
                0x0000fbf0                __udivmodqi4
 .text.libgcc   0x0000fc0c       0x1c /usr/lib/gcc/msp430/4.5.3/mmpy-16/libgcc.a(_udivmodhi4.o)
                0x0000fc0c                __udivmodhi4
 .text.libgcc   0x0000fc28       0x36 /usr/lib/gcc/msp430/4.5.3/mmpy-16/libgcc.a(_divmodhi4.o)
                0x0000fc28                __divmodhi4
 .text.libgcc   0x0000fc5e       0x2a /usr/lib/gcc/msp430/4.5.3/mmpy-16/libgcc.a(_udivmodsi4.o)
                0x0000fc5e                __udivmodsi4
 .text.crt0     0x0000fc88        0x2 /usr/lib/gcc/msp430/4.5.3/mmpy-16/libcrt0.a(_unexpected_.o)
                0x0000fc88                _unexpected_

.rodata         0x0000fc8a        0x0
                0x0000fc8a                . = ALIGN (0x2)
 *(.rodata .rodata.* .gnu.linkonce.r.*)
                0x0000fc8a                . = ALIGN (0x2)
                0x0000fc8a                _etext = .

.data           0x00001100       0xce load address 0x0000fc8a
                0x00001100                . = ALIGN (0x2)
                0x00001100                PROVIDE (__data_start, .)
 *(.data)
 .data          0x00001100        0x8 udp-server.co
                0x00001100                udp_server_process
 .data          0x00001108       0x18 contiki-sky.a(csma.o)
 .data          0x00001120        0x8 contiki-sky.a(rpl-dag.o)
 .data          0x00001128       0x12 contiki-sky.a(rpl-icmp6.o)
                0x00001128                multiple_dis_input
                0x00001130                wait_dios
 .data          0x0000113a        0xe contiki-sky.a(rpl-mrhof.o)
                0x0000113a                rpl_mrhof
 .data          0x00001148        0xa contiki-sky.a(rpl-unreachv2.o)
                0x00001148                counter
                0x0000114a                unreach_process
 .data          0x00001152        0x8 contiki-sky.a(etimer.o)
                0x00001152                etimer_process
 .data          0x0000115a        0x8 contiki-sky.a(ctimer.o)
                0x0000115a                ctimer_process
 .data          0x00001162        0x8 contiki-sky.a(nbr-table.o)
 .data          0x0000116a       0x18 contiki-sky.a(queuebuf.o)
 .data          0x00001182        0x8 contiki-sky.a(tcpip.o)
                0x00001182                tcpip_process
 .data          0x0000118a       0x20 contiki-sky.a(uip-ds6-route.o)
 .data          0x000011aa        0xa contiki-sky.a(uip-ds6-nbr.o)
                0x000011aa                ds6_neighbors
 .data          0x000011b4        0x4 contiki-sky.a(contiki-sky-pla)
                0x000011b4                sensors
 .data          0x000011b8        0x8 contiki-sky.a(sensors.o)
                0x000011b8                sensors_process
 .data          0x000011c0        0x8 contiki-sky.a(cc2420.o)
                0x000011c0                cc2420_process
 .data          0x000011c8        0x2 contiki-sky.a(msp430.o)
 .data          0x000011ca        0x4 /usr/lib/gcc/msp430/4.5.3/../../../../msp430/lib/mmpy-16/libc.a(rand.o)
 *(SORT(.data.*))
                0x000011ce                . = ALIGN (0x2)
 *(.gnu.linkonce.d*)
                0x000011ce                . = ALIGN (0x2)
                0x000011ce                _edata = .
                0x0000fc8a                PROVIDE (__data_load_start, LOADADDR (.data))
                0x000000ce                PROVIDE (__data_size, SIZEOF (.data))

.bss            0x000011ce     0x1e6e load address 0x0000fd58
                0x000011ce                PROVIDE (__bss_start, .)
 *(.bss)
 .bss           0x000011ce        0x6 udp-server.co
                0x000011ce                rssi_rec
                0x000011d0                rssi_packets
 .bss           0x000011d4        0xc obj_sky/contiki-sky-main.o
 .bss           0x000011e0        0x2 contiki-sky.a(framer-802154.o)
 .bss           0x000011e2       0xc4 contiki-sky.a(csma.o)
 .bss           0x000012a6      0x168 contiki-sky.a(rpl-dag.o)
 .bss           0x0000140e       0x80 contiki-sky.a(rpl-icmp6.o)
                0x0000140e                outputindex
                0x00001410                process_dis_input
 .bss           0x0000148e       0x1a contiki-sky.a(rpl-timers.o)
 .bss           0x000014a8       0x18 contiki-sky.a(rpl-mrhof.o)
 .bss           0x000014c0       0x1c contiki-sky.a(rpl-unreachv2.o)
 .bss           0x000014dc       0x42 contiki-sky.a(process.o)
                0x000014dc                process_list
                0x000014de                process_current
 .bss           0x0000151e        0x6 contiki-sky.a(etimer.o)
 .bss           0x00001524        0x4 contiki-sky.a(ctimer.o)
 .bss           0x00001528        0x2 contiki-sky.a(rtimer.o)
 .bss           0x0000152a      0x118 contiki-sky.a(nbr-table.o)
 .bss           0x00001642       0xba contiki-sky.a(packetbuf.o)
 .bss           0x000016fc      0x71e contiki-sky.a(queuebuf.o)
 .bss           0x00001e1a      0x124 contiki-sky.a(sicslowpan.o)
 .bss           0x00001f3e       0x6a contiki-sky.a(tcpip.o)
                0x00001f3e                mobility_flag
                0x00001f40                NO_DATA
                0x00001f42                test_unreachable
                0x00001f44                hand_off_backoff_flag
                0x00001f46                tcp_rssi
                0x00001f48                packet_input_count
 .bss           0x00001fa8      0x362 contiki-sky.a(uip-ds6-route.o)
 .bss           0x0000230a      0x2d0 contiki-sky.a(uip-ds6-nbr.o)
 .bss           0x000025da       0x18 contiki-sky.a(uip-ds6.o)
 .bss           0x000025f2       0x10 contiki-sky.a(uip-icmp6.o)
 .bss           0x00002602        0xa contiki-sky.a(uip-nd6.o)
 .bss           0x0000260c       0x10 contiki-sky.a(uip6.o)
                0x0000260c                uip_ext_bitmap
                0x0000260e                uip_ext_len
                0x00002610                uip_ext_opt_offset
 .bss           0x0000261c        0x8 contiki-sky.a(button-sensor.o)
 .bss           0x00002624        0x2 contiki-sky.a(node-id.o)
                0x00002624                node_id
 .bss           0x00002626        0x6 contiki-sky.a(sensors.o)
 .bss           0x0000262c        0xa contiki-sky.a(cc2420.o)
 .bss           0x00002636       0x9a contiki-sky.a(uart1.o)
 .bss           0x000026d0        0xa contiki-sky.a(clock.o)
 .bss           0x000026da        0x2 contiki-sky.a(leds.o)
 .bss           0x000026dc        0x2 contiki-sky.a(watchdog.o)
 .bss           0x000026de        0x2 contiki-sky.a(rpl.o)
 .bss           0x000026e0        0x4 /usr/lib/gcc/msp430/4.5.3/../../../../msp430/lib/mmpy-16/libc.a(sprintf.o)
 *(SORT(.bss.*))
 *(COMMON)
 COMMON         0x000026e4        0x4 udp-server.co
                0x000026e4                check_dao_ack
                0x000026e6                packets
 COMMON         0x000026e8        0x8 contiki-sky.a(rimeaddr.o)
                0x000026e8                rimeaddr_node_addr
 COMMON         0x000026f0       0xd4 contiki-sky.a(rpl-dag.o)
                0x000026f0                unreach_flag
                0x000026f2                default_instance
                0x000026f4                instance_table
 COMMON         0x000027c4      0x31e contiki-sky.a(rpl-icmp6.o)
                0x000027c4                dios
                0x00002990                dis_event
                0x00002992                best_parent_rssi
                0x00002994                p
                0x00002996                dio_addr
                0x00002998                wait_dios_event
                0x0000299a                best_parent_addr
                0x000029aa                fuzzy_output
                0x000029ac                dio
                0x00002a08                mf_hpc
                0x00002a0c                mf_ave_rssi
                0x00002a10                priority
                0x00002a12                fuzzy_quality_mf
                0x00002a2e                dom_hpc
                0x00002a30                mf_etx
                0x00002a34                peak_value_ouput_mf
                0x00002a6c                dom_rssi
                0x00002a6e                dao_period
                0x00002a82                best_parent_dio
                0x00002ade                dom_etx
                0x00002ae0                process_instance
 COMMON         0x00002ae2       0x11 contiki-sky.a(rpl-unreachv2.o)
                0x00002ae2                current_t
                0x00002ae6                dag
                0x00002ae8                instance
                0x00002aea                end
                0x00002aec                pref
                0x00002aee                reliable
                0x00002af0                rssi
                0x00002af2                unreach_event
 COMMON         0x00002af3        0x1 contiki-sky.a(process.o)
                0x00002af3                process_maxevents
 COMMON         0x00002af4       0x56 contiki-sky.a(energest.o)
                0x00002af4                energest_total_time
                0x00002b24                energest_total_count
                0x00002b26                energest_current_mode
                0x00002b32                energest_current_time
 COMMON         0x00002b4a       0x50 contiki-sky.a(packetbuf.o)
                0x00002b4a                packetbuf_addrs
                0x00002b6a                packetbuf_attrs
 COMMON         0x00002b9a        0x8 contiki-sky.a(sicslowpan.o)
                0x00002b9a                frag_sender
 COMMON         0x00002ba2        0xc contiki-sky.a(tcpip.o)
                0x00002ba2                number_of_childs
                0x00002ba4                rssi_sum
                0x00002ba6                end_time
                0x00002baa                tcpip_event
                0x00002bac                mobile_nodes
 COMMON         0x00002bae      0x15c contiki-sky.a(uip-ds6.o)
                0x00002bae                uip_ds6_timer_ra
                0x00002bb6                uip_ds6_if
                0x00002ca2                uip_ds6_netif_addr_list_offset
                0x00002ca3                uip_ds6_addr_size
                0x00002ca4                uip_ds6_prefix_list
                0x00002cfe                uip_ds6_timer_periodic
 COMMON         0x00002d0a      0x304 contiki-sky.a(uip6.o)
                0x00002d0a                uip_len
                0x00002d0c                uip_sappdata
                0x00002d0e                uip_acc32
                0x00002d12                uip_lladdr
                0x00002d1a                uip_aligned_buf
                0x00002e0a                uip_flags
                0x00002e0c                uip_next_hdr
                0x00002e0e                uip_udp_conn
                0x00002e10                uip_appdata
                0x00002e12                uip_conn
                0x00002e14                uip_conns
                0x00002ec4                uip_listenports
                0x00002ed4                uip_slen
                0x00002ed6                uip_udp_conns
 COMMON         0x0000300e        0x2 contiki-sky.a(contiki-sky-pla)
                0x0000300e                sensors_flags
 COMMON         0x00003010        0x8 contiki-sky.a(ds2411.o)
                0x00003010                ds2411_id
 COMMON         0x00003018        0x1 contiki-sky.a(sensors.o)
                0x00003018                sensors_event
 *fill*         0x00003019        0x1 00
 COMMON         0x0000301a       0x14 contiki-sky.a(cc2420.o)
                0x0000301a                cc2420_last_rssi
                0x0000301c                cc2420_packets_read
                0x0000301e                cc2420_packets_seen
                0x00003020                cc2420_sfd_start_time
                0x00003022                cc2420_time_of_departure
                0x00003024                cc2420_time_of_arrival
                0x00003026                cc2420_last_correlation
                0x00003028                cc2420_authority_level_of_sender
                0x0000302a                cc2420_sfd_counter
                0x0000302c                cc2420_sfd_end_time
 COMMON         0x0000302e        0x2 contiki-sky.a(msp430.o)
                0x0000302e                msp430_dco_required
 COMMON         0x00003030        0xc contiki-sky.a(rpl.o)
                0x00003030                rpl_stats
                0x0000303c                PROVIDE (__bss_end, .)
                0x0000303c                _end = .
                0x00001e6e                PROVIDE (__bss_size, SIZEOF (.bss))

.noinit         0x0000303c        0x0 load address 0x0000fd58
                0x0000303c                PROVIDE (__noinit_start, .)
 *(.noinit)
 *(.noinit.*)
 *(COMMON)
                0x0000303c                PROVIDE (__noinit_end, .)
                0x0000303c                _end = .

.infomem        0x00001000        0x0
 *(.infomem)
                0x00001000                . = ALIGN (0x2)
 *(.infomem.*)

.infomemnobits  0x00001000        0x0
                0x00001000                . = ALIGN (0x2)
 *(.infomemnobits)
                0x00001000                . = ALIGN (0x2)
 *(.infomemnobits.*)

.vectors        0x0000ffe0       0x20
                0x0000ffe0                PROVIDE (__vectors_start, .)
 *(.vectors*)
 .vectors       0x0000ffe0       0x20 /usr/lib/gcc/msp430/4.5.3/mmpy-16/crt0ivtbl16.o
                0x0000ffe0                __ivtbl_16
                0x00010000                _vectors_end = .

.fartext        0x00000000        0x0
                0x00000000                . = ALIGN (0x2)
 *(.fartext)
                0x00000000                . = ALIGN (0x2)
 *(.fartext.*)
                0x00000000                _efartext = .

.profiler
 *(.profiler)

.stab
 *(.stab)

.stabstr
 *(.stabstr)

.stab.excl
 *(.stab.excl)

.stab.exclstr
 *(.stab.exclstr)

.stab.index
 *(.stab.index)

.stab.indexstr
 *(.stab.indexstr)

.comment
 *(.comment)

.debug
 *(.debug)

.line
 *(.line)

.debug_srcinfo
 *(.debug_srcinfo)

.debug_sfnames
 *(.debug_sfnames)

.debug_aranges  0x00000000      0x190
 *(.debug_aranges)
 .debug_aranges
                0x00000000       0x14 /usr/lib/gcc/msp430/4.5.3/mmpy-16/libgcc.a(_mulsi3.o)
 .debug_aranges
                0x00000014       0x14 /usr/lib/gcc/msp430/4.5.3/mmpy-16/libgcc.a(_udivmodqi4.o)
 .debug_aranges
                0x00000028       0x14 /usr/lib/gcc/msp430/4.5.3/mmpy-16/libgcc.a(_udivmodhi4.o)
 .debug_aranges
                0x0000003c       0x14 /usr/lib/gcc/msp430/4.5.3/mmpy-16/libgcc.a(_divmodhi4.o)
 .debug_aranges
                0x00000050       0x14 /usr/lib/gcc/msp430/4.5.3/mmpy-16/libgcc.a(_udivmodsi4.o)
 .debug_aranges
                0x00000064       0x14 /usr/lib/gcc/msp430/4.5.3/../../../../msp430/lib/mmpy-16/libc.a(memcmp.o)
 .debug_aranges
                0x00000078       0x14 /usr/lib/gcc/msp430/4.5.3/../../../../msp430/lib/mmpy-16/libc.a(memcpy.o)
 .debug_aranges
                0x0000008c       0x14 /usr/lib/gcc/msp430/4.5.3/../../../../msp430/lib/mmpy-16/libc.a(memmove.o)
 .debug_aranges
                0x000000a0       0x14 /usr/lib/gcc/msp430/4.5.3/../../../../msp430/lib/mmpy-16/libc.a(memset.o)
 .debug_aranges
                0x000000b4       0x14 /usr/lib/gcc/msp430/4.5.3/../../../../msp430/lib/mmpy-16/libc.a(printf.o)
 .debug_aranges
                0x000000c8       0x14 /usr/lib/gcc/msp430/4.5.3/../../../../msp430/lib/mmpy-16/libc.a(sprintf.o)
 .debug_aranges
                0x000000dc       0x14 /usr/lib/gcc/msp430/4.5.3/../../../../msp430/lib/mmpy-16/libc.a(vuprintf.o)
 .debug_aranges
                0x000000f0       0x14 /usr/lib/gcc/msp430/4.5.3/../../../../msp430/lib/mmpy-16/libc.a(puts.o)
 .debug_aranges
                0x00000104       0x14 /usr/lib/gcc/msp430/4.5.3/../../../../msp430/lib/mmpy-16/libc.a(rand.o)
 .debug_aranges
                0x00000118       0x14 /usr/lib/gcc/msp430/4.5.3/mmpy-16/libcrt0.a(__init_stack.o)
 .debug_aranges
                0x0000012c       0x14 /usr/lib/gcc/msp430/4.5.3/mmpy-16/libcrt0.a(__low_level_init.o)
 .debug_aranges
                0x00000140       0x14 /usr/lib/gcc/msp430/4.5.3/mmpy-16/libcrt0.a(_copy_data.o)
 .debug_aranges
                0x00000154       0x14 /usr/lib/gcc/msp430/4.5.3/mmpy-16/libcrt0.a(_clear_bss.o)
 .debug_aranges
                0x00000168       0x14 /usr/lib/gcc/msp430/4.5.3/mmpy-16/libcrt0.a(_endless_loop__.o)
 .debug_aranges
                0x0000017c       0x14 /usr/lib/gcc/msp430/4.5.3/mmpy-16/libcrt0.a(_unexpected_.o)

.debug_pubnames
                0x00000000      0x14e
 *(.debug_pubnames)
 .debug_pubnames
                0x00000000       0x1d /usr/lib/gcc/msp430/4.5.3/../../../../msp430/lib/mmpy-16/libc.a(memcmp.o)
 .debug_pubnames
                0x0000001d       0x1d /usr/lib/gcc/msp430/4.5.3/../../../../msp430/lib/mmpy-16/libc.a(memcpy.o)
 .debug_pubnames
                0x0000003a       0x1e /usr/lib/gcc/msp430/4.5.3/../../../../msp430/lib/mmpy-16/libc.a(memmove.o)
 .debug_pubnames
                0x00000058       0x1d /usr/lib/gcc/msp430/4.5.3/../../../../msp430/lib/mmpy-16/libc.a(memset.o)
 .debug_pubnames
                0x00000075       0x29 /usr/lib/gcc/msp430/4.5.3/../../../../msp430/lib/mmpy-16/libc.a(printf.o)
 .debug_pubnames
                0x0000009e       0x46 /usr/lib/gcc/msp430/4.5.3/../../../../msp430/lib/mmpy-16/libc.a(sprintf.o)
 .debug_pubnames
                0x000000e4       0x1f /usr/lib/gcc/msp430/4.5.3/../../../../msp430/lib/mmpy-16/libc.a(vuprintf.o)
 .debug_pubnames
                0x00000103       0x1b /usr/lib/gcc/msp430/4.5.3/../../../../msp430/lib/mmpy-16/libc.a(puts.o)
 .debug_pubnames
                0x0000011e       0x30 /usr/lib/gcc/msp430/4.5.3/../../../../msp430/lib/mmpy-16/libc.a(rand.o)

.debug_info     0x00000000     0x158b
 *(.debug_info)
 .debug_info    0x00000000       0xd7 /usr/lib/gcc/msp430/4.5.3/mmpy-16/libgcc.a(_mulsi3.o)
 .debug_info    0x000000d7       0xd7 /usr/lib/gcc/msp430/4.5.3/mmpy-16/libgcc.a(_udivmodqi4.o)
 .debug_info    0x000001ae       0xd7 /usr/lib/gcc/msp430/4.5.3/mmpy-16/libgcc.a(_udivmodhi4.o)
 .debug_info    0x00000285       0xd7 /usr/lib/gcc/msp430/4.5.3/mmpy-16/libgcc.a(_divmodhi4.o)
 .debug_info    0x0000035c       0xd7 /usr/lib/gcc/msp430/4.5.3/mmpy-16/libgcc.a(_udivmodsi4.o)
 .debug_info    0x00000433       0xe2 /usr/lib/gcc/msp430/4.5.3/../../../../msp430/lib/mmpy-16/libc.a(memcmp.o)
 .debug_info    0x00000515      0x113 /usr/lib/gcc/msp430/4.5.3/../../../../msp430/lib/mmpy-16/libc.a(memcpy.o)
 .debug_info    0x00000628      0x113 /usr/lib/gcc/msp430/4.5.3/../../../../msp430/lib/mmpy-16/libc.a(memmove.o)
 .debug_info    0x0000073b       0xfe /usr/lib/gcc/msp430/4.5.3/../../../../msp430/lib/mmpy-16/libc.a(memset.o)
 .debug_info    0x00000839      0x103 /usr/lib/gcc/msp430/4.5.3/../../../../msp430/lib/mmpy-16/libc.a(printf.o)
 .debug_info    0x0000093c      0x277 /usr/lib/gcc/msp430/4.5.3/../../../../msp430/lib/mmpy-16/libc.a(sprintf.o)
 .debug_info    0x00000bb3      0x3b5 /usr/lib/gcc/msp430/4.5.3/../../../../msp430/lib/mmpy-16/libc.a(vuprintf.o)
 .debug_info    0x00000f68       0x96 /usr/lib/gcc/msp430/4.5.3/../../../../msp430/lib/mmpy-16/libc.a(puts.o)
 .debug_info    0x00000ffe      0x137 /usr/lib/gcc/msp430/4.5.3/../../../../msp430/lib/mmpy-16/libc.a(rand.o)
 .debug_info    0x00001135       0xb9 /usr/lib/gcc/msp430/4.5.3/mmpy-16/libcrt0.a(__init_stack.o)
 .debug_info    0x000011ee       0xb9 /usr/lib/gcc/msp430/4.5.3/mmpy-16/libcrt0.a(__low_level_init.o)
 .debug_info    0x000012a7       0xb9 /usr/lib/gcc/msp430/4.5.3/mmpy-16/libcrt0.a(_copy_data.o)
 .debug_info    0x00001360       0xb9 /usr/lib/gcc/msp430/4.5.3/mmpy-16/libcrt0.a(_clear_bss.o)
 .debug_info    0x00001419       0xb9 /usr/lib/gcc/msp430/4.5.3/mmpy-16/libcrt0.a(_endless_loop__.o)
 .debug_info    0x000014d2       0xb9 /usr/lib/gcc/msp430/4.5.3/mmpy-16/libcrt0.a(_unexpected_.o)
 *(.gnu.linkonce.wi.*)

.debug_abbrev   0x00000000      0x7fb
 *(.debug_abbrev)
 .debug_abbrev  0x00000000       0x14 /usr/lib/gcc/msp430/4.5.3/mmpy-16/libgcc.a(_mulsi3.o)
 .debug_abbrev  0x00000014       0x14 /usr/lib/gcc/msp430/4.5.3/mmpy-16/libgcc.a(_udivmodqi4.o)
 .debug_abbrev  0x00000028       0x14 /usr/lib/gcc/msp430/4.5.3/mmpy-16/libgcc.a(_udivmodhi4.o)
 .debug_abbrev  0x0000003c       0x14 /usr/lib/gcc/msp430/4.5.3/mmpy-16/libgcc.a(_divmodhi4.o)
 .debug_abbrev  0x00000050       0x14 /usr/lib/gcc/msp430/4.5.3/mmpy-16/libgcc.a(_udivmodsi4.o)
 .debug_abbrev  0x00000064       0x8a /usr/lib/gcc/msp430/4.5.3/../../../../msp430/lib/mmpy-16/libc.a(memcmp.o)
 .debug_abbrev  0x000000ee       0x97 /usr/lib/gcc/msp430/4.5.3/../../../../msp430/lib/mmpy-16/libc.a(memcpy.o)
 .debug_abbrev  0x00000185       0x97 /usr/lib/gcc/msp430/4.5.3/../../../../msp430/lib/mmpy-16/libc.a(memmove.o)
 .debug_abbrev  0x0000021c       0x8d /usr/lib/gcc/msp430/4.5.3/../../../../msp430/lib/mmpy-16/libc.a(memset.o)
 .debug_abbrev  0x000002a9       0xce /usr/lib/gcc/msp430/4.5.3/../../../../msp430/lib/mmpy-16/libc.a(printf.o)
 .debug_abbrev  0x00000377      0x105 /usr/lib/gcc/msp430/4.5.3/../../../../msp430/lib/mmpy-16/libc.a(sprintf.o)
 .debug_abbrev  0x0000047c      0x1cb /usr/lib/gcc/msp430/4.5.3/../../../../msp430/lib/mmpy-16/libc.a(vuprintf.o)
 .debug_abbrev  0x00000647       0x60 /usr/lib/gcc/msp430/4.5.3/../../../../msp430/lib/mmpy-16/libc.a(puts.o)
 .debug_abbrev  0x000006a7       0xdc /usr/lib/gcc/msp430/4.5.3/../../../../msp430/lib/mmpy-16/libc.a(rand.o)
 .debug_abbrev  0x00000783       0x14 /usr/lib/gcc/msp430/4.5.3/mmpy-16/libcrt0.a(__init_stack.o)
 .debug_abbrev  0x00000797       0x14 /usr/lib/gcc/msp430/4.5.3/mmpy-16/libcrt0.a(__low_level_init.o)
 .debug_abbrev  0x000007ab       0x14 /usr/lib/gcc/msp430/4.5.3/mmpy-16/libcrt0.a(_copy_data.o)
 .debug_abbrev  0x000007bf       0x14 /usr/lib/gcc/msp430/4.5.3/mmpy-16/libcrt0.a(_clear_bss.o)
 .debug_abbrev  0x000007d3       0x14 /usr/lib/gcc/msp430/4.5.3/mmpy-16/libcrt0.a(_endless_loop__.o)
 .debug_abbrev  0x000007e7       0x14 /usr/lib/gcc/msp430/4.5.3/mmpy-16/libcrt0.a(_unexpected_.o)

.debug_line     0x00000000      0xc96
 *(.debug_line)
 .debug_line    0x00000000       0x9d /usr/lib/gcc/msp430/4.5.3/mmpy-16/libgcc.a(_mulsi3.o)
 .debug_line    0x0000009d       0x9a /usr/lib/gcc/msp430/4.5.3/mmpy-16/libgcc.a(_udivmodqi4.o)
 .debug_line    0x00000137       0x9a /usr/lib/gcc/msp430/4.5.3/mmpy-16/libgcc.a(_udivmodhi4.o)
 .debug_line    0x000001d1       0xa5 /usr/lib/gcc/msp430/4.5.3/mmpy-16/libgcc.a(_divmodhi4.o)
 .debug_line    0x00000276       0xa1 /usr/lib/gcc/msp430/4.5.3/mmpy-16/libgcc.a(_udivmodsi4.o)
 .debug_line    0x00000317       0x7c /usr/lib/gcc/msp430/4.5.3/../../../../msp430/lib/mmpy-16/libc.a(memcmp.o)
 .debug_line    0x00000393       0xf3 /usr/lib/gcc/msp430/4.5.3/../../../../msp430/lib/mmpy-16/libc.a(memcpy.o)
 .debug_line    0x00000486       0xf3 /usr/lib/gcc/msp430/4.5.3/../../../../msp430/lib/mmpy-16/libc.a(memmove.o)
 .debug_line    0x00000579       0xbd /usr/lib/gcc/msp430/4.5.3/../../../../msp430/lib/mmpy-16/libc.a(memset.o)
 .debug_line    0x00000636       0x72 /usr/lib/gcc/msp430/4.5.3/../../../../msp430/lib/mmpy-16/libc.a(printf.o)
 .debug_line    0x000006a8       0x9c /usr/lib/gcc/msp430/4.5.3/../../../../msp430/lib/mmpy-16/libc.a(sprintf.o)
 .debug_line    0x00000744      0x198 /usr/lib/gcc/msp430/4.5.3/../../../../msp430/lib/mmpy-16/libc.a(vuprintf.o)
 .debug_line    0x000008dc       0x4d /usr/lib/gcc/msp430/4.5.3/../../../../msp430/lib/mmpy-16/libc.a(puts.o)
 .debug_line    0x00000929       0x52 /usr/lib/gcc/msp430/4.5.3/../../../../msp430/lib/mmpy-16/libc.a(rand.o)
 .debug_line    0x0000097b       0x82 /usr/lib/gcc/msp430/4.5.3/mmpy-16/libcrt0.a(__init_stack.o)
 .debug_line    0x000009fd       0x84 /usr/lib/gcc/msp430/4.5.3/mmpy-16/libcrt0.a(__low_level_init.o)
 .debug_line    0x00000a81       0x88 /usr/lib/gcc/msp430/4.5.3/mmpy-16/libcrt0.a(_copy_data.o)
 .debug_line    0x00000b09       0x88 /usr/lib/gcc/msp430/4.5.3/mmpy-16/libcrt0.a(_clear_bss.o)
 .debug_line    0x00000b91       0x83 /usr/lib/gcc/msp430/4.5.3/mmpy-16/libcrt0.a(_endless_loop__.o)
 .debug_line    0x00000c14       0x82 /usr/lib/gcc/msp430/4.5.3/mmpy-16/libcrt0.a(_unexpected_.o)

.debug_frame    0x00000000      0x246
 *(.debug_frame)
 .debug_frame   0x00000000       0x28 /usr/lib/gcc/msp430/4.5.3/../../../../msp430/lib/mmpy-16/libc.a(memcmp.o)
 .debug_frame   0x00000028       0x32 /usr/lib/gcc/msp430/4.5.3/../../../../msp430/lib/mmpy-16/libc.a(memcpy.o)
 .debug_frame   0x0000005a       0x32 /usr/lib/gcc/msp430/4.5.3/../../../../msp430/lib/mmpy-16/libc.a(memmove.o)
 .debug_frame   0x0000008c       0x32 /usr/lib/gcc/msp430/4.5.3/../../../../msp430/lib/mmpy-16/libc.a(memset.o)
 .debug_frame   0x000000be       0x2a /usr/lib/gcc/msp430/4.5.3/../../../../msp430/lib/mmpy-16/libc.a(printf.o)
 .debug_frame   0x000000e8       0x68 /usr/lib/gcc/msp430/4.5.3/../../../../msp430/lib/mmpy-16/libc.a(sprintf.o)
 .debug_frame   0x00000150       0x82 /usr/lib/gcc/msp430/4.5.3/../../../../msp430/lib/mmpy-16/libc.a(vuprintf.o)
 .debug_frame   0x000001d2       0x24 /usr/lib/gcc/msp430/4.5.3/../../../../msp430/lib/mmpy-16/libc.a(puts.o)
 .debug_frame   0x000001f6       0x50 /usr/lib/gcc/msp430/4.5.3/../../../../msp430/lib/mmpy-16/libc.a(rand.o)

.debug_str      0x00000000      0x361
 *(.debug_str)
 .debug_str     0x00000000       0x99 /usr/lib/gcc/msp430/4.5.3/../../../../msp430/lib/mmpy-16/libc.a(memcmp.o)
                                 0xd2 (size before relaxing)
 .debug_str     0x00000099       0x34 /usr/lib/gcc/msp430/4.5.3/../../../../msp430/lib/mmpy-16/libc.a(memcpy.o)
                                 0xed (size before relaxing)
 .debug_str     0x000000cd       0x1b /usr/lib/gcc/msp430/4.5.3/../../../../msp430/lib/mmpy-16/libc.a(memmove.o)
                                 0xef (size before relaxing)
 .debug_str     0x000000e8       0x26 /usr/lib/gcc/msp430/4.5.3/../../../../msp430/lib/mmpy-16/libc.a(memset.o)
                                 0xeb (size before relaxing)
 .debug_str     0x0000010e       0x40 /usr/lib/gcc/msp430/4.5.3/../../../../msp430/lib/mmpy-16/libc.a(printf.o)
                                0x101 (size before relaxing)
 .debug_str     0x0000014e       0x6e /usr/lib/gcc/msp430/4.5.3/../../../../msp430/lib/mmpy-16/libc.a(sprintf.o)
                                0x166 (size before relaxing)
 .debug_str     0x000001bc      0x161 /usr/lib/gcc/msp430/4.5.3/../../../../msp430/lib/mmpy-16/libc.a(vuprintf.o)
                                0x25d (size before relaxing)
 .debug_str     0x0000031d       0x15 /usr/lib/gcc/msp430/4.5.3/../../../../msp430/lib/mmpy-16/libc.a(puts.o)
                                 0xc7 (size before relaxing)
 .debug_str     0x00000332       0x2f /usr/lib/gcc/msp430/4.5.3/../../../../msp430/lib/mmpy-16/libc.a(rand.o)
                                 0xe6 (size before relaxing)

.debug_loc      0x00000000      0xb1a
 *(.debug_loc)
 .debug_loc     0x00000000       0x59 /usr/lib/gcc/msp430/4.5.3/../../../../msp430/lib/mmpy-16/libc.a(memcmp.o)
 .debug_loc     0x00000059      0x1d6 /usr/lib/gcc/msp430/4.5.3/../../../../msp430/lib/mmpy-16/libc.a(memcpy.o)
 .debug_loc     0x0000022f      0x1d6 /usr/lib/gcc/msp430/4.5.3/../../../../msp430/lib/mmpy-16/libc.a(memmove.o)
 .debug_loc     0x00000405       0xeb /usr/lib/gcc/msp430/4.5.3/../../../../msp430/lib/mmpy-16/libc.a(memset.o)
 .debug_loc     0x000004f0       0x24 /usr/lib/gcc/msp430/4.5.3/../../../../msp430/lib/mmpy-16/libc.a(printf.o)
 .debug_loc     0x00000514       0xeb /usr/lib/gcc/msp430/4.5.3/../../../../msp430/lib/mmpy-16/libc.a(sprintf.o)
 .debug_loc     0x000005ff      0x49c /usr/lib/gcc/msp430/4.5.3/../../../../msp430/lib/mmpy-16/libc.a(vuprintf.o)
 .debug_loc     0x00000a9b       0x2d /usr/lib/gcc/msp430/4.5.3/../../../../msp430/lib/mmpy-16/libc.a(puts.o)
 .debug_loc     0x00000ac8       0x52 /usr/lib/gcc/msp430/4.5.3/../../../../msp430/lib/mmpy-16/libc.a(rand.o)

.debug_macinfo
 *(.debug_macinfo)

.debug_pubtypes
                0x00000000      0x182
 *(.debug_pubtypes)
 .debug_pubtypes
                0x00000000       0x1d /usr/lib/gcc/msp430/4.5.3/../../../../msp430/lib/mmpy-16/libc.a(memcmp.o)
 .debug_pubtypes
                0x0000001d       0x26 /usr/lib/gcc/msp430/4.5.3/../../../../msp430/lib/mmpy-16/libc.a(memcpy.o)
 .debug_pubtypes
                0x00000043       0x26 /usr/lib/gcc/msp430/4.5.3/../../../../msp430/lib/mmpy-16/libc.a(memmove.o)
 .debug_pubtypes
                0x00000069       0x32 /usr/lib/gcc/msp430/4.5.3/../../../../msp430/lib/mmpy-16/libc.a(memset.o)
 .debug_pubtypes
                0x0000009b       0x31 /usr/lib/gcc/msp430/4.5.3/../../../../msp430/lib/mmpy-16/libc.a(printf.o)
 .debug_pubtypes
                0x000000cc       0x3c /usr/lib/gcc/msp430/4.5.3/../../../../msp430/lib/mmpy-16/libc.a(sprintf.o)
 .debug_pubtypes
                0x00000108       0x56 /usr/lib/gcc/msp430/4.5.3/../../../../msp430/lib/mmpy-16/libc.a(vuprintf.o)
 .debug_pubtypes
                0x0000015e       0x12 /usr/lib/gcc/msp430/4.5.3/../../../../msp430/lib/mmpy-16/libc.a(puts.o)
 .debug_pubtypes
                0x00000170       0x12 /usr/lib/gcc/msp430/4.5.3/../../../../msp430/lib/mmpy-16/libc.a(rand.o)

.debug_ranges   0x00000000        0xc
 *(.debug_ranges)