Archive member included because of file (symbol)

contiki-sky.a(rimeaddr.o)     obj_sky/contiki-sky-main.o (rimeaddr_copy)
contiki-sky.a(nullrdc.o)      obj_sky/contiki-sky-main.o (nullrdc_driver)
contiki-sky.a(mac.o)          contiki-sky.a(nullrdc.o) (mac_call_sent_callback)
contiki-sky.a(framer-802154.o)
                              contiki-sky.a(nullrdc.o) (framer_802154)
contiki-sky.a(csma.o)         udp-forwarder.co (csma_driver)
contiki-sky.a(mac-sequence.o)
                              contiki-sky.a(nullrdc.o) (mac_sequence_is_duplicate)
contiki-sky.a(process.o)      udp-forwarder.co (process_current)
contiki-sky.a(autostart.o)    obj_sky/contiki-sky-main.o (autostart_start)
contiki-sky.a(memb.o)         contiki-sky.a(csma.o) (memb_init)
contiki-sky.a(timer.o)        obj_sky/contiki-sky-main.o (timer_set)
contiki-sky.a(list.o)         contiki-sky.a(csma.o) (list_init)
contiki-sky.a(etimer.o)       obj_sky/contiki-sky-main.o (etimer_process)
contiki-sky.a(ctimer.o)       obj_sky/contiki-sky-main.o (ctimer_init)
contiki-sky.a(energest.o)     obj_sky/contiki-sky-main.o (energest_init)
contiki-sky.a(rtimer.o)       obj_sky/contiki-sky-main.o (rtimer_init)
contiki-sky.a(random.o)       obj_sky/contiki-sky-main.o (random_init)
contiki-sky.a(packetbuf.o)    contiki-sky.a(framer-802154.o) (packetbuf_hdrreduce)
contiki-sky.a(queuebuf.o)     obj_sky/contiki-sky-main.o (queuebuf_init)
contiki-sky.a(sicslowpan.o)   obj_sky/contiki-sky-main.o (sicslowpan_driver)
contiki-sky.a(tcpip.o)        contiki-sky.a(sicslowpan.o) (tcpip_set_outputfunc)
contiki-sky.a(uip-ds6-route.o)
                              contiki-sky.a(tcpip.o) (uip_ds6_route_nexthop)
contiki-sky.a(uip-ds6-nbr.o)  contiki-sky.a(tcpip.o) (uip_ds6_nbr_add)
contiki-sky.a(uip-ds6.o)      contiki-sky.a(tcpip.o) (uip_ds6_is_addr_onlink)
contiki-sky.a(uip-nd6.o)      contiki-sky.a(tcpip.o) (uip_nd6_ns_output)
contiki-sky.a(uip6.o)         contiki-sky.a(sicslowpan.o) (uip_aligned_buf)
contiki-sky.a(contiki-sky-pla)
                              obj_sky/contiki-sky-main.o (init_platform)
contiki-sky.a(button-sensor.o)
                              contiki-sky.a(contiki-sky-pla) (button_sensor)
contiki-sky.a(ds2411.o)       obj_sky/contiki-sky-main.o (ds2411_init)
contiki-sky.a(xmem.o)         obj_sky/contiki-sky-main.o (xmem_init)
contiki-sky.a(node-id.o)      obj_sky/contiki-sky-main.o (node_id_restore)
contiki-sky.a(sensors.o)      contiki-sky.a(button-sensor.o) (sensors_changed)
contiki-sky.a(cc2420.o)       obj_sky/contiki-sky-main.o (cc2420_set_pan_addr)
contiki-sky.a(cc2420-arch.o)  contiki-sky.a(cc2420.o) (cc2420_arch_init)
contiki-sky.a(uart1.o)        obj_sky/contiki-sky-main.o (uart1_active)
contiki-sky.a(uart1-putchar.o)
                              obj_sky/contiki-sky-main.o (putchar)
contiki-sky.a(msp430.o)       contiki-sky.a(uart1.o) (msp430_add_lpm_req)
contiki-sky.a(clock.o)        contiki-sky.a(timer.o) (clock_time)
contiki-sky.a(leds.o)         obj_sky/contiki-sky-main.o (leds_init)
contiki-sky.a(leds-arch.o)    contiki-sky.a(leds.o) (leds_arch_init)
contiki-sky.a(watchdog.o)     obj_sky/contiki-sky-main.o (watchdog_start)
contiki-sky.a(rtimer-arch.o)  contiki-sky.a(rtimer.o) (rtimer_arch_init)
contiki-sky.a(frame802154.o)  contiki-sky.a(framer-802154.o) (frame802154_hdrlen)
contiki-sky.a(rpl.o)          contiki-sky.a(uip-ds6-nbr.o) (rpl_link_neighbor_callback)
contiki-sky.a(rpl-dag.o)      contiki-sky.a(rpl.o) (rpl_dag_init)
contiki-sky.a(rpl-icmp6.o)    contiki-sky.a(tcpip.o) (dis_output)
contiki-sky.a(rpl-timers.o)   contiki-sky.a(rpl-icmp6.o) (new_dio_interval)
contiki-sky.a(rpl-mrhof.o)    contiki-sky.a(rpl-dag.o) (rpl_mrhof)
contiki-sky.a(rpl-ext-header.)
                              contiki-sky.a(uip6.o) (rpl_verify_header)
contiki-sky.a(rpl-unreachv2.o)
                              contiki-sky.a(rpl-mrhof.o) (rpl_unreach)
contiki-sky.a(stimer.o)       contiki-sky.a(tcpip.o) (stimer_set)
contiki-sky.a(nbr-table.o)    contiki-sky.a(uip-ds6-route.o) (nbr_table_register)
contiki-sky.a(uip-debug.o)    contiki-sky.a(uip-ds6-route.o) (uip_debug_ipaddr_print)
contiki-sky.a(uip-icmp6.o)    contiki-sky.a(uip6.o) (uip_icmp6_echo_request_input)
contiki-sky.a(spi.o)          contiki-sky.a(xmem.o) (spi_init)
/usr/lib/gcc/msp430/4.5.3/mmpy-16/libgcc.a(_mulsi3.o)
                              contiki-sky.a(csma.o) (__mulsi3)
/usr/lib/gcc/msp430/4.5.3/mmpy-16/libgcc.a(_udivmodqi4.o)
                              contiki-sky.a(rpl-icmp6.o) (__udivmodqi4)
/usr/lib/gcc/msp430/4.5.3/mmpy-16/libgcc.a(_udivmodhi4.o)
                              contiki-sky.a(rpl-dag.o) (__udivmodhi4)
/usr/lib/gcc/msp430/4.5.3/mmpy-16/libgcc.a(_divmodhi4.o)
                              contiki-sky.a(tcpip.o) (__divmodhi4)
/usr/lib/gcc/msp430/4.5.3/mmpy-16/libgcc.a(_udivmodsi4.o)
                              obj_sky/contiki-sky-main.o (__udivmodsi4)
/usr/lib/gcc/msp430/4.5.3/../../../../msp430/lib/mmpy-16/libc.a(strncmp.o)
[...]
Memory Configuration

Name             Origin             Length             Attributes
sfr              0x00000000         0x00000010
peripheral_8bit  0x00000010         0x000000f0
peripheral_16bit 0x00000100         0x00000100
infomem          0x00001000         0x00000100
infob            0x00001000         0x00000080
infoa            0x00001080         0x00000080
ram              0x00001100         0x00002800         xw
rom              0x00004000         0x0000bfe0         xr
vectors          0x0000ffe0         0x00000020
bsl              0x00000000         0x00000000
infoc            0x00000000         0x00000000
infod            0x00000000         0x00000000
far_rom          0x00000000         0x00000000
*default*        0x00000000         0xffffffff

Linker script and memory map

LOAD /usr/lib/gcc/msp430/4.5.3/mmpy-16/crt0ivtbl16.o
LOAD udp-forwarder.co
LOAD obj_sky/contiki-sky-main.o
LOAD contiki-sky.a
LOAD /usr/lib/gcc/msp430/4.5.3/mmpy-16/libgcc.a
LOAD /usr/lib/gcc/msp430/4.5.3/../../../../msp430/lib/mmpy-16/libc.a
LOAD /usr/lib/gcc/msp430/4.5.3/mmpy-16/libgcc.a
LOAD /usr/lib/gcc/msp430/4.5.3/mmpy-16/libcrt0.a
                0x00000000                __IE1 = 0x0
                0x00000002                __IFG1 = 0x2
                0x00000004                __ME1 = 0x4
                0x00000001                __IE2 = 0x1
                0x00000003                __IFG2 = 0x3
                0x00000005                __ME2 = 0x5
                0x00000120                __WDTCTL = 0x120
                0x00000130                __MPY = 0x130
                0x00000132                __MPYS = 0x132
                0x00000134                __MAC = 0x134
                0x00000136                __MACS = 0x136
                0x00000138                __OP2 = 0x138
                0x0000013a                __RESLO = 0x13a
                0x0000013c                __RESHI = 0x13c
                0x0000013e                __SUMEXT = 0x13e
                0x00000020                __P1IN = 0x20
                0x00000021                __P1OUT = 0x21
                0x00000022                __P1DIR = 0x22
                0x00000023                __P1IFG = 0x23
                0x00000024                __P1IES = 0x24
                0x00000025                __P1IE = 0x25
                0x00000026                __P1SEL = 0x26
                0x00000028                __P2IN = 0x28
                0x00000029                __P2OUT = 0x29
                0x0000002a                __P2DIR = 0x2a
                0x0000002b                __P2IFG = 0x2b
                0x0000002c                __P2IES = 0x2c
                0x0000002d                __P2IE = 0x2d
                0x0000002e                __P2SEL = 0x2e
                0x00000018                __P3IN = 0x18
                0x00000019                __P3OUT = 0x19
                0x0000001a                __P3DIR = 0x1a
                0x0000001b                __P3SEL = 0x1b
                0x0000001c                __P4IN = 0x1c
                0x0000001d                __P4OUT = 0x1d
                0x0000001e                __P4DIR = 0x1e
                0x0000001f                __P4SEL = 0x1f
                0x00000030                __P5IN = 0x30
                0x00000031                __P5OUT = 0x31
                0x00000032                __P5DIR = 0x32
                0x00000033                __P5SEL = 0x33
                0x00000034                __P6IN = 0x34
                0x00000035                __P6OUT = 0x35
                0x00000036                __P6DIR = 0x36
                0x00000037                __P6SEL = 0x37
                0x00000070                __U0CTL = 0x70
                0x00000071                __U0TCTL = 0x71
                0x00000072                __U0RCTL = 0x72
                0x00000073                __U0MCTL = 0x73
                0x00000074                __U0BR0 = 0x74
                0x00000075                __U0BR1 = 0x75
                0x00000076                __U0RXBUF = 0x76
                0x00000077                __U0TXBUF = 0x77
                0x00000078                __U1CTL = 0x78
                0x00000079                __U1TCTL = 0x79
                0x0000007a                __U1RCTL = 0x7a
                0x0000007b                __U1MCTL = 0x7b
                0x0000007c                __U1BR0 = 0x7c
                0x0000007d                __U1BR1 = 0x7d
                0x0000007e                __U1RXBUF = 0x7e
                0x0000007f                __U1TXBUF = 0x7f
                0x00000050                __I2CIE = 0x50
                0x00000051                __I2CIFG = 0x51
                0x00000052                __I2CNDAT = 0x52
                0x00000071                __I2CTCTL = 0x71
                0x00000072                __I2CDCTL = 0x72
                0x00000073                __I2CPSC = 0x73
                0x00000074                __I2CSCLH = 0x74
                0x00000075                __I2CSCLL = 0x75
                0x00000076                __I2CDRB = 0x76
                0x00000076                __I2CDRW = 0x76
                0x00000118                __I2COA = 0x118
                0x0000011a                __I2CSA = 0x11a
                0x0000011c                __I2CIV = 0x11c
                0x0000012e                __TAIV = 0x12e
                0x00000160                __TACTL = 0x160
                0x00000162                __TACCTL0 = 0x162
                0x00000164                __TACCTL1 = 0x164
                0x00000166                __TACCTL2 = 0x166
                0x00000170                __TAR = 0x170
                0x00000172                __TACCR0 = 0x172
                0x00000174                __TACCR1 = 0x174
                0x00000176                __TACCR2 = 0x176
                0x0000011e                __TBIV = 0x11e
                0x00000180                __TBCTL = 0x180
                0x00000182                __TBCCTL0 = 0x182
                0x00000184                __TBCCTL1 = 0x184
                0x00000186                __TBCCTL2 = 0x186
                0x00000188                __TBCCTL3 = 0x188
                0x0000018a                __TBCCTL4 = 0x18a
                0x0000018c                __TBCCTL5 = 0x18c
                0x0000018e                __TBCCTL6 = 0x18e
                0x00000190                __TBR = 0x190
                0x00000192                __TBCCR0 = 0x192
                0x00000194                __TBCCR1 = 0x194
                0x00000196                __TBCCR2 = 0x196
                0x00000198                __TBCCR3 = 0x198
                0x0000019a                __TBCCR4 = 0x19a
                0x0000019c                __TBCCR5 = 0x19c
                0x0000019e                __TBCCR6 = 0x19e
                0x00000056                __DCOCTL = 0x56
                0x00000057                __BCSCTL1 = 0x57
                0x00000058                __BCSCTL2 = 0x58
                0x00000055                __SVSCTL = 0x55
                0x00000128                __FCTL1 = 0x128
                0x0000012a                __FCTL2 = 0x12a
                0x0000012c                __FCTL3 = 0x12c
                0x00000059                __CACTL1 = 0x59
                0x0000005a                __CACTL2 = 0x5a
                0x0000005b                __CAPD = 0x5b
                0x000001a0                __ADC12CTL0 = 0x1a0
                0x000001a2                __ADC12CTL1 = 0x1a2
                0x000001a4                __ADC12IFG = 0x1a4
                0x000001a6                __ADC12IE = 0x1a6
                0x000001a8                __ADC12IV = 0x1a8
                0x00000140                __ADC12MEM0 = 0x140
                0x00000142                __ADC12MEM1 = 0x142
                0x00000144                __ADC12MEM2 = 0x144
                0x00000146                __ADC12MEM3 = 0x146
                0x00000148                __ADC12MEM4 = 0x148
                0x0000014a                __ADC12MEM5 = 0x14a
                0x0000014c                __ADC12MEM6 = 0x14c
                0x0000014e                __ADC12MEM7 = 0x14e
                0x00000150                __ADC12MEM8 = 0x150
                0x00000152                __ADC12MEM9 = 0x152
                0x00000154                __ADC12MEM10 = 0x154
                0x00000156                __ADC12MEM11 = 0x156
                0x00000158                __ADC12MEM12 = 0x158
                0x0000015a                __ADC12MEM13 = 0x15a
                0x0000015c                __ADC12MEM14 = 0x15c
                0x0000015e                __ADC12MEM15 = 0x15e
                0x00000080                __ADC12MCTL0 = 0x80
                0x00000081                __ADC12MCTL1 = 0x81
                0x00000082                __ADC12MCTL2 = 0x82
                0x00000083                __ADC12MCTL3 = 0x83
                0x00000084                __ADC12MCTL4 = 0x84
                0x00000085                __ADC12MCTL5 = 0x85
                0x00000086                __ADC12MCTL6 = 0x86
                0x00000087                __ADC12MCTL7 = 0x87
                0x00000088                __ADC12MCTL8 = 0x88
                0x00000089                __ADC12MCTL9 = 0x89
                0x0000008a                __ADC12MCTL10 = 0x8a
                0x0000008b                __ADC12MCTL11 = 0x8b
                0x0000008c                __ADC12MCTL12 = 0x8c
                0x0000008d                __ADC12MCTL13 = 0x8d
                0x0000008e                __ADC12MCTL14 = 0x8e
                0x0000008f                __ADC12MCTL15 = 0x8f
                0x000001c0                __DAC12_0CTL = 0x1c0
                0x000001c2                __DAC12_1CTL = 0x1c2
                0x000001c8                __DAC12_0DAT = 0x1c8
                0x000001ca                __DAC12_1DAT = 0x1ca
                0x00000122                __DMACTL0 = 0x122
                0x00000124                __DMACTL1 = 0x124
                0x000001e0                __DMA0CTL = 0x1e0
                0x000001e8                __DMA1CTL = 0x1e8
                0x000001f0                __DMA2CTL = 0x1f0
                0x000001e2                __DMA0SA = 0x1e2
                0x000001e4                __DMA0DA = 0x1e4
                0x000001e6                __DMA0SZ = 0x1e6
                0x000001ea                __DMA1SA = 0x1ea
                0x000001ec                __DMA1DA = 0x1ec
                0x000001ee                __DMA1SZ = 0x1ee
                0x000001f2                __DMA2SA = 0x1f2
                0x000001f4                __DMA2DA = 0x1f4
                0x000001f6                __DMA2SZ = 0x1f6

.hash
 *(.hash)

.dynsym
 *(.dynsym)

.dynstr
 *(.dynstr)

.gnu.version
 *(.gnu.version)

.gnu.version_d
 *(.gnu.version_d)

.gnu.version_r
 *(.gnu.version_r)

.rel.init
 *(.rel.init)

.rela.init
 *(.rela.init)

.rel.text
 *(.rel.text)
 *(.rel.text.*)
 *(.rel.gnu.linkonce.t*)

.rela.text
 *(.rela.text)
 *(.rela.text.*)
 *(.rela.gnu.linkonce.t*)

.rel.fini
 *(.rel.fini)

.rela.fini
 *(.rela.fini)

.rel.rodata
 *(.rel.rodata)
 *(.rel.rodata.*)
 *(.rel.gnu.linkonce.r*)

.rela.rodata
 *(.rela.rodata)
 *(.rela.rodata.*)
 *(.rela.gnu.linkonce.r*)

.rel.data
 *(.rel.data)
 *(.rel.data.*)
 *(.rel.gnu.linkonce.d*)

.rela.data
 *(.rela.data)
 *(.rela.data.*)
 *(.rela.gnu.linkonce.d*)

.rel.ctors
 *(.rel.ctors)

.rela.ctors
 *(.rela.ctors)

.rel.dtors
 *(.rel.dtors)

.rela.dtors
 *(.rela.dtors)

.rel.got
 *(.rel.got)

.rela.got
 *(.rela.got)

.rel.bss
 *(.rel.bss)

.rela.bss
 *(.rela.bss)

.rel.plt
 *(.rel.plt)

.rela.plt
 *(.rela.plt)

.text           0x00004000     0xbee4
                0x00004000                . = ALIGN (0x2)
 *(.init)
 *(.init0)
 .init0         0x00004000        0x0 /usr/lib/gcc/msp430/4.5.3/mmpy-16/libcrt0.a(_reset_vector__.o)
                0x00004000                _reset_vector__
 *(.init1)
 *(.init2)
 .init2         0x00004000        0x4 /usr/lib/gcc/msp430/4.5.3/mmpy-16/libcrt0.a(__init_stack.o)
                0x00004000                __init_stack
 *(.init3)
 .init3         0x00004004        0xa /usr/lib/gcc/msp430/4.5.3/mmpy-16/libcrt0.a(__low_level_init.o)
                0x00004004                __low_level_init
 *(.init4)
 .init4         0x0000400e       0x16 /usr/lib/gcc/msp430/4.5.3/mmpy-16/libcrt0.a(_copy_data.o)
                0x0000400e                __do_copy_data
 .init4         0x00004024       0x14 /usr/lib/gcc/msp430/4.5.3/mmpy-16/libcrt0.a(_clear_bss.o)
                0x00004024                __do_clear_bss
 *(.init5)
 *(.init6)
 *(.init7)
 *(.init8)
 *(.init9)
 .init9         0x00004038      0x33e obj_sky/contiki-sky-main.o
                0x00004038                main
 *(.fini9)
 .fini9         0x00004376        0x0 /usr/lib/gcc/msp430/4.5.3/mmpy-16/libcrt0.a(__stop_progExec__.o)
                0x00004376                __stop_progExec__
 *(.fini8)
 *(.fini7)
 *(.fini6)
 *(.fini5)
 *(.fini4)
 *(.fini3)
 *(.fini2)
 *(.fini1)
 *(.fini0)
 .fini0         0x00004376        0x6 /usr/lib/gcc/msp430/4.5.3/mmpy-16/libcrt0.a(_endless_loop__.o)
                0x00004376                _endless_loop__
 *(.fini)
                0x0000437c                . = ALIGN (0x2)
                0x0000437c                __ctors_start = .
 *(.ctors)
                0x0000437c                __ctors_end = .
                0x0000437c                __dtors_start = .
 *(.dtors)
                0x0000437c                __dtors_end = .
                0x0000437c                . = ALIGN (0x2)
 *(.text)
 .text          0x0000437c        0x4 /usr/lib/gcc/msp430/4.5.3/mmpy-16/crt0ivtbl16.o
                0x0000437c                __isr_14
                0x0000437c                __isr_11
                0x0000437c                __isr_2
                0x0000437c                __isr_7
                0x0000437c                __isr_0
                0x0000437c                __isr_8
                0x0000437c                __isr_3
                0x0000437c                __isr_12
                0x0000437c                __isr_13
                0x0000437c                __isr_9
 .text          0x00004380       0x20 udp-forwarder.co
                0x0000439c                autostart_processes
 .text          0x000043a0      0x11b obj_sky/contiki-sky-main.o
 *fill*         0x000044bb        0x1 00
 .text          0x000044bc        0x8 contiki-sky.a(rimeaddr.o)
                0x000044bc                rimeaddr_null
 .text          0x000044c4       0x18 contiki-sky.a(nullrdc.o)
                0x000044cc                nullrdc_driver
 .text          0x000044dc        0x4 contiki-sky.a(framer-802154.o)
                0x000044dc                framer_802154
 .text          0x000044e0       0x14 contiki-sky.a(csma.o)
                0x000044e6                csma_driver
 .text          0x000044f4       0x24 contiki-sky.a(sicslowpan.o)
                0x000044f4                unc_llconf
                0x000044f8                unc_ctxconf
                0x000044fc                unc_mxconf
                0x00004500                llprefix
                0x0000450e                sicslowpan_driver
 .text          0x00004518       0x20 contiki-sky.a(uip6.o)
 .text          0x00004538       0x10 contiki-sky.a(button-sensor.o)
                0x00004540                button_sensor
 .text          0x00004548       0x14 contiki-sky.a(cc2420.o)
                0x00004548                cc2420_driver
 .text          0x0000455c        0x2 contiki-sky.a(frame802154.o)
 .text          0x0000455e        0x8 contiki-sky.a(rpl-dag.o)
 .text          0x00004566      0x3f6 contiki-sky.a(rpl-icmp6.o)
 .text          0x0000495c       0xfb contiki-sky.a(rpl-mrhof.o)
 .text          0x00004a57       0x1d contiki-sky.a(rpl-unreachv2.o)
 .text          0x00004a74       0x1a contiki-sky.a(uip-debug.o)
 .text          0x00004a8e       0x34 /usr/lib/gcc/msp430/4.5.3/../../../../msp430/lib/mmpy-16/libc.a(memcmp.o)
                0x00004a8e                memcmp
 .text          0x00004ac2      0x104 /usr/lib/gcc/msp430/4.5.3/../../../../msp430/lib/mmpy-16/libc.a(memcpy.o)
                0x00004ac2                memcpy
 .text          0x00004bc6      0x104 /usr/lib/gcc/msp430/4.5.3/../../../../msp430/lib/mmpy-16/libc.a(memmove.o)
                0x00004bc6                memmove
 .text          0x00004cca       0x66 /usr/lib/gcc/msp430/4.5.3/../../../../msp430/lib/mmpy-16/libc.a(memset.o)
                0x00004cca                memset
 .text          0x00004d30      0x1e2 /usr/lib/gcc/msp430/4.5.3/../../../../msp430/lib/mmpy-16/libc.a(strtol.o)
                0x00004d30                strtol
 .text          0x00004f12       0x20 /usr/lib/gcc/msp430/4.5.3/../../../../msp430/lib/mmpy-16/libc.a(printf.o)
                0x00004f12                printf
                0x00004f24                vprintf
 .text          0x00004f32      0x476 /usr/lib/gcc/msp430/4.5.3/../../../../msp430/lib/mmpy-16/libc.a(vuprintf.o)
                0x0000503e                vuprintf
 .text          0x000053a8       0x2c /usr/lib/gcc/msp430/4.5.3/../../../../msp430/lib/mmpy-16/libc.a(puts.o)
                0x000053a8                puts
 .text          0x000053d4      0x134 /usr/lib/gcc/msp430/4.5.3/../../../../msp430/lib/mmpy-16/libc.a(rand.o)
                0x000053d4                rand_r
                0x00005468                rand
                0x000054fe                srand
 .text          0x00005508       0x1e /usr/lib/gcc/msp430/4.5.3/../../../../msp430/lib/mmpy-16/libc.a(ldiv.o)
                0x00005508                ldiv
                0x00005526                . = ALIGN (0x2)
 *(.text.*)
 .text.set_global_address
                0x00005526       0x6e udp-forwarder.co
 .text.process_thread_udp_client_process
                0x00005594      0x132 udp-forwarder.co
 .text.rimeaddr_copy
                0x000056c6        0x8 contiki-sky.a(rimeaddr.o)
                0x000056c6                rimeaddr_copy
 .text.rimeaddr_cmp
                0x000056ce       0x12 contiki-sky.a(rimeaddr.o)
                0x000056ce                rimeaddr_cmp
 .text.rimeaddr_set_node_addr
                0x000056e0        0xc contiki-sky.a(rimeaddr.o)
                0x000056e0                rimeaddr_set_node_addr
 .text.on       0x000056ec        0x6 contiki-sky.a(nullrdc.o)
 .text.off      0x000056f2       0x10 contiki-sky.a(nullrdc.o)
 .text.channel_check_interval
                0x00005702        0x4 contiki-sky.a(nullrdc.o)
 .text.init     0x00005706        0x6 contiki-sky.a(nullrdc.o)
 .text.packet_input
                0x0000570c       0x52 contiki-sky.a(nullrdc.o)
 .text.send_one_packet
                0x0000575e      0x11e contiki-sky.a(nullrdc.o)
 .text.send_list
                0x0000587c       0x30 contiki-sky.a(nullrdc.o)
 .text.send_packet
                0x000058ac        0x6 contiki-sky.a(nullrdc.o)
 .text.mac_call_sent_callback
                0x000058b2       0x14 contiki-sky.a(mac.o)
                0x000058b2                mac_call_sent_callback
 .text.parse    0x000058c6       0xa2 contiki-sky.a(framer-802154.o)
 .text.create   0x00005968      0x10a contiki-sky.a(framer-802154.o)
 .text.input_packet
                0x00005a72        0x6 contiki-sky.a(csma.o)
 .text.on       0x00005a78        0x6 contiki-sky.a(csma.o)
 .text.off      0x00005a7e        0x6 contiki-sky.a(csma.o)
 .text.channel_check_interval
                0x00005a84        0xc contiki-sky.a(csma.o)
 .text.transmit_packet_list
                0x00005a90       0x24 contiki-sky.a(csma.o)
 .text.send_packet
                0x00005ab4      0x178 contiki-sky.a(csma.o)
 .text.free_packet
                0x00005c2c       0x92 contiki-sky.a(csma.o)
 .text.packet_sent
                0x00005cbe      0x12e contiki-sky.a(csma.o)
 .text.init     0x00005dec       0x1a contiki-sky.a(csma.o)
 .text.mac_sequence_is_duplicate
                0x00005e06       0x40 contiki-sky.a(mac-sequence.o)
                0x00005e06                mac_sequence_is_duplicate
 .text.mac_sequence_register_seqno
                0x00005e46       0x6e contiki-sky.a(mac-sequence.o)
                0x00005e46                mac_sequence_register_seqno
 .text.call_process
                0x00005eb4       0x4a contiki-sky.a(process.o)
 .text.exit_process
                0x00005efe       0x92 contiki-sky.a(process.o)
 .text.do_poll  0x00005f90       0x30 contiki-sky.a(process.o)
 .text.process_alloc_event
                0x00005fc0        0xe contiki-sky.a(process.o)
                0x00005fc0                process_alloc_event
 .text.process_init
                0x00005fce       0x1c contiki-sky.a(process.o)
                0x00005fce                process_init
 .text.process_run
                0x00005fea       0x9c contiki-sky.a(process.o)
                0x00005fea                process_run
 .text.process_nevents
                0x00006086        0xc contiki-sky.a(process.o)
                0x00006086                process_nevents
 .text.process_post
                0x00006092       0x54 contiki-sky.a(process.o)
                0x00006092                process_post
 .text.process_post_synch
                0x000060e6       0x12 contiki-sky.a(process.o)
                0x000060e6                process_post_synch
 .text.process_start
                0x000060f8       0x32 contiki-sky.a(process.o)
                0x000060f8                process_start
 .text.process_poll
                0x0000612a       0x1a contiki-sky.a(process.o)
                0x0000612a                process_poll
 .text.autostart_start
                0x00006144       0x18 contiki-sky.a(autostart.o)
                0x00006144                autostart_start
 .text.memb_init
                0x0000615c       0x36 contiki-sky.a(memb.o)
                0x0000615c                memb_init
 .text.memb_alloc
                0x00006192       0x3e contiki-sky.a(memb.o)
                0x00006192                memb_alloc
 .text.memb_free
                0x000061d0       0x3a contiki-sky.a(memb.o)
                0x000061d0                memb_free
 .text.memb_inmemb
                0x0000620a       0x2e contiki-sky.a(memb.o)
                0x0000620a                memb_inmemb
 .text.timer_set
                0x00006238       0x1c contiki-sky.a(timer.o)
                0x00006238                timer_set
 .text.timer_reset
                0x00006254        0xe contiki-sky.a(timer.o)
                0x00006254                timer_reset
 .text.timer_restart
                0x00006262       0x14 contiki-sky.a(timer.o)
                0x00006262                timer_restart
 .text.timer_expired
                0x00006276       0x2e contiki-sky.a(timer.o)
                0x00006276                timer_expired
 .text.list_init
                0x000062a4        0x6 contiki-sky.a(list.o)
                0x000062a4                list_init
 .text.list_head
                0x000062aa        0x4 contiki-sky.a(list.o)
                0x000062aa                list_head
 .text.list_tail
                0x000062ae       0x14 contiki-sky.a(list.o)
                0x000062ae                list_tail
 .text.list_remove
                0x000062c2       0x2e contiki-sky.a(list.o)
                0x000062c2                list_remove
 .text.list_push
                0x000062f0       0x1a contiki-sky.a(list.o)
                0x000062f0                list_push
 .text.list_add
                0x0000630a       0x2a contiki-sky.a(list.o)
                0x0000630a                list_add
 .text.list_length
                0x00006334       0x10 contiki-sky.a(list.o)
                0x00006334                list_length
 .text.list_item_next
                0x00006344        0x8 contiki-sky.a(list.o)
                0x00006344                list_item_next
 .text.update_time
                0x0000634c       0x78 contiki-sky.a(etimer.o)
 .text.etimer_request_poll
                0x000063c4        0xa contiki-sky.a(etimer.o)
                0x000063c4                etimer_request_poll
 .text.process_thread_etimer_process
                0x000063ce       0xce contiki-sky.a(etimer.o)
 .text.add_timer
                0x0000649c       0x40 contiki-sky.a(etimer.o)
 .text.etimer_set
                0x000064dc       0x12 contiki-sky.a(etimer.o)
                0x000064dc                etimer_set
 .text.etimer_reset
                0x000064ee       0x12 contiki-sky.a(etimer.o)
                0x000064ee                etimer_reset
 .text.etimer_restart
                0x00006500       0x12 contiki-sky.a(etimer.o)
                0x00006500                etimer_restart
 .text.etimer_expired
                0x00006512        0xe contiki-sky.a(etimer.o)
                0x00006512                etimer_expired
 .text.etimer_expiration_time
                0x00006520       0x14 contiki-sky.a(etimer.o)
                0x00006520                etimer_expiration_time
 .text.etimer_pending
                0x00006534        0xe contiki-sky.a(etimer.o)
                0x00006534                etimer_pending
 .text.etimer_next_expiration_time
                0x00006542       0x16 contiki-sky.a(etimer.o)
                0x00006542                etimer_next_expiration_time
 .text.etimer_stop
                0x00006558       0x3c contiki-sky.a(etimer.o)
                0x00006558                etimer_stop
 .text.process_thread_ctimer_process
                0x00006594       0xa4 contiki-sky.a(ctimer.o)
 .text.ctimer_init
                0x00006638       0x18 contiki-sky.a(ctimer.o)
                0x00006638                ctimer_init
 .text.ctimer_set
                0x00006650       0x5a contiki-sky.a(ctimer.o)
                0x00006650                ctimer_set
 .text.ctimer_reset
                0x000066aa       0x3a contiki-sky.a(ctimer.o)
                0x000066aa                ctimer_reset
 .text.ctimer_stop
                0x000066e4       0x28 contiki-sky.a(ctimer.o)
                0x000066e4                ctimer_stop
 .text.energest_init
                0x0000670c       0x2a contiki-sky.a(energest.o)
                0x0000670c                energest_init
 .text.energest_type_time
                0x00006736       0x44 contiki-sky.a(energest.o)
                0x00006736                energest_type_time
 .text.energest_type_set
                0x0000677a        0xe contiki-sky.a(energest.o)
                0x0000677a                energest_type_set
 .text.energest_flush
                0x00006788       0x4a contiki-sky.a(energest.o)
                0x00006788                energest_flush
 .text.rtimer_init
                0x000067d2        0x6 contiki-sky.a(rtimer.o)
                0x000067d2                rtimer_init
 .text.rtimer_run_next
                0x000067d8       0x26 contiki-sky.a(rtimer.o)
                0x000067d8                rtimer_run_next
 .text.random_init
                0x000067fe        0x6 contiki-sky.a(random.o)
                0x000067fe                random_init
 .text.random_rand
                0x00006804        0x6 contiki-sky.a(random.o)
                0x00006804                random_rand
 .text.packetbuf_copyto_hdr
                0x0000680a       0x1c contiki-sky.a(packetbuf.o)
                0x0000680a                packetbuf_copyto_hdr
 .text.packetbuf_copyto
                0x00006826       0x52 contiki-sky.a(packetbuf.o)
                0x00006826                packetbuf_copyto
 .text.packetbuf_hdrreduce
                0x00006878       0x1a contiki-sky.a(packetbuf.o)
                0x00006878                packetbuf_hdrreduce
 .text.packetbuf_set_datalen
                0x00006892        0x6 contiki-sky.a(packetbuf.o)
                0x00006892                packetbuf_set_datalen
 .text.packetbuf_dataptr
                0x00006898        0xa contiki-sky.a(packetbuf.o)
                0x00006898                packetbuf_dataptr
 .text.packetbuf_hdrptr
                0x000068a2        0xa contiki-sky.a(packetbuf.o)
                0x000068a2                packetbuf_hdrptr
 .text.packetbuf_is_reference
                0x000068ac        0xe contiki-sky.a(packetbuf.o)
                0x000068ac                packetbuf_is_reference
 .text.packetbuf_reference_ptr
                0x000068ba        0x6 contiki-sky.a(packetbuf.o)
                0x000068ba                packetbuf_reference_ptr
 .text.packetbuf_datalen
                0x000068c0        0x6 contiki-sky.a(packetbuf.o)
                0x000068c0                packetbuf_datalen
 .text.packetbuf_totlen
                0x000068c6       0x10 contiki-sky.a(packetbuf.o)
                0x000068c6                packetbuf_totlen
 .text.packetbuf_hdralloc
                0x000068d6       0x2e contiki-sky.a(packetbuf.o)
                0x000068d6                packetbuf_hdralloc
 .text.packetbuf_attr_clear
                0x00006904       0x32 contiki-sky.a(packetbuf.o)
                0x00006904                packetbuf_attr_clear
 .text.packetbuf_clear
                0x00006936       0x20 contiki-sky.a(packetbuf.o)
                0x00006936                packetbuf_clear
 .text.packetbuf_copyfrom
                0x00006956       0x2e contiki-sky.a(packetbuf.o)
                0x00006956                packetbuf_copyfrom
 .text.packetbuf_attr_copyto
                0x00006984       0x22 contiki-sky.a(packetbuf.o)
                0x00006984                packetbuf_attr_copyto
 .text.packetbuf_attr_copyfrom
                0x000069a6       0x24 contiki-sky.a(packetbuf.o)
                0x000069a6                packetbuf_attr_copyfrom
 .text.queuebuf_init
                0x000069ca       0x1a contiki-sky.a(queuebuf.o)
                0x000069ca                queuebuf_init
 .text.queuebuf_new_from_packetbuf
                0x000069e4       0x80 contiki-sky.a(queuebuf.o)
                0x000069e4                queuebuf_new_from_packetbuf
 .text.queuebuf_update_attr_from_packetbuf
                0x00006a64       0x12 contiki-sky.a(queuebuf.o)
                0x00006a64                queuebuf_update_attr_from_packetbuf
 .text.queuebuf_free
                0x00006a76       0x46 contiki-sky.a(queuebuf.o)
                0x00006a76                queuebuf_free
 .text.queuebuf_to_packetbuf
                0x00006abc       0x70 contiki-sky.a(queuebuf.o)
                0x00006abc                queuebuf_to_packetbuf
 .text.queuebuf_attr
                0x00006b2c        0xe contiki-sky.a(queuebuf.o)
                0x00006b2c                queuebuf_attr
 .text.set_packet_attrs
                0x00006b3a       0x44 contiki-sky.a(sicslowpan.o)
 .text.addr_context_lookup_by_number
                0x00006b7e       0x36 contiki-sky.a(sicslowpan.o)
 .text.compress_addr_64
                0x00006bb4       0x92 contiki-sky.a(sicslowpan.o)
 .text.uncompress_addr
                0x00006c46       0xae contiki-sky.a(sicslowpan.o)
 .text.input    0x00006cf4      0x662 contiki-sky.a(sicslowpan.o)
 .text.sicslowpan_init
                0x00007356       0x26 contiki-sky.a(sicslowpan.o)
                0x00007356                sicslowpan_init
 .text.addr_context_lookup_by_prefix
                0x0000737c       0x4c contiki-sky.a(sicslowpan.o)
 .text.send_packet
                0x000073c8       0x1a contiki-sky.a(sicslowpan.o)
 .text.output   0x000073e2      0x6d2 contiki-sky.a(sicslowpan.o)
 .text.packet_sent
                0x00007ab4       0x22 contiki-sky.a(sicslowpan.o)
 .text.reset_packet_input
                0x00007ad6        0xa contiki-sky.a(tcpip.o)
                0x00007ad6                reset_packet_input
 .text.start_periodic_tcp_timer
                0x00007ae0       0x16 contiki-sky.a(tcpip.o)
 .text.hand_off_backoff
                0x00007af6       0x16 contiki-sky.a(tcpip.o)
                0x00007af6                hand_off_backoff
 .text.tcpip_output
                0x00007b0c       0x10 contiki-sky.a(tcpip.o)
                0x00007b0c                tcpip_output
 .text.tcpip_set_outputfunc
                0x00007b1c        0x6 contiki-sky.a(tcpip.o)
                0x00007b1c                tcpip_set_outputfunc
 .text.is_mobile_node
                0x00007b22       0x18 contiki-sky.a(tcpip.o)
                0x00007b22                is_mobile_node
 .text.udp_new  0x00007b3a       0x1a contiki-sky.a(tcpip.o)
                0x00007b3a                udp_new
 .text.tcpip_input
                0x00007b54       0x16 contiki-sky.a(tcpip.o)
                0x00007b54                tcpip_input
 .text.tcpip_ipv6_output
                0x00007b6a      0x166 contiki-sky.a(tcpip.o)
                0x00007b6a                tcpip_ipv6_output
 .text.process_thread_tcpip_process
                0x00007cd0      0x2a8 contiki-sky.a(tcpip.o)
 .text.tcpip_uipcall
                0x00007f78       0x7c contiki-sky.a(tcpip.o)
                0x00007f78                tcpip_uipcall
 .text.call_route_callback
                0x00007ff4       0x54 contiki-sky.a(uip-ds6-route.o)
 .text.uip_ds6_route_init
                0x00008048       0x36 contiki-sky.a(uip-ds6-route.o)
                0x00008048                uip_ds6_route_init
 .text.uip_ds6_route_nexthop
                0x0000807e       0x16 contiki-sky.a(uip-ds6-route.o)
                0x0000807e                uip_ds6_route_nexthop
 .text.uip_ds6_route_head
                0x00008094        0xa contiki-sky.a(uip-ds6-route.o)
                0x00008094                uip_ds6_route_head
 .text.uip_ds6_route_next
                0x0000809e        0xc contiki-sky.a(uip-ds6-route.o)
                0x0000809e                uip_ds6_route_next
 .text.uip_ds6_route_lookup
                0x000080aa       0x72 contiki-sky.a(uip-ds6-route.o)
                0x000080aa                uip_ds6_route_lookup
 .text.uip_ds6_route_rm
                0x0000811c       0xa4 contiki-sky.a(uip-ds6-route.o)
                0x0000811c                uip_ds6_route_rm
 .text.rm_routelist
                0x000081c0       0x34 contiki-sky.a(uip-ds6-route.o)
 .text.rm_routelist_callback
                0x000081f4        0x6 contiki-sky.a(uip-ds6-route.o)
 .text.uip_ds6_route_add
                0x000081fa       0xf2 contiki-sky.a(uip-ds6-route.o)
                0x000081fa                uip_ds6_route_add
 .text.uip_ds6_defrt_rm
                0x000082ec       0x48 contiki-sky.a(uip-ds6-route.o)
                0x000082ec                uip_ds6_defrt_rm
 .text.uip_ds6_defrt_lookup
                0x00008334       0x36 contiki-sky.a(uip-ds6-route.o)
                0x00008334                uip_ds6_defrt_lookup
 .text.uip_ds6_defrt_add
                0x0000836a       0x74 contiki-sky.a(uip-ds6-route.o)
                0x0000836a                uip_ds6_defrt_add
 .text.uip_ds6_defrt_choose
                0x000083de       0x3a contiki-sky.a(uip-ds6-route.o)
                0x000083de                uip_ds6_defrt_choose
 .text.uip_ds6_defrt_periodic
                0x00008418       0x38 contiki-sky.a(uip-ds6-route.o)
                0x00008418                uip_ds6_defrt_periodic
 .text.uip_ds6_nbr_rm
                0x00008450       0x1a contiki-sky.a(uip-ds6-nbr.o)
                0x00008450                uip_ds6_nbr_rm
 .text.uip_ds6_neighbors_init
                0x0000846a        0xe contiki-sky.a(uip-ds6-nbr.o)
                0x0000846a                uip_ds6_neighbors_init
 .text.uip_ds6_nbr_add
                0x00008478       0x60 contiki-sky.a(uip-ds6-nbr.o)
                0x00008478                uip_ds6_nbr_add
 .text.uip_ds6_nbr_get_ll
                0x000084d8        0xc contiki-sky.a(uip-ds6-nbr.o)
                0x000084d8                uip_ds6_nbr_get_ll
 .text.uip_ds6_nbr_lookup
                0x000084e4       0x40 contiki-sky.a(uip-ds6-nbr.o)
                0x000084e4                uip_ds6_nbr_lookup
 .text.uip_ds6_nbr_ll_lookup
                0x00008524        0xc contiki-sky.a(uip-ds6-nbr.o)
                0x00008524                uip_ds6_nbr_ll_lookup
 .text.uip_ds6_nbr_ipaddr_from_lladdr
                0x00008530        0x6 contiki-sky.a(uip-ds6-nbr.o)
                0x00008530                uip_ds6_nbr_ipaddr_from_lladdr
 .text.uip_ds6_nbr_lladdr_from_ipaddr
                0x00008536       0x10 contiki-sky.a(uip-ds6-nbr.o)
                0x00008536                uip_ds6_nbr_lladdr_from_ipaddr
 .text.uip_ds6_link_neighbor_callback
                0x00008546       0x2a contiki-sky.a(uip-ds6-nbr.o)
                0x00008546                uip_ds6_link_neighbor_callback
 .text.uip_ds6_neighbor_periodic
                0x00008570      0x114 contiki-sky.a(uip-ds6-nbr.o)
                0x00008570                uip_ds6_neighbor_periodic
 .text.uip_ds6_list_loop
                0x00008684       0x82 contiki-sky.a(uip-ds6.o)
                0x00008684                uip_ds6_list_loop
 .text.uip_ds6_prefix_add
                0x00008706       0x80 contiki-sky.a(uip-ds6.o)
                0x00008706                uip_ds6_prefix_add
 .text.uip_ds6_is_addr_onlink
                0x00008786       0x50 contiki-sky.a(uip-ds6.o)
                0x00008786                uip_ds6_is_addr_onlink
 .text.uip_ds6_addr_lookup
                0x000087d6       0x2a contiki-sky.a(uip-ds6.o)
                0x000087d6                uip_ds6_addr_lookup
 .text.uip_ds6_get_link_local
                0x00008800       0x3e contiki-sky.a(uip-ds6.o)
                0x00008800                uip_ds6_get_link_local
 .text.uip_ds6_maddr_add
                0x0000883e       0x4c contiki-sky.a(uip-ds6.o)
                0x0000883e                uip_ds6_maddr_add
 .text.uip_ds6_addr_add
                0x0000888a       0xca contiki-sky.a(uip-ds6.o)
                0x0000888a                uip_ds6_addr_add
 .text.uip_ds6_maddr_lookup
                0x00008954       0x2a contiki-sky.a(uip-ds6.o)
                0x00008954                uip_ds6_maddr_lookup
 .text.uip_ds6_addr_rm
                0x0000897e       0x54 contiki-sky.a(uip-ds6.o)
                0x0000897e                uip_ds6_addr_rm
 .text.uip_ds6_periodic
                0x000089d2       0x4a contiki-sky.a(uip-ds6.o)
                0x000089d2                uip_ds6_periodic
 .text.uip_ds6_set_addr_iid
                0x00008a1c       0x14 contiki-sky.a(uip-ds6.o)
                0x00008a1c                uip_ds6_set_addr_iid
 .text.get_match_length
                0x00008a30       0x46 contiki-sky.a(uip-ds6.o)
                0x00008a30                get_match_length
 .text.uip_ds6_select_src
                0x00008a76       0xaa contiki-sky.a(uip-ds6.o)
                0x00008a76                uip_ds6_select_src
 .text.uip_ds6_compute_reachable_time
                0x00008b20       0x4a contiki-sky.a(uip-ds6.o)
                0x00008b20                uip_ds6_compute_reachable_time
 .text.uip_ds6_init
                0x00008b6a      0x15a contiki-sky.a(uip-ds6.o)
                0x00008b6a                uip_ds6_init
 .text.create_llao
                0x00008cc4       0x2c contiki-sky.a(uip-nd6.o)
 .text.uip_nd6_ns_input
                0x00008cf0      0x236 contiki-sky.a(uip-nd6.o)
                0x00008cf0                uip_nd6_ns_input
 .text.uip_nd6_ns_output
                0x00008f26      0x16c contiki-sky.a(uip-nd6.o)
                0x00008f26                uip_nd6_ns_output
 .text.uip_nd6_na_input
                0x00009092      0x1b8 contiki-sky.a(uip-nd6.o)
                0x00009092                uip_nd6_na_input
 .text.chksum   0x0000924a       0x34 contiki-sky.a(uip6.o)
 .text.upper_layer_chksum
                0x0000927e       0x54 contiki-sky.a(uip6.o)
 .text.ext_hdr_options_process
                0x000092d2       0xe0 contiki-sky.a(uip6.o)
 .text.uip_add32
                0x000093b2       0x72 contiki-sky.a(uip6.o)
                0x000093b2                uip_add32
 .text.uip_add_rcv_nxt
                0x00009424       0x2e contiki-sky.a(uip6.o)
 .text.uip_icmp6chksum
                0x00009452        0xa contiki-sky.a(uip6.o)
                0x00009452                uip_icmp6chksum
 .text.uip_tcpchksum
                0x0000945c        0xa contiki-sky.a(uip6.o)
                0x0000945c                uip_tcpchksum
 .text.uip_udpchksum
                0x00009466        0xa contiki-sky.a(uip6.o)
                0x00009466                uip_udpchksum
 .text.uip_init
                0x00009470       0x6c contiki-sky.a(uip6.o)
                0x00009470                uip_init
 .text.remove_ext_hdr
                0x000094dc       0x58 contiki-sky.a(uip6.o)
                0x000094dc                remove_ext_hdr
 .text.uip_udp_new
                0x00009534       0xee contiki-sky.a(uip6.o)
                0x00009534                uip_udp_new
 .text.uip_unlisten
                0x00009622       0x32 contiki-sky.a(uip6.o)
                0x00009622                uip_unlisten
 .text.uip_process
                0x00009654      0xedc contiki-sky.a(uip6.o)
                0x00009654                uip_process
 .text.uip_htonl
                0x0000a530       0x3e contiki-sky.a(uip6.o)
                0x0000a530                uip_htonl
 .text.init_platform
                0x0000a56e        0xc contiki-sky.a(contiki-sky-pla)
                0x0000a56e                init_platform
 .text.status   0x0000a57a       0x16 contiki-sky.a(button-sensor.o)
 .text.configure
                0x0000a590       0x4a contiki-sky.a(button-sensor.o)
 .text.value    0x0000a5da       0x26 contiki-sky.a(button-sensor.o)
 .text.irq_p2   0x0000a600       0x92 contiki-sky.a(button-sensor.o)
                0x0000a600                irq_p2
                0x0000a600                __isr_1
 .text.crc8_add
                0x0000a692       0x1a contiki-sky.a(ds2411.o)
 .text.owreadb  0x0000a6ac       0x56 contiki-sky.a(ds2411.o)
 .text.ds2411_init
                0x0000a702      0x10a contiki-sky.a(ds2411.o)
                0x0000a702                ds2411_init
 .text.wait_ready
                0x0000a80c       0x4e contiki-sky.a(xmem.o)
 .text.xmem_init
                0x0000a85a       0x3c contiki-sky.a(xmem.o)
                0x0000a85a                xmem_init
 .text.xmem_pread
                0x0000a896       0xdc contiki-sky.a(xmem.o)
                0x0000a896                xmem_pread
 .text.node_id_restore
                0x0000a972       0x38 contiki-sky.a(node-id.o)
                0x0000a972                node_id_restore
 .text.get_sensor_index
                0x0000a9aa       0x22 contiki-sky.a(sensors.o)
 .text.process_thread_sensors_process
                0x0000a9cc       0xc2 contiki-sky.a(sensors.o)
 .text.sensors_changed
                0x0000aa8e       0x14 contiki-sky.a(sensors.o)
                0x0000aa8e                sensors_changed
 .text.strobe   0x0000aaa2       0x1e contiki-sky.a(cc2420.o)
 .text.status   0x0000aac0       0x24 contiki-sky.a(cc2420.o)
 .text.getreg   0x0000aae4       0x50 contiki-sky.a(cc2420.o)
 .text.setreg   0x0000ab34       0x48 contiki-sky.a(cc2420.o)
 .text.set_txpower
                0x0000ab7c       0x2a contiki-sky.a(cc2420.o)
 .text.cc2420_receiving_packet
                0x0000aba6       0x10 contiki-sky.a(cc2420.o)
 .text.pending_packet
                0x0000abb6        0x8 contiki-sky.a(cc2420.o)
 .text.on       0x0000abbe       0x46 contiki-sky.a(cc2420.o)
 .text.flushrx  0x0000ac04       0x74 contiki-sky.a(cc2420.o)
 .text.off      0x0000ac78       0x78 contiki-sky.a(cc2420.o)
 .text.RELEASE_LOCK
                0x0000acf0       0x28 contiki-sky.a(cc2420.o)
 .text.cc2420_prepare
                0x0000ad18       0x82 contiki-sky.a(cc2420.o)
 .text.cc2420_on
                0x0000ad9a       0x22 contiki-sky.a(cc2420.o)
                0x0000ad9a                cc2420_on
 .text.cc2420_off
                0x0000adbc       0x30 contiki-sky.a(cc2420.o)
                0x0000adbc                cc2420_off
 .text.cc2420_cca
                0x0000adec       0x7a contiki-sky.a(cc2420.o)
 .text.getrxdata
                0x0000ae66       0x4e contiki-sky.a(cc2420.o)
 .text.cc2420_read
                0x0000aeb4       0xe6 contiki-sky.a(cc2420.o)
 .text.process_thread_cc2420_process
                0x0000af9a       0x50 contiki-sky.a(cc2420.o)
 .text.cc2420_set_channel
                0x0000afea       0x7a contiki-sky.a(cc2420.o)
                0x0000afea                cc2420_set_channel
 .text.cc2420_set_pan_addr
                0x0000b064      0x13a contiki-sky.a(cc2420.o)
                0x0000b064                cc2420_set_pan_addr
 .text.cc2420_interrupt
                0x0000b19e       0x20 contiki-sky.a(cc2420.o)
                0x0000b19e                cc2420_interrupt
 .text.cc2420_set_txpower
                0x0000b1be        0xe contiki-sky.a(cc2420.o)
                0x0000b1be                cc2420_set_txpower
 .text.cc2420_get_txpower
                0x0000b1cc       0x1e contiki-sky.a(cc2420.o)
                0x0000b1cc                cc2420_get_txpower
 .text.cc2420_transmit
                0x0000b1ea      0x1a4 contiki-sky.a(cc2420.o)
 .text.cc2420_send
                0x0000b38e       0x12 contiki-sky.a(cc2420.o)
 .text.cc2420_set_cca_threshold
                0x0000b3a0       0x16 contiki-sky.a(cc2420.o)
                0x0000b3a0                cc2420_set_cca_threshold
 .text.cc2420_init
                0x0000b3b6       0xdc contiki-sky.a(cc2420.o)
                0x0000b3b6                cc2420_init
 .text.cc2420_port1_interrupt
                0x0000b492       0x6a contiki-sky.a(cc2420-arch.o)
                0x0000b492                __isr_4
                0x0000b492                cc2420_port1_interrupt
 .text.cc2420_arch_init
                0x0000b4fc       0x1a contiki-sky.a(cc2420-arch.o)
                0x0000b4fc                cc2420_arch_init
 .text.uart1_active
                0x0000b516       0x18 contiki-sky.a(uart1.o)
                0x0000b516                uart1_active
 .text.uart1_writeb
                0x0000b52e       0x1a contiki-sky.a(uart1.o)
                0x0000b52e                uart1_writeb
 .text.uart1_init
                0x0000b548       0xee contiki-sky.a(uart1.o)
                0x0000b548                uart1_init
 .text.putchar  0x0000b636        0xe contiki-sky.a(uart1-putchar.o)
                0x0000b636                putchar
 .text.msp430_init_dco
                0x0000b644       0x74 contiki-sky.a(msp430.o)
                0x0000b644                msp430_init_dco
 .text.msp430_add_lpm_req
                0x0000b6b8        0xa contiki-sky.a(msp430.o)
                0x0000b6b8                msp430_add_lpm_req
 .text.msp430_cpu_init
                0x0000b6c2       0x2a contiki-sky.a(msp430.o)
                0x0000b6c2                msp430_cpu_init
 .text.splhigh_
                0x0000b6ec        0x8 contiki-sky.a(msp430.o)
                0x0000b6ec                splhigh_
 .text.msp430_sync_dco
                0x0000b6f4       0x60 contiki-sky.a(msp430.o)
                0x0000b6f4                msp430_sync_dco
 .text.timera1  0x0000b754       0xee contiki-sky.a(clock.o)
                0x0000b754                __isr_5
                0x0000b754                timera1
 .text.clock_time
                0x0000b842       0x1a contiki-sky.a(clock.o)
                0x0000b842                clock_time
 .text.clock_init
                0x0000b85c       0x28 contiki-sky.a(clock.o)
                0x0000b85c                clock_init
 .text.clock_delay
                0x0000b884        0xc contiki-sky.a(clock.o)
                0x0000b884                clock_delay
 .text.clock_seconds
                0x0000b890       0x1a contiki-sky.a(clock.o)
                0x0000b890                clock_seconds
 .text.show_leds
                0x0000b8aa      0x10c contiki-sky.a(leds.o)
 .text.leds_init
                0x0000b9b6        0xe contiki-sky.a(leds.o)
                0x0000b9b6                leds_init
 .text.leds_on  0x0000b9c4       0x14 contiki-sky.a(leds.o)
                0x0000b9c4                leds_on
 .text.leds_off
                0x0000b9d8       0x14 contiki-sky.a(leds.o)
                0x0000b9d8                leds_off
 .text.leds_arch_init
                0x0000b9ec        0xe contiki-sky.a(leds-arch.o)
                0x0000b9ec                leds_arch_init
 .text.leds_arch_set
                0x0000b9fa       0x3a contiki-sky.a(leds-arch.o)
                0x0000b9fa                leds_arch_set
 .text.watchdog_interrupt
                0x0000ba34        0x6 contiki-sky.a(watchdog.o)
                0x0000ba34                __isr_10
                0x0000ba34                watchdog_interrupt
 .text.watchdog_start
                0x0000ba3a       0x14 contiki-sky.a(watchdog.o)
                0x0000ba3a                watchdog_start
 .text.watchdog_periodic
                0x0000ba4e       0x12 contiki-sky.a(watchdog.o)
                0x0000ba4e                watchdog_periodic
 .text.watchdog_stop
                0x0000ba60       0x16 contiki-sky.a(watchdog.o)
                0x0000ba60                watchdog_stop
 .text.watchdog_init
                0x0000ba76       0x14 contiki-sky.a(watchdog.o)
                0x0000ba76                watchdog_init
 .text.rtimer_arch_init
                0x0000ba8a        0xe contiki-sky.a(rtimer-arch.o)
                0x0000ba8a                rtimer_arch_init
 .text.rtimer_arch_now
                0x0000ba98        0xe contiki-sky.a(rtimer-arch.o)
                0x0000ba98                rtimer_arch_now
 .text.timera0  0x0000baa6       0x76 contiki-sky.a(rtimer-arch.o)
                0x0000baa6                __isr_6
                0x0000baa6                timera0
 .text.rtimer_arch_schedule
                0x0000bb1c        0x6 contiki-sky.a(rtimer-arch.o)
                0x0000bb1c                rtimer_arch_schedule
 .text.field_len
                0x0000bb22       0x98 contiki-sky.a(frame802154.o)
 .text.frame802154_hdrlen
                0x0000bbba       0x2e contiki-sky.a(frame802154.o)
                0x0000bbba                frame802154_hdrlen
 .text.frame802154_create
                0x0000bbe8      0x16c contiki-sky.a(frame802154.o)
                0x0000bbe8                frame802154_create
 .text.frame802154_parse
                0x0000bd54      0x19e contiki-sky.a(frame802154.o)
                0x0000bd54                frame802154_parse
 .text.rpl_get_mode
                0x0000bef2        0x6 contiki-sky.a(rpl.o)
                0x0000bef2                rpl_get_mode
 .text.rpl_purge_routes
                0x0000bef8       0x96 contiki-sky.a(rpl.o)
                0x0000bef8                rpl_purge_routes
 .text.rpl_remove_routes
                0x0000bf8e       0x22 contiki-sky.a(rpl.o)
                0x0000bf8e                rpl_remove_routes
 .text.rpl_remove_routes_by_nexthop
                0x0000bfb0       0x46 contiki-sky.a(rpl.o)
                0x0000bfb0                rpl_remove_routes_by_nexthop
 .text.rpl_add_route
                0x0000bff6       0x46 contiki-sky.a(rpl.o)
                0x0000bff6                rpl_add_route
 .text.rpl_link_neighbor_callback
                0x0000c03c       0x6a contiki-sky.a(rpl.o)
                0x0000c03c                rpl_link_neighbor_callback
 .text.rpl_ipv6_neighbor_callback
                0x0000c0a6       0x1e contiki-sky.a(rpl.o)
                0x0000c0a6                rpl_ipv6_neighbor_callback
 .text.rpl_init
                0x0000c0c4       0x4e contiki-sky.a(rpl.o)
                0x0000c0c4                rpl_init
 .text.lollipop_greater_than
                0x0000c112       0x44 contiki-sky.a(rpl-dag.o)
 .text.find_parent_any_dag_any_instance
                0x0000c156       0x14 contiki-sky.a(rpl-dag.o)
 .text.rpl_set_preferred_parent
                0x0000c16a       0x30 contiki-sky.a(rpl-dag.o)
 .text.set_ip_from_prefix
                0x0000c19a       0x3a contiki-sky.a(rpl-dag.o)
 .text.check_prefix
                0x0000c1d4       0x7c contiki-sky.a(rpl-dag.o)
 .text.rpl_dag_init
                0x0000c250        0xe contiki-sky.a(rpl-dag.o)
                0x0000c250                rpl_dag_init
 .text.rpl_get_parent_ipaddr
                0x0000c25e       0x10 contiki-sky.a(rpl-dag.o)
                0x0000c25e                rpl_get_parent_ipaddr
 .text.rpl_set_prefix
                0x0000c26e       0x90 contiki-sky.a(rpl-dag.o)
                0x0000c26e                rpl_set_prefix
 .text.rpl_set_default_route
                0x0000c2fe       0x62 contiki-sky.a(rpl-dag.o)
                0x0000c2fe                rpl_set_default_route
 .text.rpl_alloc_instance
                0x0000c360       0x2c contiki-sky.a(rpl-dag.o)
                0x0000c360                rpl_alloc_instance
 .text.rpl_add_parent
                0x0000c38c       0x54 contiki-sky.a(rpl-dag.o)
                0x0000c38c                rpl_add_parent
 .text.rpl_find_parent
                0x0000c3e0       0x1a contiki-sky.a(rpl-dag.o)
                0x0000c3e0                rpl_find_parent
 .text.rpl_find_parent_any_dag
                0x0000c3fa       0x26 contiki-sky.a(rpl-dag.o)
                0x0000c3fa                rpl_find_parent_any_dag
 .text.rpl_select_parent
                0x0000c420       0x5c contiki-sky.a(rpl-dag.o)
                0x0000c420                rpl_select_parent
 .text.rpl_select_dag
                0x0000c47c      0x1b8 contiki-sky.a(rpl-dag.o)
                0x0000c47c                rpl_select_dag
 .text.rpl_nullify_parent
                0x0000c634       0x4e contiki-sky.a(rpl-dag.o)
                0x0000c634                rpl_nullify_parent
 .text.rpl_remove_parent
                0x0000c682       0x16 contiki-sky.a(rpl-dag.o)
                0x0000c682                rpl_remove_parent
 .text.nbr_callback
                0x0000c698        0x6 contiki-sky.a(rpl-dag.o)
 .text.remove_parents.clone.3
                0x0000c69e       0x32 contiki-sky.a(rpl-dag.o)
 .text.rpl_free_dag
                0x0000c6d0       0x36 contiki-sky.a(rpl-dag.o)
                0x0000c6d0                rpl_free_dag
 .text.rpl_free_instance
                0x0000c706       0x5c contiki-sky.a(rpl-dag.o)
                0x0000c706                rpl_free_instance
 .text.rpl_move_parent
                0x0000c762       0x5a contiki-sky.a(rpl-dag.o)
                0x0000c762                rpl_move_parent
 .text.rpl_get_any_dag
                0x0000c7bc       0x18 contiki-sky.a(rpl-dag.o)
                0x0000c7bc                rpl_get_any_dag
 .text.rpl_get_instance
                0x0000c7d4       0x16 contiki-sky.a(rpl-dag.o)
                0x0000c7d4                rpl_get_instance
 .text.get_dag  0x0000c7ea       0x5c contiki-sky.a(rpl-dag.o)
 .text.rpl_alloc_dag
                0x0000c846       0x72 contiki-sky.a(rpl-dag.o)
                0x0000c846                rpl_alloc_dag
 .text.rpl_repair_root
                0x0000c8b8       0x4c contiki-sky.a(rpl-dag.o)
                0x0000c8b8                rpl_repair_root
 .text.rpl_find_of
                0x0000c904       0x10 contiki-sky.a(rpl-dag.o)
                0x0000c904                rpl_find_of
 .text.rpl_join_instance
                0x0000c914      0x142 contiki-sky.a(rpl-dag.o)
                0x0000c914                rpl_join_instance
 .text.rpl_local_repair
                0x0000ca56       0x82 contiki-sky.a(rpl-dag.o)
                0x0000ca56                rpl_local_repair
 .text.rpl_process_parent_event
                0x0000cad8       0x88 contiki-sky.a(rpl-dag.o)
                0x0000cad8                rpl_process_parent_event
 .text.rpl_recalculate_ranks
                0x0000cb60       0x42 contiki-sky.a(rpl-dag.o)
                0x0000cb60                rpl_recalculate_ranks
 .text.rpl_process_dio
                0x0000cba2      0x35a contiki-sky.a(rpl-dag.o)
                0x0000cba2                rpl_process_dio
 .text.rpl_lock_parent
                0x0000cefc        0xc contiki-sky.a(rpl-dag.o)
                0x0000cefc                rpl_lock_parent
 .text.get32    0x0000cf08       0x46 contiki-sky.a(rpl-icmp6.o)
 .text.set32    0x0000cf4e       0x3c contiki-sky.a(rpl-icmp6.o)
 .text.get16    0x0000cf8a        0xe contiki-sky.a(rpl-icmp6.o)
 .text.set16    0x0000cf98       0x10 contiki-sky.a(rpl-icmp6.o)
 .text.fuzzy_defuzzification
                0x0000cfa8       0x8e contiki-sky.a(rpl-icmp6.o)
                0x0000cfa8                fuzzy_defuzzification
 .text.dom_connected
                0x0000d036       0x10 contiki-sky.a(rpl-icmp6.o)
                0x0000d036                dom_connected
 .text.dom_trans
                0x0000d046       0x24 contiki-sky.a(rpl-icmp6.o)
                0x0000d046                dom_trans
 .text.fuzzification_rssi
                0x0000d06a       0x1e contiki-sky.a(rpl-icmp6.o)
                0x0000d06a                fuzzification_rssi
 .text.dom_small
                0x0000d088       0x2a contiki-sky.a(rpl-icmp6.o)
                0x0000d088                dom_small
 .text.dom_ave  0x0000d0b2       0x44 contiki-sky.a(rpl-icmp6.o)
                0x0000d0b2                dom_ave
 .text.dom_large
                0x0000d0f6       0x24 contiki-sky.a(rpl-icmp6.o)
                0x0000d0f6                dom_large
 .text.fuzzification_etx
                0x0000d11a       0x30 contiki-sky.a(rpl-icmp6.o)
                0x0000d11a                fuzzification_etx
 .text.dom_far  0x0000d14a       0x1e contiki-sky.a(rpl-icmp6.o)
                0x0000d14a                dom_far
 .text.dom_very_far
                0x0000d168       0x10 contiki-sky.a(rpl-icmp6.o)
                0x0000d168                dom_very_far
 .text.fuzzification_hop_count
                0x0000d178       0x30 contiki-sky.a(rpl-icmp6.o)
                0x0000d178                fuzzification_hop_count
 .text.eventhandler2
                0x0000d1a8      0x74c contiki-sky.a(rpl-icmp6.o)
                0x0000d1a8                eventhandler2
 .text.process_thread_multiple_dis_input
                0x0000d8f4       0x3a contiki-sky.a(rpl-icmp6.o)
 .text.dis_output
                0x0000d92e       0xba contiki-sky.a(rpl-icmp6.o)
                0x0000d92e                dis_output
 .text.eventhandler3
                0x0000d9e8      0x20e contiki-sky.a(rpl-icmp6.o)
                0x0000d9e8                eventhandler3
 .text.process_thread_wait_dios
                0x0000dbf6       0x3a contiki-sky.a(rpl-icmp6.o)
 .text.dio_output
                0x0000dc30      0x30c contiki-sky.a(rpl-icmp6.o)
                0x0000dc30                dio_output
 .text.dao_output_target
                0x0000df3c      0x12a contiki-sky.a(rpl-icmp6.o)
                0x0000df3c                dao_output_target
 .text.dao_output
                0x0000e066       0x7a contiki-sky.a(rpl-icmp6.o)
                0x0000e066                dao_output
 .text.dao_ack_output
                0x0000e0e0       0x3c contiki-sky.a(rpl-icmp6.o)
                0x0000e0e0                dao_ack_output
 .text.uip_rpl_input
                0x0000e11c      0x754 contiki-sky.a(rpl-icmp6.o)
                0x0000e11c                uip_rpl_input
 .text.set_dao_lifetime_timer
                0x0000e870       0x68 contiki-sky.a(rpl-timers.o)
 .text.schedule_dao
                0x0000e8d8       0x8a contiki-sky.a(rpl-timers.o)
 .text.handle_dao_timer
                0x0000e962       0x64 contiki-sky.a(rpl-timers.o)
 .text.handle_periodic_timer
                0x0000e9c6       0x38 contiki-sky.a(rpl-timers.o)
 .text.new_dio_interval
                0x0000e9fe      0x130 contiki-sky.a(rpl-timers.o)
                0x0000e9fe                new_dio_interval
 .text.handle_dio_timer
                0x0000eb2e       0xa4 contiki-sky.a(rpl-timers.o)
 .text.rpl_reset_periodic_timer
                0x0000ebd2       0x56 contiki-sky.a(rpl-timers.o)
                0x0000ebd2                rpl_reset_periodic_timer
 .text.rpl_reset_dio_timer
                0x0000ec28       0x22 contiki-sky.a(rpl-timers.o)
                0x0000ec28                rpl_reset_dio_timer
 .text.rpl_schedule_dao
                0x0000ec4a        0xa contiki-sky.a(rpl-timers.o)
                0x0000ec4a                rpl_schedule_dao
 .text.calculate_rank
                0x0000ec54       0x30 contiki-sky.a(rpl-mrhof.o)
 .text.best_dag
                0x0000ec84       0x34 contiki-sky.a(rpl-mrhof.o)
 .text.reset    0x0000ecb8        0xa contiki-sky.a(rpl-mrhof.o)
 .text.update_metric_container
                0x0000ecc2       0xa2 contiki-sky.a(rpl-mrhof.o)
 .text.best_parent
                0x0000ed64       0x68 contiki-sky.a(rpl-mrhof.o)
 .text.neighbor_link_callback
                0x0000edcc      0x146 contiki-sky.a(rpl-mrhof.o)
 .text.post_parent_unreachable
                0x0000ef12       0x32 contiki-sky.a(rpl-mrhof.o)
                0x0000ef12                post_parent_unreachable
 .text.rpl_verify_header
                0x0000ef44       0xae contiki-sky.a(rpl-ext-header.)
                0x0000ef44                rpl_verify_header
 .text.rpl_update_header_empty
                0x0000eff2       0xf8 contiki-sky.a(rpl-ext-header.)
                0x0000eff2                rpl_update_header_empty
 .text.rpl_update_header_final
                0x0000f0ea       0x84 contiki-sky.a(rpl-ext-header.)
                0x0000f0ea                rpl_update_header_final
 .text.rpl_invert_header
                0x0000f16e       0x5c contiki-sky.a(rpl-ext-header.)
                0x0000f16e                rpl_invert_header
 .text.rpl_insert_header
                0x0000f1ca       0x18 contiki-sky.a(rpl-ext-header.)
                0x0000f1ca                rpl_insert_header
 .text.rpl_unreach
                0x0000f1e2        0xc contiki-sky.a(rpl-unreachv2.o)
                0x0000f1e2                rpl_unreach
 .text.rpl_dis_burst
                0x0000f1ee        0xe contiki-sky.a(rpl-unreachv2.o)
                0x0000f1ee                rpl_dis_burst
 .text.eventhandler
                0x0000f1fc      0x28c contiki-sky.a(rpl-unreachv2.o)
                0x0000f1fc                eventhandler
 .text.process_thread_unreach_process
                0x0000f488       0x3a contiki-sky.a(rpl-unreachv2.o)
 .text.stimer_set
                0x0000f4c2       0x1c contiki-sky.a(stimer.o)
                0x0000f4c2                stimer_set
 .text.stimer_expired
                0x0000f4de       0x42 contiki-sky.a(stimer.o)
                0x0000f4de                stimer_expired
 .text.index_from_key
                0x0000f520       0xb4 contiki-sky.a(nbr-table.o)
 .text.item_from_key
                0x0000f5d4       0x38 contiki-sky.a(nbr-table.o)
 .text.key_from_item
                0x0000f60c       0x3a contiki-sky.a(nbr-table.o)
 .text.nbr_set_bit
                0x0000f646       0x6e contiki-sky.a(nbr-table.o)
 .text.index_from_lladdr
                0x0000f6b4       0x42 contiki-sky.a(nbr-table.o)
 .text.nbr_get_bit.clone.0
                0x0000f6f6       0x40 contiki-sky.a(nbr-table.o)
 .text.nbr_table_register
                0x0000f736       0x26 contiki-sky.a(nbr-table.o)
                0x0000f736                nbr_table_register
 .text.nbr_table_next
                0x0000f75c       0x36 contiki-sky.a(nbr-table.o)
                0x0000f75c                nbr_table_next
 .text.nbr_table_head
                0x0000f792       0x36 contiki-sky.a(nbr-table.o)
                0x0000f792                nbr_table_head
 .text.nbr_table_add_lladdr
                0x0000f7c8      0x13e contiki-sky.a(nbr-table.o)
                0x0000f7c8                nbr_table_add_lladdr
 .text.nbr_table_get_from_lladdr
                0x0000f906       0x4c contiki-sky.a(nbr-table.o)
                0x0000f906                nbr_table_get_from_lladdr
 .text.nbr_table_remove
                0x0000f952       0x32 contiki-sky.a(nbr-table.o)
                0x0000f952                nbr_table_remove
 .text.nbr_table_lock
                0x0000f984       0x10 contiki-sky.a(nbr-table.o)
                0x0000f984                nbr_table_lock
 .text.nbr_table_unlock
                0x0000f994       0x10 contiki-sky.a(nbr-table.o)
                0x0000f994                nbr_table_unlock
 .text.nbr_table_get_lladdr
                0x0000f9a4        0xc contiki-sky.a(nbr-table.o)
                0x0000f9a4                nbr_table_get_lladdr
 .text.uip_debug_ipaddr_print
                0x0000f9b0       0x82 contiki-sky.a(uip-debug.o)
                0x0000f9b0                uip_debug_ipaddr_print
 .text.uip_debug_lladdr_print
                0x0000fa32       0x34 contiki-sky.a(uip-debug.o)
                0x0000fa32                uip_debug_lladdr_print
 .text.uip_icmp6_echo_request_input
                0x0000fa66      0x122 contiki-sky.a(uip-icmp6.o)
                0x0000fa66                uip_icmp6_echo_request_input
 .text.uip_icmp6_error_output
                0x0000fb88      0x16a contiki-sky.a(uip-icmp6.o)
                0x0000fb88                uip_icmp6_error_output
 .text.uip_icmp6_send
                0x0000fcf2       0x94 contiki-sky.a(uip-icmp6.o)
                0x0000fcf2                uip_icmp6_send
 .text.spi_init
                0x0000fd86       0x32 contiki-sky.a(spi.o)
                0x0000fd86                spi_init
 .text.libgcc   0x0000fdb8       0x20 /usr/lib/gcc/msp430/4.5.3/mmpy-16/libgcc.a(_mulsi3.o)
                0x0000fdb8                __mulsi3
 .text.libgcc   0x0000fdd8       0x1c /usr/lib/gcc/msp430/4.5.3/mmpy-16/libgcc.a(_udivmodqi4.o)
                0x0000fdd8                __udivmodqi4
 .text.libgcc   0x0000fdf4       0x1c /usr/lib/gcc/msp430/4.5.3/mmpy-16/libgcc.a(_udivmodhi4.o)
                0x0000fdf4                __udivmodhi4
 .text.libgcc   0x0000fe10       0x36 /usr/lib/gcc/msp430/4.5.3/mmpy-16/libgcc.a(_divmodhi4.o)
                0x0000fe10                __divmodhi4
 .text.libgcc   0x0000fe46       0x2a /usr/lib/gcc/msp430/4.5.3/mmpy-16/libgcc.a(_udivmodsi4.o)
                0x0000fe46                __udivmodsi4
 .text.libgcc   0x0000fe70       0x28 /usr/lib/gcc/msp430/4.5.3/mmpy-16/libgcc.a(_mulsi3hw.o)
                0x0000fe70                __umulsi3hw
 .text.libgcc   0x0000fe98       0x4a /usr/lib/gcc/msp430/4.5.3/mmpy-16/libgcc.a(_divmodsi4.o)
                0x0000fe98                __divmodsi4
 .text.crt0     0x0000fee2        0x2 /usr/lib/gcc/msp430/4.5.3/mmpy-16/libcrt0.a(_unexpected_.o)
                0x0000fee2                _unexpected_

.rodata         0x0000fee4        0x0
                0x0000fee4                . = ALIGN (0x2)
 *(.rodata .rodata.* .gnu.linkonce.r.*)
                0x0000fee4                . = ALIGN (0x2)
                0x0000fee4                _etext = .

.data           0x00001100       0xce load address 0x0000fee4
                0x00001100                . = ALIGN (0x2)
                0x00001100                PROVIDE (__data_start, .)
 *(.data)
 .data          0x00001100        0x8 udp-forwarder.co
                0x00001100                udp_client_process
 .data          0x00001108       0x18 contiki-sky.a(csma.o)
 .data          0x00001120        0x8 contiki-sky.a(etimer.o)
                0x00001120                etimer_process
 .data          0x00001128        0x8 contiki-sky.a(ctimer.o)
                0x00001128                ctimer_process
 .data          0x00001130       0x18 contiki-sky.a(queuebuf.o)
 .data          0x00001148        0x8 contiki-sky.a(tcpip.o)
                0x00001148                tcpip_process
 .data          0x00001150       0x20 contiki-sky.a(uip-ds6-route.o)
 .data          0x00001170        0xa contiki-sky.a(uip-ds6-nbr.o)
                0x00001170                ds6_neighbors
 .data          0x0000117a        0x4 contiki-sky.a(contiki-sky-pla)
                0x0000117a                sensors
 .data          0x0000117e        0x8 contiki-sky.a(sensors.o)
                0x0000117e                sensors_process
 .data          0x00001186        0x8 contiki-sky.a(cc2420.o)
                0x00001186                cc2420_process
 .data          0x0000118e        0x2 contiki-sky.a(msp430.o)
 .data          0x00001190        0x8 contiki-sky.a(rpl-dag.o)
 .data          0x00001198       0x12 contiki-sky.a(rpl-icmp6.o)
                0x00001198                multiple_dis_input
                0x000011a0                wait_dios
 .data          0x000011aa        0xe contiki-sky.a(rpl-mrhof.o)
                0x000011aa                rpl_mrhof
 .data          0x000011b8        0xa contiki-sky.a(rpl-unreachv2.o)
                0x000011b8                counter
                0x000011ba                unreach_process
 .data          0x000011c2        0x8 contiki-sky.a(nbr-table.o)
 .data          0x000011ca        0x4 /usr/lib/gcc/msp430/4.5.3/../../../../msp430/lib/mmpy-16/libc.a(rand.o)
 *(SORT(.data.*))
                0x000011ce                . = ALIGN (0x2)
 *(.gnu.linkonce.d*)
                0x000011ce                . = ALIGN (0x2)
                0x000011ce                _edata = .
                0x0000fee4                PROVIDE (__data_load_start, LOADADDR (.data))
                0x000000ce                PROVIDE (__data_size, SIZEOF (.data))

.bss            0x000011ce     0x1f2c load address 0x0000ffb2
                0x000011ce                PROVIDE (__bss_start, .)
 *(.bss)
 .bss           0x000011ce       0x1e udp-forwarder.co
 .bss           0x000011ec        0xc obj_sky/contiki-sky-main.o
 .bss           0x000011f8        0x2 contiki-sky.a(framer-802154.o)
 .bss           0x000011fa       0xc4 contiki-sky.a(csma.o)
 .bss           0x000012be       0xa0 contiki-sky.a(mac-sequence.o)
 .bss           0x0000135e       0x42 contiki-sky.a(process.o)
                0x0000135e                process_list
                0x00001360                process_current
 .bss           0x000013a0        0x6 contiki-sky.a(etimer.o)
 .bss           0x000013a6        0x4 contiki-sky.a(ctimer.o)
 .bss           0x000013aa        0x2 contiki-sky.a(rtimer.o)
 .bss           0x000013ac       0xba contiki-sky.a(packetbuf.o)
 .bss           0x00001466      0x71e contiki-sky.a(queuebuf.o)
 .bss           0x00001b84      0x124 contiki-sky.a(sicslowpan.o)
 .bss           0x00001ca8       0x6a contiki-sky.a(tcpip.o)
                0x00001ca8                mobility_flag
                0x00001caa                NO_DATA
                0x00001cac                test_unreachable
                0x00001cae                hand_off_backoff_flag
                0x00001cb0                tcp_rssi
                0x00001cb2                packet_input_count
 .bss           0x00001d12      0x362 contiki-sky.a(uip-ds6-route.o)
 .bss           0x00002074      0x2d0 contiki-sky.a(uip-ds6-nbr.o)
 .bss           0x00002344       0x18 contiki-sky.a(uip-ds6.o)
 .bss           0x0000235c        0xa contiki-sky.a(uip-nd6.o)
 .bss           0x00002366       0x10 contiki-sky.a(uip6.o)
                0x00002366                uip_ext_bitmap
                0x00002368                uip_ext_len
                0x0000236a                uip_ext_opt_offset
 .bss           0x00002376        0x8 contiki-sky.a(button-sensor.o)
 .bss           0x0000237e        0x2 contiki-sky.a(node-id.o)
                0x0000237e                node_id
 .bss           0x00002380        0x6 contiki-sky.a(sensors.o)
 .bss           0x00002386        0xa contiki-sky.a(cc2420.o)
 .bss           0x00002390       0x9a contiki-sky.a(uart1.o)
 .bss           0x0000242a        0xa contiki-sky.a(clock.o)
 .bss           0x00002434        0x2 contiki-sky.a(leds.o)
 .bss           0x00002436        0x2 contiki-sky.a(watchdog.o)
 .bss           0x00002438        0x2 contiki-sky.a(rpl.o)
 .bss           0x0000243a      0x168 contiki-sky.a(rpl-dag.o)
 .bss           0x000025a2       0x80 contiki-sky.a(rpl-icmp6.o)
                0x000025a2                outputindex
                0x000025a4                process_dis_input
 .bss           0x00002622       0x1a contiki-sky.a(rpl-timers.o)
 .bss           0x0000263c       0x18 contiki-sky.a(rpl-mrhof.o)
 .bss           0x00002654       0x1c contiki-sky.a(rpl-unreachv2.o)
 .bss           0x00002670      0x118 contiki-sky.a(nbr-table.o)
 .bss           0x00002788       0x10 contiki-sky.a(uip-icmp6.o)
 *(SORT(.bss.*))
 *(COMMON)
 COMMON         0x00002798        0xc udp-forwarder.co
                0x00002798                unreach_flag
                0x0000279a                check_dao_ack
                0x0000279c                rrssi
                0x000027a0                packets
 COMMON         0x000027a4        0x8 contiki-sky.a(rimeaddr.o)
                0x000027a4                rimeaddr_node_addr
 COMMON         0x000027ac        0x1 contiki-sky.a(process.o)
                0x000027ac                process_maxevents
 *fill*         0x000027ad        0x1 00
 COMMON         0x000027ae       0x56 contiki-sky.a(energest.o)
                0x000027ae                energest_total_time
                0x000027de                energest_total_count
                0x000027e0                energest_current_mode
                0x000027ec                energest_current_time
 COMMON         0x00002804       0x50 contiki-sky.a(packetbuf.o)
                0x00002804                packetbuf_addrs
                0x00002824                packetbuf_attrs
 COMMON         0x00002854        0x8 contiki-sky.a(sicslowpan.o)
                0x00002854                frag_sender
 COMMON         0x0000285c       0x10 contiki-sky.a(tcpip.o)
                0x0000285c                dag
                0x0000285e                instance
                0x00002860                number_of_childs
                0x00002862                rssi_sum
                0x00002864                end_time
                0x00002868                tcpip_event
                0x0000286a                mobile_nodes
 COMMON         0x0000286c      0x15c contiki-sky.a(uip-ds6.o)
                0x0000286c                uip_ds6_timer_ra
                0x00002874                uip_ds6_if
                0x00002960                uip_ds6_netif_addr_list_offset
                0x00002961                uip_ds6_addr_size
                0x00002962                uip_ds6_prefix_list
                0x000029bc                uip_ds6_timer_periodic
 COMMON         0x000029c8      0x304 contiki-sky.a(uip6.o)
                0x000029c8                uip_len
                0x000029ca                uip_sappdata
                0x000029cc                uip_acc32
                0x000029d0                uip_lladdr
                0x000029d8                uip_aligned_buf
                0x00002ac8                uip_flags
                0x00002aca                uip_next_hdr
                0x00002acc                uip_udp_conn
                0x00002ace                uip_appdata
                0x00002ad0                uip_conn
                0x00002ad2                uip_conns
                0x00002b82                uip_listenports
                0x00002b92                uip_slen
                0x00002b94                uip_udp_conns
 COMMON         0x00002ccc        0x2 contiki-sky.a(contiki-sky-pla)
                0x00002ccc                sensors_flags
 COMMON         0x00002cce        0x8 contiki-sky.a(ds2411.o)
                0x00002cce                ds2411_id
 COMMON         0x00002cd6        0x1 contiki-sky.a(sensors.o)
                0x00002cd6                sensors_event
 *fill*         0x00002cd7        0x1 00
 COMMON         0x00002cd8       0x14 contiki-sky.a(cc2420.o)
                0x00002cd8                cc2420_last_rssi
                0x00002cda                cc2420_packets_read
                0x00002cdc                cc2420_packets_seen
                0x00002cde                cc2420_sfd_start_time
                0x00002ce0                cc2420_time_of_departure
                0x00002ce2                cc2420_time_of_arrival
                0x00002ce4                cc2420_last_correlation
                0x00002ce6                cc2420_authority_level_of_sender
                0x00002ce8                cc2420_sfd_counter
                0x00002cea                cc2420_sfd_end_time
 COMMON         0x00002cec        0x2 contiki-sky.a(msp430.o)
                0x00002cec                msp430_dco_required
 COMMON         0x00002cee        0xc contiki-sky.a(rpl.o)
                0x00002cee                rpl_stats
 COMMON         0x00002cfa       0xd2 contiki-sky.a(rpl-dag.o)
                0x00002cfa                default_instance
                0x00002cfc                instance_table
 COMMON         0x00002dcc      0x31e contiki-sky.a(rpl-icmp6.o)
                0x00002dcc                dios
                0x00002f98                dis_event
                0x00002f9a                best_parent_rssi
                0x00002f9c                p
                0x00002f9e                dio_addr
                0x00002fa0                wait_dios_event
                0x00002fa2                best_parent_addr
                0x00002fb2                fuzzy_output
                0x00002fb4                dio
                0x00003010                mf_hpc
                0x00003014                mf_ave_rssi
                0x00003018                priority
                0x0000301a                fuzzy_quality_mf
                0x00003036                dom_hpc
                0x00003038                mf_etx
                0x0000303c                peak_value_ouput_mf
                0x00003074                dom_rssi
                0x00003076                dao_period
                0x0000308a                best_parent_dio
                0x000030e6                dom_etx
                0x000030e8                process_instance
 COMMON         0x000030ea        0xd contiki-sky.a(rpl-unreachv2.o)
                0x000030ea                current_t
                0x000030ee                end
                0x000030f0                pref
                0x000030f2                reliable
                0x000030f4                rssi
                0x000030f6                unreach_event
 *fill*         0x000030f7        0x1 00
 COMMON         0x000030f8        0x2 /usr/lib/gcc/msp430/4.5.3/../../../../msp430/lib/mmpy-16/libc.a(errno.o)
                0x000030f8                errno
                0x000030fa                PROVIDE (__bss_end, .)
                0x000030fa                _end = .
                0x00001f2c                PROVIDE (__bss_size, SIZEOF (.bss))

.noinit         0x000030fa        0x0 load address 0x0000ffb2
                0x000030fa                PROVIDE (__noinit_start, .)
 *(.noinit)
 *(.noinit.*)
 *(COMMON)
                0x000030fa                PROVIDE (__noinit_end, .)
                0x000030fa                _end = .

.infomem        0x00001000        0x0
 *(.infomem)
                0x00001000                . = ALIGN (0x2)
 *(.infomem.*)

.infomemnobits  0x00001000        0x0
                0x00001000                . = ALIGN (0x2)
 *(.infomemnobits)
                0x00001000                . = ALIGN (0x2)
 *(.infomemnobits.*)

.vectors        0x0000ffe0       0x20
                0x0000ffe0                PROVIDE (__vectors_start, .)
 *(.vectors*)
 .vectors       0x0000ffe0       0x20 /usr/lib/gcc/msp430/4.5.3/mmpy-16/crt0ivtbl16.o
                0x0000ffe0                __ivtbl_16
                0x00010000                _vectors_end = .

.fartext        0x00000000        0x0
                0x00000000                . = ALIGN (0x2)
 *(.fartext)
                0x00000000                . = ALIGN (0x2)
 *(.fartext.*)
                0x00000000                _efartext = .

.profiler
 *(.profiler)

.stab
 *(.stab)

.stabstr
 *(.stabstr)

.stab.excl
 *(.stab.excl)

.stab.exclstr
 *(.stab.exclstr)

.stab.index
 *(.stab.index)

.stab.indexstr
 *(.stab.indexstr)

.comment
 *(.comment)

.debug
 *(.debug)

.line
 *(.line)

.debug_srcinfo
 *(.debug_srcinfo)

.debug_sfnames
 *(.debug_sfnames)

.debug_aranges  0x00000000      0x1b8
 *(.debug_aranges)
 .debug_aranges
                0x00000000       0x14 /usr/lib/gcc/msp430/4.5.3/mmpy-16/libgcc.a(_mulsi3.o)
 .debug_aranges
                0x00000014       0x14 /usr/lib/gcc/msp430/4.5.3/mmpy-16/libgcc.a(_udivmodqi4.o)
 .debug_aranges
                0x00000028       0x14 /usr/lib/gcc/msp430/4.5.3/mmpy-16/libgcc.a(_udivmodhi4.o)
 .debug_aranges
                0x0000003c       0x14 /usr/lib/gcc/msp430/4.5.3/mmpy-16/libgcc.a(_divmodhi4.o)
 .debug_aranges
                0x00000050       0x14 /usr/lib/gcc/msp430/4.5.3/mmpy-16/libgcc.a(_udivmodsi4.o)
 .debug_aranges
                0x00000064       0x14 /usr/lib/gcc/msp430/4.5.3/../../../../msp430/lib/mmpy-16/libc.a(memcmp.o)
 .debug_aranges
                0x00000078       0x14 /usr/lib/gcc/msp430/4.5.3/../../../../msp430/lib/mmpy-16/libc.a(memcpy.o)
 .debug_aranges
                0x0000008c       0x14 /usr/lib/gcc/msp430/4.5.3/../../../../msp430/lib/mmpy-16/libc.a(memmove.o)
 .debug_aranges
                0x000000a0       0x14 /usr/lib/gcc/msp430/4.5.3/../../../../msp430/lib/mmpy-16/libc.a(memset.o)
 .debug_aranges
                0x000000b4       0x14 /usr/lib/gcc/msp430/4.5.3/../../../../msp430/lib/mmpy-16/libc.a(strtol.o)
 .debug_aranges
                0x000000c8       0x14 /usr/lib/gcc/msp430/4.5.3/../../../../msp430/lib/mmpy-16/libc.a(printf.o)
 .debug_aranges
                0x000000dc       0x14 /usr/lib/gcc/msp430/4.5.3/../../../../msp430/lib/mmpy-16/libc.a(vuprintf.o)
 .debug_aranges
                0x000000f0       0x14 /usr/lib/gcc/msp430/4.5.3/../../../../msp430/lib/mmpy-16/libc.a(puts.o)
 .debug_aranges
                0x00000104       0x14 /usr/lib/gcc/msp430/4.5.3/../../../../msp430/lib/mmpy-16/libc.a(rand.o)
 .debug_aranges
                0x00000118       0x14 /usr/lib/gcc/msp430/4.5.3/mmpy-16/libgcc.a(_mulsi3hw.o)
 .debug_aranges
                0x0000012c       0x14 /usr/lib/gcc/msp430/4.5.3/mmpy-16/libgcc.a(_divmodsi4.o)
 .debug_aranges
                0x00000140       0x14 /usr/lib/gcc/msp430/4.5.3/mmpy-16/libcrt0.a(__init_stack.o)
 .debug_aranges
                0x00000154       0x14 /usr/lib/gcc/msp430/4.5.3/mmpy-16/libcrt0.a(__low_level_init.o)
 .debug_aranges
                0x00000168       0x14 /usr/lib/gcc/msp430/4.5.3/mmpy-16/libcrt0.a(_copy_data.o)
 .debug_aranges
                0x0000017c       0x14 /usr/lib/gcc/msp430/4.5.3/mmpy-16/libcrt0.a(_clear_bss.o)
 .debug_aranges
                0x00000190       0x14 /usr/lib/gcc/msp430/4.5.3/mmpy-16/libcrt0.a(_endless_loop__.o)
 .debug_aranges
                0x000001a4       0x14 /usr/lib/gcc/msp430/4.5.3/mmpy-16/libcrt0.a(_unexpected_.o)

.debug_pubnames
                0x00000000      0x141
 *(.debug_pubnames)
 .debug_pubnames
                0x00000000       0x1d /usr/lib/gcc/msp430/4.5.3/../../../../msp430/lib/mmpy-16/libc.a(memcmp.o)
 .debug_pubnames
                0x0000001d       0x1d /usr/lib/gcc/msp430/4.5.3/../../../../msp430/lib/mmpy-16/libc.a(memcpy.o)
 .debug_pubnames
                0x0000003a       0x1e /usr/lib/gcc/msp430/4.5.3/../../../../msp430/lib/mmpy-16/libc.a(memmove.o)
 .debug_pubnames
                0x00000058       0x1d /usr/lib/gcc/msp430/4.5.3/../../../../msp430/lib/mmpy-16/libc.a(memset.o)
 .debug_pubnames
                0x00000075       0x1d /usr/lib/gcc/msp430/4.5.3/../../../../msp430/lib/mmpy-16/libc.a(strtol.o)
 .debug_pubnames
                0x00000092       0x29 /usr/lib/gcc/msp430/4.5.3/../../../../msp430/lib/mmpy-16/libc.a(printf.o)
 .debug_pubnames
                0x000000bb       0x1f /usr/lib/gcc/msp430/4.5.3/../../../../msp430/lib/mmpy-16/libc.a(vuprintf.o)
 .debug_pubnames
                0x000000da       0x1b /usr/lib/gcc/msp430/4.5.3/../../../../msp430/lib/mmpy-16/libc.a(puts.o)
 .debug_pubnames
                0x000000f5       0x30 /usr/lib/gcc/msp430/4.5.3/../../../../msp430/lib/mmpy-16/libc.a(rand.o)
 .debug_pubnames
                0x00000125       0x1c /usr/lib/gcc/msp430/4.5.3/../../../../msp430/lib/mmpy-16/libc.a(errno.o)

.debug_info     0x00000000     0x16e1
 *(.debug_info)
 .debug_info    0x00000000       0xd7 /usr/lib/gcc/msp430/4.5.3/mmpy-16/libgcc.a(_mulsi3.o)
 .debug_info    0x000000d7       0xd7 /usr/lib/gcc/msp430/4.5.3/mmpy-16/libgcc.a(_udivmodqi4.o)
 .debug_info    0x000001ae       0xd7 /usr/lib/gcc/msp430/4.5.3/mmpy-16/libgcc.a(_udivmodhi4.o)
 .debug_info    0x00000285       0xd7 /usr/lib/gcc/msp430/4.5.3/mmpy-16/libgcc.a(_divmodhi4.o)
 .debug_info    0x0000035c       0xd7 /usr/lib/gcc/msp430/4.5.3/mmpy-16/libgcc.a(_udivmodsi4.o)
 .debug_info    0x00000433       0xe2 /usr/lib/gcc/msp430/4.5.3/../../../../msp430/lib/mmpy-16/libc.a(memcmp.o)
 .debug_info    0x00000515      0x113 /usr/lib/gcc/msp430/4.5.3/../../../../msp430/lib/mmpy-16/libc.a(memcpy.o)
 .debug_info    0x00000628      0x113 /usr/lib/gcc/msp430/4.5.3/../../../../msp430/lib/mmpy-16/libc.a(memmove.o)
 .debug_info    0x0000073b       0xfe /usr/lib/gcc/msp430/4.5.3/../../../../msp430/lib/mmpy-16/libc.a(memset.o)
 .debug_info    0x00000839      0x1e6 /usr/lib/gcc/msp430/4.5.3/../../../../msp430/lib/mmpy-16/libc.a(strtol.o)
 .debug_info    0x00000a1f      0x103 /usr/lib/gcc/msp430/4.5.3/../../../../msp430/lib/mmpy-16/libc.a(printf.o)
 .debug_info    0x00000b22      0x3b5 /usr/lib/gcc/msp430/4.5.3/../../../../msp430/lib/mmpy-16/libc.a(vuprintf.o)
 .debug_info    0x00000ed7       0x96 /usr/lib/gcc/msp430/4.5.3/../../../../msp430/lib/mmpy-16/libc.a(puts.o)
 .debug_info    0x00000f6d      0x137 /usr/lib/gcc/msp430/4.5.3/../../../../msp430/lib/mmpy-16/libc.a(rand.o)
 .debug_info    0x000010a4       0x39 /usr/lib/gcc/msp430/4.5.3/../../../../msp430/lib/mmpy-16/libc.a(errno.o)
 .debug_info    0x000010dd       0xd7 /usr/lib/gcc/msp430/4.5.3/mmpy-16/libgcc.a(_mulsi3hw.o)
 .debug_info    0x000011b4       0xd7 /usr/lib/gcc/msp430/4.5.3/mmpy-16/libgcc.a(_divmodsi4.o)
 .debug_info    0x0000128b       0xb9 /usr/lib/gcc/msp430/4.5.3/mmpy-16/libcrt0.a(__init_stack.o)
 .debug_info    0x00001344       0xb9 /usr/lib/gcc/msp430/4.5.3/mmpy-16/libcrt0.a(__low_level_init.o)
 .debug_info    0x000013fd       0xb9 /usr/lib/gcc/msp430/4.5.3/mmpy-16/libcrt0.a(_copy_data.o)
 .debug_info    0x000014b6       0xb9 /usr/lib/gcc/msp430/4.5.3/mmpy-16/libcrt0.a(_clear_bss.o)
 .debug_info    0x0000156f       0xb9 /usr/lib/gcc/msp430/4.5.3/mmpy-16/libcrt0.a(_endless_loop__.o)
 .debug_info    0x00001628       0xb9 /usr/lib/gcc/msp430/4.5.3/mmpy-16/libcrt0.a(_unexpected_.o)
 *(.gnu.linkonce.wi.*)

.debug_abbrev   0x00000000      0x860
 *(.debug_abbrev)
 .debug_abbrev  0x00000000       0x14 /usr/lib/gcc/msp430/4.5.3/mmpy-16/libgcc.a(_mulsi3.o)
 .debug_abbrev  0x00000014       0x14 /usr/lib/gcc/msp430/4.5.3/mmpy-16/libgcc.a(_udivmodqi4.o)
 .debug_abbrev  0x00000028       0x14 /usr/lib/gcc/msp430/4.5.3/mmpy-16/libgcc.a(_udivmodhi4.o)
 .debug_abbrev  0x0000003c       0x14 /usr/lib/gcc/msp430/4.5.3/mmpy-16/libgcc.a(_divmodhi4.o)
 .debug_abbrev  0x00000050       0x14 /usr/lib/gcc/msp430/4.5.3/mmpy-16/libgcc.a(_udivmodsi4.o)
 .debug_abbrev  0x00000064       0x8a /usr/lib/gcc/msp430/4.5.3/../../../../msp430/lib/mmpy-16/libc.a(memcmp.o)
 .debug_abbrev  0x000000ee       0x97 /usr/lib/gcc/msp430/4.5.3/../../../../msp430/lib/mmpy-16/libc.a(memcpy.o)
 .debug_abbrev  0x00000185       0x97 /usr/lib/gcc/msp430/4.5.3/../../../../msp430/lib/mmpy-16/libc.a(memmove.o)
 .debug_abbrev  0x0000021c       0x8d /usr/lib/gcc/msp430/4.5.3/../../../../msp430/lib/mmpy-16/libc.a(memset.o)
 .debug_abbrev  0x000002a9      0x112 /usr/lib/gcc/msp430/4.5.3/../../../../msp430/lib/mmpy-16/libc.a(strtol.o)
 .debug_abbrev  0x000003bb       0xce /usr/lib/gcc/msp430/4.5.3/../../../../msp430/lib/mmpy-16/libc.a(printf.o)
 .debug_abbrev  0x00000489      0x1cb /usr/lib/gcc/msp430/4.5.3/../../../../msp430/lib/mmpy-16/libc.a(vuprintf.o)
 .debug_abbrev  0x00000654       0x60 /usr/lib/gcc/msp430/4.5.3/../../../../msp430/lib/mmpy-16/libc.a(puts.o)
 .debug_abbrev  0x000006b4       0xdc /usr/lib/gcc/msp430/4.5.3/../../../../msp430/lib/mmpy-16/libc.a(rand.o)
 .debug_abbrev  0x00000790       0x30 /usr/lib/gcc/msp430/4.5.3/../../../../msp430/lib/mmpy-16/libc.a(errno.o)
 .debug_abbrev  0x000007c0       0x14 /usr/lib/gcc/msp430/4.5.3/mmpy-16/libgcc.a(_mulsi3hw.o)
 .debug_abbrev  0x000007d4       0x14 /usr/lib/gcc/msp430/4.5.3/mmpy-16/libgcc.a(_divmodsi4.o)
 .debug_abbrev  0x000007e8       0x14 /usr/lib/gcc/msp430/4.5.3/mmpy-16/libcrt0.a(__init_stack.o)
 .debug_abbrev  0x000007fc       0x14 /usr/lib/gcc/msp430/4.5.3/mmpy-16/libcrt0.a(__low_level_init.o)
 .debug_abbrev  0x00000810       0x14 /usr/lib/gcc/msp430/4.5.3/mmpy-16/libcrt0.a(_copy_data.o)
 .debug_abbrev  0x00000824       0x14 /usr/lib/gcc/msp430/4.5.3/mmpy-16/libcrt0.a(_clear_bss.o)
 .debug_abbrev  0x00000838       0x14 /usr/lib/gcc/msp430/4.5.3/mmpy-16/libcrt0.a(_endless_loop__.o)
 .debug_abbrev  0x0000084c       0x14 /usr/lib/gcc/msp430/4.5.3/mmpy-16/libcrt0.a(_unexpected_.o)

.debug_line     0x00000000      0xe88
 *(.debug_line)
 .debug_line    0x00000000       0x9d /usr/lib/gcc/msp430/4.5.3/mmpy-16/libgcc.a(_mulsi3.o)
 .debug_line    0x0000009d       0x9a /usr/lib/gcc/msp430/4.5.3/mmpy-16/libgcc.a(_udivmodqi4.o)
 .debug_line    0x00000137       0x9a /usr/lib/gcc/msp430/4.5.3/mmpy-16/libgcc.a(_udivmodhi4.o)
 .debug_line    0x000001d1       0xa5 /usr/lib/gcc/msp430/4.5.3/mmpy-16/libgcc.a(_divmodhi4.o)
 .debug_line    0x00000276       0xa1 /usr/lib/gcc/msp430/4.5.3/mmpy-16/libgcc.a(_udivmodsi4.o)
 .debug_line    0x00000317       0x7c /usr/lib/gcc/msp430/4.5.3/../../../../msp430/lib/mmpy-16/libc.a(memcmp.o)
 .debug_line    0x00000393       0xf3 /usr/lib/gcc/msp430/4.5.3/../../../../msp430/lib/mmpy-16/libc.a(memcpy.o)
 .debug_line    0x00000486       0xf3 /usr/lib/gcc/msp430/4.5.3/../../../../msp430/lib/mmpy-16/libc.a(memmove.o)
 .debug_line    0x00000579       0xbd /usr/lib/gcc/msp430/4.5.3/../../../../msp430/lib/mmpy-16/libc.a(memset.o)
 .debug_line    0x00000636      0x117 /usr/lib/gcc/msp430/4.5.3/../../../../msp430/lib/mmpy-16/libc.a(strtol.o)
 .debug_line    0x0000074d       0x72 /usr/lib/gcc/msp430/4.5.3/../../../../msp430/lib/mmpy-16/libc.a(printf.o)
 .debug_line    0x000007bf      0x198 /usr/lib/gcc/msp430/4.5.3/../../../../msp430/lib/mmpy-16/libc.a(vuprintf.o)
 .debug_line    0x00000957       0x4d /usr/lib/gcc/msp430/4.5.3/../../../../msp430/lib/mmpy-16/libc.a(puts.o)
 .debug_line    0x000009a4       0x52 /usr/lib/gcc/msp430/4.5.3/../../../../msp430/lib/mmpy-16/libc.a(rand.o)
 .debug_line    0x000009f6       0x31 /usr/lib/gcc/msp430/4.5.3/../../../../msp430/lib/mmpy-16/libc.a(errno.o)
 .debug_line    0x00000a27       0x97 /usr/lib/gcc/msp430/4.5.3/mmpy-16/libgcc.a(_mulsi3hw.o)
 .debug_line    0x00000abe       0xaf /usr/lib/gcc/msp430/4.5.3/mmpy-16/libgcc.a(_divmodsi4.o)
 .debug_line    0x00000b6d       0x82 /usr/lib/gcc/msp430/4.5.3/mmpy-16/libcrt0.a(__init_stack.o)
 .debug_line    0x00000bef       0x84 /usr/lib/gcc/msp430/4.5.3/mmpy-16/libcrt0.a(__low_level_init.o)
 .debug_line    0x00000c73       0x88 /usr/lib/gcc/msp430/4.5.3/mmpy-16/libcrt0.a(_copy_data.o)
 .debug_line    0x00000cfb       0x88 /usr/lib/gcc/msp430/4.5.3/mmpy-16/libcrt0.a(_clear_bss.o)
 .debug_line    0x00000d83       0x83 /usr/lib/gcc/msp430/4.5.3/mmpy-16/libcrt0.a(_endless_loop__.o)
 .debug_line    0x00000e06       0x82 /usr/lib/gcc/msp430/4.5.3/mmpy-16/libcrt0.a(_unexpected_.o)

.debug_frame    0x00000000      0x228
 *(.debug_frame)
 .debug_frame   0x00000000       0x28 /usr/lib/gcc/msp430/4.5.3/../../../../msp430/lib/mmpy-16/libc.a(memcmp.o)
 .debug_frame   0x00000028       0x32 /usr/lib/gcc/msp430/4.5.3/../../../../msp430/lib/mmpy-16/libc.a(memcpy.o)
 .debug_frame   0x0000005a       0x32 /usr/lib/gcc/msp430/4.5.3/../../../../msp430/lib/mmpy-16/libc.a(memmove.o)
 .debug_frame   0x0000008c       0x32 /usr/lib/gcc/msp430/4.5.3/../../../../msp430/lib/mmpy-16/libc.a(memset.o)
 .debug_frame   0x000000be       0x4a /usr/lib/gcc/msp430/4.5.3/../../../../msp430/lib/mmpy-16/libc.a(strtol.o)
 .debug_frame   0x00000108       0x2a /usr/lib/gcc/msp430/4.5.3/../../../../msp430/lib/mmpy-16/libc.a(printf.o)
 .debug_frame   0x00000132       0x82 /usr/lib/gcc/msp430/4.5.3/../../../../msp430/lib/mmpy-16/libc.a(vuprintf.o)
 .debug_frame   0x000001b4       0x24 /usr/lib/gcc/msp430/4.5.3/../../../../msp430/lib/mmpy-16/libc.a(puts.o)
 .debug_frame   0x000001d8       0x50 /usr/lib/gcc/msp430/4.5.3/../../../../msp430/lib/mmpy-16/libc.a(rand.o)

.debug_str      0x00000000      0x361
 *(.debug_str)
 .debug_str     0x00000000       0x99 /usr/lib/gcc/msp430/4.5.3/../../../../msp430/lib/mmpy-16/libc.a(memcmp.o)
                                 0xd2 (size before relaxing)
 .debug_str     0x00000099       0x34 /usr/lib/gcc/msp430/4.5.3/../../../../msp430/lib/mmpy-16/libc.a(memcpy.o)
                                 0xed (size before relaxing)
 .debug_str     0x000000cd       0x1b /usr/lib/gcc/msp430/4.5.3/../../../../msp430/lib/mmpy-16/libc.a(memmove.o)
                                 0xef (size before relaxing)
 .debug_str     0x000000e8       0x26 /usr/lib/gcc/msp430/4.5.3/../../../../msp430/lib/mmpy-16/libc.a(memset.o)
                                 0xeb (size before relaxing)
 .debug_str     0x0000010e       0x54 /usr/lib/gcc/msp430/4.5.3/../../../../msp430/lib/mmpy-16/libc.a(strtol.o)
                                0x106 (size before relaxing)
 .debug_str     0x00000162       0x40 /usr/lib/gcc/msp430/4.5.3/../../../../msp430/lib/mmpy-16/libc.a(printf.o)
                                0x101 (size before relaxing)
 .debug_str     0x000001a2      0x16a /usr/lib/gcc/msp430/4.5.3/../../../../msp430/lib/mmpy-16/libc.a(vuprintf.o)
                                0x25d (size before relaxing)
 .debug_str     0x0000030c       0x15 /usr/lib/gcc/msp430/4.5.3/../../../../msp430/lib/mmpy-16/libc.a(puts.o)
                                 0xc7 (size before relaxing)
 .debug_str     0x00000321       0x2f /usr/lib/gcc/msp430/4.5.3/../../../../msp430/lib/mmpy-16/libc.a(rand.o)
                                 0xe6 (size before relaxing)
 .debug_str     0x00000350       0x11 /usr/lib/gcc/msp430/4.5.3/../../../../msp430/lib/mmpy-16/libc.a(errno.o)
                                 0x4a (size before relaxing)

.debug_loc      0x00000000      0xc61
 *(.debug_loc)
 .debug_loc     0x00000000       0x59 /usr/lib/gcc/msp430/4.5.3/../../../../msp430/lib/mmpy-16/libc.a(memcmp.o)
 .debug_loc     0x00000059      0x1d6 /usr/lib/gcc/msp430/4.5.3/../../../../msp430/lib/mmpy-16/libc.a(memcpy.o)