Archive member included because of file (symbol)

contiki-sky.a(rimeaddr.o)     obj_sky/contiki-sky-main.o (rimeaddr_copy)
contiki-sky.a(csma.o)         obj_sky/contiki-sky-main.o (csma_driver)
contiki-sky.a(contikimac.o)   udp-sink.co (contikimac_driver)
contiki-sky.a(phase.o)        contiki-sky.a(contikimac.o) (phase_update)
contiki-sky.a(mac-sequence.o)
                              contiki-sky.a(contikimac.o) (mac_sequence_is_duplicate)
contiki-sky.a(rpl-dag.o)      udp-sink.co (rpl_set_prefix)
contiki-sky.a(rpl-icmp6.o)    contiki-sky.a(rpl-dag.o) (dao_output)
contiki-sky.a(rpl-timers.o)   contiki-sky.a(rpl-icmp6.o) (new_dio_interval)
contiki-sky.a(rpl-mrhof.o)    contiki-sky.a(rpl-dag.o) (rpl_mrhof)
contiki-sky.a(rpl-unreachv2.o)
                              contiki-sky.a(rpl-mrhof.o) (rpl_unreach)
contiki-sky.a(process.o)      udp-sink.co (process_current)
contiki-sky.a(autostart.o)    obj_sky/contiki-sky-main.o (autostart_start)
contiki-sky.a(compower.o)     contiki-sky.a(contikimac.o) (compower_idle_activity)
contiki-sky.a(serial-line.o)  obj_sky/collect-common.o (serial_line_event_message)
contiki-sky.a(memb.o)         contiki-sky.a(csma.o) (memb_init)
contiki-sky.a(timer.o)        obj_sky/contiki-sky-main.o (timer_set)
contiki-sky.a(list.o)         contiki-sky.a(csma.o) (list_init)
contiki-sky.a(etimer.o)       obj_sky/contiki-sky-main.o (etimer_process)
contiki-sky.a(ctimer.o)       obj_sky/contiki-sky-main.o (ctimer_init)
contiki-sky.a(energest.o)     obj_sky/contiki-sky-main.o (energest_init)
contiki-sky.a(rtimer.o)       obj_sky/contiki-sky-main.o (rtimer_init)
contiki-sky.a(stimer.o)       contiki-sky.a(rpl-icmp6.o) (stimer_set)
contiki-sky.a(random.o)       obj_sky/contiki-sky-main.o (random_init)
contiki-sky.a(ringbuf.o)      contiki-sky.a(serial-line.o) (ringbuf_init)
contiki-sky.a(nbr-table.o)    contiki-sky.a(phase.o) (nbr_table_register)
contiki-sky.a(packetbuf.o)    contiki-sky.a(contikimac.o) (packetbuf_hdr_remove)
contiki-sky.a(queuebuf.o)     obj_sky/contiki-sky-main.o (queuebuf_init)
contiki-sky.a(sicslowpan.o)   obj_sky/contiki-sky-main.o (sicslowpan_driver)
contiki-sky.a(tcpip.o)        contiki-sky.a(rpl-icmp6.o) (hand_off_backoff_flag)
contiki-sky.a(uip-debug.o)    udp-sink.co (uip_debug_ipaddr_print)
contiki-sky.a(uip-ds6-route.o)
                              contiki-sky.a(rpl-icmp6.o) (uip_ds6_route_nexthop)
contiki-sky.a(uip-ds6-nbr.o)  contiki-sky.a(rpl-icmp6.o) (uip_ds6_nbr_add)
contiki-sky.a(uip-ds6.o)      contiki-sky.a(tcpip.o) (uip_ds6_is_addr_onlink)
contiki-sky.a(uip-icmp6.o)    contiki-sky.a(rpl-icmp6.o) (uip_icmp6_send)
contiki-sky.a(uip-nd6.o)      contiki-sky.a(tcpip.o) (uip_nd6_ns_output)
contiki-sky.a(uip6.o)         udp-sink.co (uip_aligned_buf)
contiki-sky.a(contiki-sky-pla)
                              obj_sky/contiki-sky-main.o (init_platform)
contiki-sky.a(button-sensor.o)
                              udp-sink.co (button_sensor)
contiki-sky.a(ds2411.o)       obj_sky/contiki-sky-main.o (ds2411_init)
contiki-sky.a(xmem.o)         obj_sky/contiki-sky-main.o (xmem_init)
contiki-sky.a(node-id.o)      obj_sky/contiki-sky-main.o (node_id_restore)
contiki-sky.a(sensors.o)      udp-sink.co (sensors_event)
contiki-sky.a(cc2420.o)       obj_sky/contiki-sky-main.o (cc2420_set_pan_addr)
contiki-sky.a(cc2420-arch.o)  contiki-sky.a(cc2420.o) (cc2420_arch_init)
contiki-sky.a(uart1.o)        obj_sky/contiki-sky-main.o (uart1_active)
contiki-sky.a(uart1-putchar.o)
                              udp-sink.co (putchar)
contiki-sky.a(msp430.o)       contiki-sky.a(uart1.o) (msp430_add_lpm_req)
contiki-sky.a(clock.o)        contiki-sky.a(rpl-dag.o) (clock_time)
contiki-sky.a(leds.o)         obj_sky/contiki-sky-main.o (leds_init)
contiki-sky.a(leds-arch.o)    contiki-sky.a(leds.o) (leds_arch_init)
contiki-sky.a(watchdog.o)     obj_sky/contiki-sky-main.o (watchdog_start)
contiki-sky.a(rtimer-arch.o)  contiki-sky.a(rtimer.o) (rtimer_arch_init)
contiki-sky.a(mac.o)          contiki-sky.a(csma.o) (mac_call_sent_callback)
contiki-sky.a(framer-802154.o)
                              contiki-sky.a(contikimac.o) (framer_802154)
contiki-sky.a(rpl.o)          contiki-sky.a(rpl-icmp6.o) (rpl_get_mode)
contiki-sky.a(rpl-ext-header.)
                              contiki-sky.a(uip6.o) (rpl_verify_header)
contiki-sky.a(spi.o)          contiki-sky.a(xmem.o) (spi_init)
contiki-sky.a(frame802154.o)  contiki-sky.a(framer-802154.o) (frame802154_hdrlen)
/usr/lib/gcc/msp430/4.5.3/mmpy-16/libgcc.a(_mulsi3.o)
                              contiki-sky.a(csma.o) (__mulsi3)
/usr/lib/gcc/msp430/4.5.3/mmpy-16/libgcc.a(_udivmodhi4.o)
                              obj_sky/collect-common.o (__udivmodhi4)
/usr/lib/gcc/msp430/4.5.3/mmpy-16/libgcc.a(_divmodhi4.o)
                              contiki-sky.a(rpl-icmp6.o) (__divmodhi4)
/usr/lib/gcc/msp430/4.5.3/mmpy-16/libgcc.a(_udivmodsi4.o)
                              obj_sky/contiki-sky-main.o (__udivmodsi4)
[...]
Memory Configuration

Name             Origin             Length             Attributes
sfr              0x00000000         0x00000010
peripheral_8bit  0x00000010         0x000000f0
peripheral_16bit 0x00000100         0x00000100
infomem          0x00001000         0x00000100
infob            0x00001000         0x00000080
infoa            0x00001080         0x00000080
ram              0x00001100         0x00002800         xw
rom              0x00004000         0x0000bfe0         xr
vectors          0x0000ffe0         0x00000020
bsl              0x00000000         0x00000000
infoc            0x00000000         0x00000000
infod            0x00000000         0x00000000
far_rom          0x00000000         0x00000000
*default*        0x00000000         0xffffffff

Linker script and memory map

LOAD /usr/lib/gcc/msp430/4.5.3/mmpy-16/crt0ivtbl16.o
LOAD udp-sink.co
LOAD obj_sky/collect-common.o
LOAD obj_sky/contiki-sky-main.o
LOAD contiki-sky.a
LOAD /usr/lib/gcc/msp430/4.5.3/mmpy-16/libgcc.a
LOAD /usr/lib/gcc/msp430/4.5.3/../../../../msp430/lib/mmpy-16/libc.a
LOAD /usr/lib/gcc/msp430/4.5.3/mmpy-16/libgcc.a
LOAD /usr/lib/gcc/msp430/4.5.3/mmpy-16/libcrt0.a
                0x00000000                __IE1 = 0x0
                0x00000002                __IFG1 = 0x2
                0x00000004                __ME1 = 0x4
                0x00000001                __IE2 = 0x1
                0x00000003                __IFG2 = 0x3
                0x00000005                __ME2 = 0x5
                0x00000120                __WDTCTL = 0x120
                0x00000130                __MPY = 0x130
                0x00000132                __MPYS = 0x132
                0x00000134                __MAC = 0x134
                0x00000136                __MACS = 0x136
                0x00000138                __OP2 = 0x138
                0x0000013a                __RESLO = 0x13a
                0x0000013c                __RESHI = 0x13c
                0x0000013e                __SUMEXT = 0x13e
                0x00000020                __P1IN = 0x20
                0x00000021                __P1OUT = 0x21
                0x00000022                __P1DIR = 0x22
                0x00000023                __P1IFG = 0x23
                0x00000024                __P1IES = 0x24
                0x00000025                __P1IE = 0x25
                0x00000026                __P1SEL = 0x26
                0x00000028                __P2IN = 0x28
                0x00000029                __P2OUT = 0x29
                0x0000002a                __P2DIR = 0x2a
                0x0000002b                __P2IFG = 0x2b
                0x0000002c                __P2IES = 0x2c
                0x0000002d                __P2IE = 0x2d
                0x0000002e                __P2SEL = 0x2e
                0x00000018                __P3IN = 0x18
                0x00000019                __P3OUT = 0x19
                0x0000001a                __P3DIR = 0x1a
                0x0000001b                __P3SEL = 0x1b
                0x0000001c                __P4IN = 0x1c
                0x0000001d                __P4OUT = 0x1d
                0x0000001e                __P4DIR = 0x1e
                0x0000001f                __P4SEL = 0x1f
                0x00000030                __P5IN = 0x30
                0x00000031                __P5OUT = 0x31
                0x00000032                __P5DIR = 0x32
                0x00000033                __P5SEL = 0x33
                0x00000034                __P6IN = 0x34
                0x00000035                __P6OUT = 0x35
                0x00000036                __P6DIR = 0x36
                0x00000037                __P6SEL = 0x37
                0x00000070                __U0CTL = 0x70
                0x00000071                __U0TCTL = 0x71
                0x00000072                __U0RCTL = 0x72
                0x00000073                __U0MCTL = 0x73
                0x00000074                __U0BR0 = 0x74
                0x00000075                __U0BR1 = 0x75
                0x00000076                __U0RXBUF = 0x76
                0x00000077                __U0TXBUF = 0x77
                0x00000078                __U1CTL = 0x78
                0x00000079                __U1TCTL = 0x79
                0x0000007a                __U1RCTL = 0x7a
                0x0000007b                __U1MCTL = 0x7b
                0x0000007c                __U1BR0 = 0x7c
                0x0000007d                __U1BR1 = 0x7d
                0x0000007e                __U1RXBUF = 0x7e
                0x0000007f                __U1TXBUF = 0x7f
                0x00000050                __I2CIE = 0x50
                0x00000051                __I2CIFG = 0x51
                0x00000052                __I2CNDAT = 0x52
                0x00000071                __I2CTCTL = 0x71
                0x00000072                __I2CDCTL = 0x72
                0x00000073                __I2CPSC = 0x73
                0x00000074                __I2CSCLH = 0x74
                0x00000075                __I2CSCLL = 0x75
                0x00000076                __I2CDRB = 0x76
                0x00000076                __I2CDRW = 0x76
                0x00000118                __I2COA = 0x118
                0x0000011a                __I2CSA = 0x11a
                0x0000011c                __I2CIV = 0x11c
                0x0000012e                __TAIV = 0x12e
                0x00000160                __TACTL = 0x160
                0x00000162                __TACCTL0 = 0x162
                0x00000164                __TACCTL1 = 0x164
                0x00000166                __TACCTL2 = 0x166
                0x00000170                __TAR = 0x170
                0x00000172                __TACCR0 = 0x172
                0x00000174                __TACCR1 = 0x174
                0x00000176                __TACCR2 = 0x176
                0x0000011e                __TBIV = 0x11e
                0x00000180                __TBCTL = 0x180
                0x00000182                __TBCCTL0 = 0x182
                0x00000184                __TBCCTL1 = 0x184
                0x00000186                __TBCCTL2 = 0x186
                0x00000188                __TBCCTL3 = 0x188
                0x0000018a                __TBCCTL4 = 0x18a
                0x0000018c                __TBCCTL5 = 0x18c
                0x0000018e                __TBCCTL6 = 0x18e
                0x00000190                __TBR = 0x190
                0x00000192                __TBCCR0 = 0x192
                0x00000194                __TBCCR1 = 0x194
                0x00000196                __TBCCR2 = 0x196
                0x00000198                __TBCCR3 = 0x198
                0x0000019a                __TBCCR4 = 0x19a
                0x0000019c                __TBCCR5 = 0x19c
                0x0000019e                __TBCCR6 = 0x19e
                0x00000056                __DCOCTL = 0x56
                0x00000057                __BCSCTL1 = 0x57
                0x00000058                __BCSCTL2 = 0x58
                0x00000055                __SVSCTL = 0x55
                0x00000128                __FCTL1 = 0x128
                0x0000012a                __FCTL2 = 0x12a
                0x0000012c                __FCTL3 = 0x12c
                0x00000059                __CACTL1 = 0x59
                0x0000005a                __CACTL2 = 0x5a
                0x0000005b                __CAPD = 0x5b
                0x000001a0                __ADC12CTL0 = 0x1a0
                0x000001a2                __ADC12CTL1 = 0x1a2
                0x000001a4                __ADC12IFG = 0x1a4
                0x000001a6                __ADC12IE = 0x1a6
                0x000001a8                __ADC12IV = 0x1a8
                0x00000140                __ADC12MEM0 = 0x140
                0x00000142                __ADC12MEM1 = 0x142
                0x00000144                __ADC12MEM2 = 0x144
                0x00000146                __ADC12MEM3 = 0x146
                0x00000148                __ADC12MEM4 = 0x148
                0x0000014a                __ADC12MEM5 = 0x14a
                0x0000014c                __ADC12MEM6 = 0x14c
                0x0000014e                __ADC12MEM7 = 0x14e
                0x00000150                __ADC12MEM8 = 0x150
                0x00000152                __ADC12MEM9 = 0x152
                0x00000154                __ADC12MEM10 = 0x154
                0x00000156                __ADC12MEM11 = 0x156
                0x00000158                __ADC12MEM12 = 0x158
                0x0000015a                __ADC12MEM13 = 0x15a
                0x0000015c                __ADC12MEM14 = 0x15c
                0x0000015e                __ADC12MEM15 = 0x15e
                0x00000080                __ADC12MCTL0 = 0x80
                0x00000081                __ADC12MCTL1 = 0x81
                0x00000082                __ADC12MCTL2 = 0x82
                0x00000083                __ADC12MCTL3 = 0x83
                0x00000084                __ADC12MCTL4 = 0x84
                0x00000085                __ADC12MCTL5 = 0x85
                0x00000086                __ADC12MCTL6 = 0x86
                0x00000087                __ADC12MCTL7 = 0x87
                0x00000088                __ADC12MCTL8 = 0x88
                0x00000089                __ADC12MCTL9 = 0x89
                0x0000008a                __ADC12MCTL10 = 0x8a
                0x0000008b                __ADC12MCTL11 = 0x8b
                0x0000008c                __ADC12MCTL12 = 0x8c
                0x0000008d                __ADC12MCTL13 = 0x8d
                0x0000008e                __ADC12MCTL14 = 0x8e
                0x0000008f                __ADC12MCTL15 = 0x8f
                0x000001c0                __DAC12_0CTL = 0x1c0
                0x000001c2                __DAC12_1CTL = 0x1c2
                0x000001c8                __DAC12_0DAT = 0x1c8
                0x000001ca                __DAC12_1DAT = 0x1ca
                0x00000122                __DMACTL0 = 0x122
                0x00000124                __DMACTL1 = 0x124
                0x000001e0                __DMA0CTL = 0x1e0
                0x000001e8                __DMA1CTL = 0x1e8
                0x000001f0                __DMA2CTL = 0x1f0
                0x000001e2                __DMA0SA = 0x1e2
                0x000001e4                __DMA0DA = 0x1e4
                0x000001e6                __DMA0SZ = 0x1e6
                0x000001ea                __DMA1SA = 0x1ea
                0x000001ec                __DMA1DA = 0x1ec
                0x000001ee                __DMA1SZ = 0x1ee
                0x000001f2                __DMA2SA = 0x1f2
                0x000001f4                __DMA2DA = 0x1f4
                0x000001f6                __DMA2SZ = 0x1f6

.hash
 *(.hash)

.dynsym
 *(.dynsym)

.dynstr
 *(.dynstr)

.gnu.version
 *(.gnu.version)

.gnu.version_d
 *(.gnu.version_d)

.gnu.version_r
 *(.gnu.version_r)

.rel.init
 *(.rel.init)

.rela.init
 *(.rela.init)

.rel.text
 *(.rel.text)
 *(.rel.text.*)
 *(.rel.gnu.linkonce.t*)

.rela.text
 *(.rela.text)
 *(.rela.text.*)
 *(.rela.gnu.linkonce.t*)

.rel.fini
 *(.rel.fini)

.rela.fini
 *(.rela.fini)

.rel.rodata
 *(.rel.rodata)
 *(.rel.rodata.*)
 *(.rel.gnu.linkonce.r*)

.rela.rodata
 *(.rela.rodata)
 *(.rela.rodata.*)
 *(.rela.gnu.linkonce.r*)

.rel.data
 *(.rel.data)
 *(.rel.data.*)
 *(.rel.gnu.linkonce.d*)

.rela.data
 *(.rela.data)
 *(.rela.data.*)
 *(.rela.gnu.linkonce.d*)

.rel.ctors
 *(.rel.ctors)

.rela.ctors
 *(.rela.ctors)

.rel.dtors
 *(.rel.dtors)

.rela.dtors
 *(.rela.dtors)

.rel.got
 *(.rel.got)

.rela.got
 *(.rela.got)

.rel.bss
 *(.rel.bss)

.rela.bss
 *(.rela.bss)

.rel.plt
 *(.rel.plt)

.rela.plt
 *(.rela.plt)

.text           0x00004000     0xbd9e
                0x00004000                . = ALIGN (0x2)
 *(.init)
 *(.init0)
 .init0         0x00004000        0x0 /usr/lib/gcc/msp430/4.5.3/mmpy-16/libcrt0.a(_reset_vector__.o)
                0x00004000                _reset_vector__
 *(.init1)
 *(.init2)
 .init2         0x00004000        0x4 /usr/lib/gcc/msp430/4.5.3/mmpy-16/libcrt0.a(__init_stack.o)
                0x00004000                __init_stack
 *(.init3)
 .init3         0x00004004        0xa /usr/lib/gcc/msp430/4.5.3/mmpy-16/libcrt0.a(__low_level_init.o)
                0x00004004                __low_level_init
 *(.init4)
 .init4         0x0000400e       0x16 /usr/lib/gcc/msp430/4.5.3/mmpy-16/libcrt0.a(_copy_data.o)
                0x0000400e                __do_copy_data
 .init4         0x00004024       0x14 /usr/lib/gcc/msp430/4.5.3/mmpy-16/libcrt0.a(_clear_bss.o)
                0x00004024                __do_clear_bss
 *(.init5)
 *(.init6)
 *(.init7)
 *(.init8)
 *(.init9)
 .init9         0x00004038      0x364 obj_sky/contiki-sky-main.o
                0x00004038                main
 *(.fini9)
 .fini9         0x0000439c        0x0 /usr/lib/gcc/msp430/4.5.3/mmpy-16/libcrt0.a(__stop_progExec__.o)
                0x0000439c                __stop_progExec__
 *(.fini8)
 *(.fini7)
 *(.fini6)
 *(.fini5)
 *(.fini4)
 *(.fini3)
 *(.fini2)
 *(.fini1)
 *(.fini0)
 .fini0         0x0000439c        0x6 /usr/lib/gcc/msp430/4.5.3/mmpy-16/libcrt0.a(_endless_loop__.o)
                0x0000439c                _endless_loop__
 *(.fini)
                0x000043a2                . = ALIGN (0x2)
                0x000043a2                __ctors_start = .
 *(.ctors)
                0x000043a2                __ctors_end = .
                0x000043a2                __dtors_start = .
 *(.dtors)
                0x000043a2                __dtors_end = .
                0x000043a2                . = ALIGN (0x2)
 *(.text)
 .text          0x000043a2        0x4 /usr/lib/gcc/msp430/4.5.3/mmpy-16/crt0ivtbl16.o
                0x000043a2                __isr_14
                0x000043a2                __isr_11
                0x000043a2                __isr_2
                0x000043a2                __isr_7
                0x000043a2                __isr_0
                0x000043a2                __isr_8
                0x000043a2                __isr_3
                0x000043a2                __isr_12
                0x000043a2                __isr_13
                0x000043a2                __isr_9
 .text          0x000043a6       0xe8 udp-sink.co
                0x00004488                autostart_processes
 .text          0x0000448e       0xce obj_sky/collect-common.o
 .text          0x0000455c      0x12a obj_sky/contiki-sky-main.o
 .text          0x00004686        0x8 contiki-sky.a(rimeaddr.o)
                0x00004686                rimeaddr_null
 .text          0x0000468e       0x14 contiki-sky.a(csma.o)
                0x00004694                csma_driver
 .text          0x000046a2       0x1c contiki-sky.a(contikimac.o)
                0x000046ae                contikimac_driver
 .text          0x000046be        0x8 contiki-sky.a(rpl-dag.o)
 .text          0x000046c6       0x5e contiki-sky.a(rpl-icmp6.o)
 .text          0x00004724       0x9c contiki-sky.a(rpl-mrhof.o)
 .text          0x000047c0       0x31 contiki-sky.a(rpl-unreachv2.o)
 .text          0x000047f1        0xe contiki-sky.a(serial-line.o)
 .text          0x000047ff        0xc contiki-sky.a(etimer.o)
 .text          0x0000480b        0xf contiki-sky.a(ctimer.o)
 .text          0x0000481a       0x24 contiki-sky.a(sicslowpan.o)
                0x0000481a                unc_llconf
                0x0000481e                unc_ctxconf
                0x00004822                unc_mxconf
                0x00004826                llprefix
                0x00004834                sicslowpan_driver
 .text          0x0000483e        0xd contiki-sky.a(tcpip.o)
 .text          0x0000484b       0x1a contiki-sky.a(uip-debug.o)
 *fill*         0x00004865        0x1 00
 .text          0x00004866       0x20 contiki-sky.a(uip6.o)
 .text          0x00004886       0x10 contiki-sky.a(button-sensor.o)
                0x0000488e                button_sensor
 .text          0x00004896        0x8 contiki-sky.a(sensors.o)
 .text          0x0000489e       0x22 contiki-sky.a(cc2420.o)
                0x000048ac                cc2420_driver
 .text          0x000048c0        0x4 contiki-sky.a(framer-802154.o)
                0x000048c0                framer_802154
 .text          0x000048c4        0x2 contiki-sky.a(frame802154.o)
 .text          0x000048c6       0x30 /usr/lib/gcc/msp430/4.5.3/../../../../msp430/lib/mmpy-16/libc.a(strncmp.o)
                0x000048c6                strncmp
 .text          0x000048f6       0x34 /usr/lib/gcc/msp430/4.5.3/../../../../msp430/lib/mmpy-16/libc.a(memcmp.o)
                0x000048f6                memcmp
 .text          0x0000492a      0x104 /usr/lib/gcc/msp430/4.5.3/../../../../msp430/lib/mmpy-16/libc.a(memcpy.o)
                0x0000492a                memcpy
 .text          0x00004a2e      0x104 /usr/lib/gcc/msp430/4.5.3/../../../../msp430/lib/mmpy-16/libc.a(memmove.o)
                0x00004a2e                memmove
 .text          0x00004b32       0x66 /usr/lib/gcc/msp430/4.5.3/../../../../msp430/lib/mmpy-16/libc.a(memset.o)
                0x00004b32                memset
 .text          0x00004b98       0x20 /usr/lib/gcc/msp430/4.5.3/../../../../msp430/lib/mmpy-16/libc.a(printf.o)
                0x00004b98                printf
                0x00004baa                vprintf
 .text          0x00004bb8      0x476 /usr/lib/gcc/msp430/4.5.3/../../../../msp430/lib/mmpy-16/libc.a(vuprintf.o)
                0x00004cc4                vuprintf
 .text          0x0000502e       0x2c /usr/lib/gcc/msp430/4.5.3/../../../../msp430/lib/mmpy-16/libc.a(puts.o)
                0x0000502e                puts
 .text          0x0000505a      0x134 /usr/lib/gcc/msp430/4.5.3/../../../../msp430/lib/mmpy-16/libc.a(rand.o)
                0x0000505a                rand_r
                0x000050ee                rand
                0x00005184                srand
                0x0000518e                . = ALIGN (0x2)
 *(.text.*)
 .text.process_thread_udp_server_process
                0x0000518e      0x20e udp-sink.co
 .text.collect_common_set_sink
                0x0000539c        0x2 udp-sink.co
                0x0000539c                collect_common_set_sink
 .text.collect_common_net_print
                0x0000539e        0xa udp-sink.co
                0x0000539e                collect_common_net_print
 .text.collect_common_send
                0x000053a8        0x2 udp-sink.co
                0x000053a8                collect_common_send
 .text.collect_common_net_init
                0x000053aa       0x16 udp-sink.co
                0x000053aa                collect_common_net_init
 .text.process_thread_collect_common_process
                0x000053c0      0x1fe obj_sky/collect-common.o
 .text.collect_common_recv
                0x000055be       0xca obj_sky/collect-common.o
                0x000055be                collect_common_recv
 .text.rimeaddr_copy
                0x00005688        0x8 contiki-sky.a(rimeaddr.o)
                0x00005688                rimeaddr_copy
 .text.rimeaddr_cmp
                0x00005690       0x12 contiki-sky.a(rimeaddr.o)
                0x00005690                rimeaddr_cmp
 .text.rimeaddr_set_node_addr
                0x000056a2        0xc contiki-sky.a(rimeaddr.o)
                0x000056a2                rimeaddr_set_node_addr
 .text.input_packet
                0x000056ae        0x6 contiki-sky.a(csma.o)
 .text.on       0x000056b4        0x6 contiki-sky.a(csma.o)
 .text.off      0x000056ba        0x6 contiki-sky.a(csma.o)
 .text.channel_check_interval
                0x000056c0        0xc contiki-sky.a(csma.o)
 .text.transmit_packet_list
                0x000056cc       0x24 contiki-sky.a(csma.o)
 .text.send_packet
                0x000056f0      0x178 contiki-sky.a(csma.o)
 .text.free_packet
                0x00005868       0x94 contiki-sky.a(csma.o)
 .text.packet_sent
                0x000058fc      0x130 contiki-sky.a(csma.o)
 .text.init     0x00005a2c       0x1a contiki-sky.a(csma.o)
 .text.on       0x00005a46       0x16 contiki-sky.a(contikimac.o)
 .text.off      0x00005a5c       0x1e contiki-sky.a(contikimac.o)
 .text.recv_burst_off
                0x00005a7a        0xa contiki-sky.a(contikimac.o)
 .text.turn_off
                0x00005a84       0x20 contiki-sky.a(contikimac.o)
 .text.duty_cycle
                0x00005aa4        0x6 contiki-sky.a(contikimac.o)
 .text.turn_on  0x00005aaa       0x30 contiki-sky.a(contikimac.o)
 .text.schedule_powercycle_fixed
                0x00005ada       0x40 contiki-sky.a(contikimac.o)
 .text.powercycle_turn_radio_off
                0x00005b1a       0x2c contiki-sky.a(contikimac.o)
 .text.powercycle
                0x00005b46      0x1c0 contiki-sky.a(contikimac.o)
 .text.input_packet
                0x00005d06       0xac contiki-sky.a(contikimac.o)
 .text.send_packet
                0x00005db2      0x2ba contiki-sky.a(contikimac.o)
 .text.qsend_list
                0x0000606c       0x86 contiki-sky.a(contikimac.o)
 .text.qsend_packet
                0x000060f2       0x28 contiki-sky.a(contikimac.o)
 .text.init     0x0000611a       0x2e contiki-sky.a(contikimac.o)
 .text.send_packet
                0x00006148       0x44 contiki-sky.a(phase.o)
 .text.phase_update
                0x0000618c       0x90 contiki-sky.a(phase.o)
                0x0000618c                phase_update
 .text.phase_wait
                0x0000621c      0x112 contiki-sky.a(phase.o)
                0x0000621c                phase_wait
 .text.phase_init
                0x0000632e       0x14 contiki-sky.a(phase.o)
                0x0000632e                phase_init
 .text.mac_sequence_is_duplicate
                0x00006342       0x40 contiki-sky.a(mac-sequence.o)
                0x00006342                mac_sequence_is_duplicate
 .text.mac_sequence_register_seqno
                0x00006382       0x6e contiki-sky.a(mac-sequence.o)
                0x00006382                mac_sequence_register_seqno
 .text.lollipop_greater_than
                0x000063f0       0x44 contiki-sky.a(rpl-dag.o)
 .text.find_parent_any_dag_any_instance
                0x00006434       0x14 contiki-sky.a(rpl-dag.o)
 .text.rpl_set_preferred_parent
                0x00006448       0x30 contiki-sky.a(rpl-dag.o)
 .text.set_ip_from_prefix
                0x00006478       0x3a contiki-sky.a(rpl-dag.o)
 .text.check_prefix
                0x000064b2       0x7c contiki-sky.a(rpl-dag.o)
 .text.rpl_dag_init
                0x0000652e        0xe contiki-sky.a(rpl-dag.o)
                0x0000652e                rpl_dag_init
 .text.rpl_get_parent_ipaddr
                0x0000653c       0x10 contiki-sky.a(rpl-dag.o)
                0x0000653c                rpl_get_parent_ipaddr
 .text.rpl_set_prefix
                0x0000654c       0x90 contiki-sky.a(rpl-dag.o)
                0x0000654c                rpl_set_prefix
 .text.rpl_set_default_route
                0x000065dc       0x62 contiki-sky.a(rpl-dag.o)
                0x000065dc                rpl_set_default_route
 .text.rpl_alloc_instance
                0x0000663e       0x2c contiki-sky.a(rpl-dag.o)
                0x0000663e                rpl_alloc_instance
 .text.rpl_add_parent
                0x0000666a       0x3c contiki-sky.a(rpl-dag.o)
                0x0000666a                rpl_add_parent
 .text.rpl_find_parent
                0x000066a6       0x1a contiki-sky.a(rpl-dag.o)
                0x000066a6                rpl_find_parent
 .text.rpl_find_parent_any_dag
                0x000066c0       0x26 contiki-sky.a(rpl-dag.o)
                0x000066c0                rpl_find_parent_any_dag
 .text.rpl_select_parent
                0x000066e6       0x5c contiki-sky.a(rpl-dag.o)
                0x000066e6                rpl_select_parent
 .text.rpl_select_dag
                0x00006742      0x1b8 contiki-sky.a(rpl-dag.o)
                0x00006742                rpl_select_dag
 .text.rpl_nullify_parent
                0x000068fa       0x4e contiki-sky.a(rpl-dag.o)
                0x000068fa                rpl_nullify_parent
 .text.rpl_remove_parent
                0x00006948       0x16 contiki-sky.a(rpl-dag.o)
                0x00006948                rpl_remove_parent
 .text.nbr_callback
                0x0000695e        0x6 contiki-sky.a(rpl-dag.o)
 .text.remove_parents.clone.3
                0x00006964       0x32 contiki-sky.a(rpl-dag.o)
 .text.rpl_free_dag
                0x00006996       0x36 contiki-sky.a(rpl-dag.o)
                0x00006996                rpl_free_dag
 .text.rpl_free_instance
                0x000069cc       0x5c contiki-sky.a(rpl-dag.o)
                0x000069cc                rpl_free_instance
 .text.rpl_move_parent
                0x00006a28       0x5a contiki-sky.a(rpl-dag.o)
                0x00006a28                rpl_move_parent
 .text.rpl_get_any_dag
                0x00006a82       0x18 contiki-sky.a(rpl-dag.o)
                0x00006a82                rpl_get_any_dag
 .text.rpl_get_instance
                0x00006a9a       0x16 contiki-sky.a(rpl-dag.o)
                0x00006a9a                rpl_get_instance
 .text.get_dag  0x00006ab0       0x5c contiki-sky.a(rpl-dag.o)
 .text.rpl_alloc_dag
                0x00006b0c       0x72 contiki-sky.a(rpl-dag.o)
                0x00006b0c                rpl_alloc_dag
 .text.rpl_set_root
                0x00006b7e       0xe8 contiki-sky.a(rpl-dag.o)
                0x00006b7e                rpl_set_root
 .text.rpl_repair_root
                0x00006c66       0x4c contiki-sky.a(rpl-dag.o)
                0x00006c66                rpl_repair_root
 .text.rpl_find_of
                0x00006cb2       0x10 contiki-sky.a(rpl-dag.o)
                0x00006cb2                rpl_find_of
 .text.rpl_join_instance
                0x00006cc2      0x142 contiki-sky.a(rpl-dag.o)
                0x00006cc2                rpl_join_instance
 .text.rpl_local_repair
                0x00006e04       0x82 contiki-sky.a(rpl-dag.o)
                0x00006e04                rpl_local_repair
 .text.rpl_process_parent_event
                0x00006e86       0x88 contiki-sky.a(rpl-dag.o)
                0x00006e86                rpl_process_parent_event
 .text.rpl_recalculate_ranks
                0x00006f0e       0x42 contiki-sky.a(rpl-dag.o)
                0x00006f0e                rpl_recalculate_ranks
 .text.rpl_process_dio
                0x00006f50      0x34a contiki-sky.a(rpl-dag.o)
                0x00006f50                rpl_process_dio
 .text.rpl_lock_parent
                0x0000729a        0xc contiki-sky.a(rpl-dag.o)
                0x0000729a                rpl_lock_parent
 .text.get32    0x000072a6       0x46 contiki-sky.a(rpl-icmp6.o)
 .text.set32    0x000072ec       0x3c contiki-sky.a(rpl-icmp6.o)
 .text.get16    0x00007328        0xe contiki-sky.a(rpl-icmp6.o)
 .text.set16    0x00007336       0x10 contiki-sky.a(rpl-icmp6.o)
 .text.eventhandler2
                0x00007346       0xbc contiki-sky.a(rpl-icmp6.o)
                0x00007346                eventhandler2
 .text.process_thread_multiple_dis_input
                0x00007402       0x3a contiki-sky.a(rpl-icmp6.o)
 .text.dis_output
                0x0000743c       0xba contiki-sky.a(rpl-icmp6.o)
                0x0000743c                dis_output
 .text.eventhandler3
                0x000074f6      0x1de contiki-sky.a(rpl-icmp6.o)
                0x000074f6                eventhandler3
 .text.process_thread_wait_dios
                0x000076d4       0x3a contiki-sky.a(rpl-icmp6.o)
 .text.dio_output
                0x0000770e      0x2e0 contiki-sky.a(rpl-icmp6.o)
                0x0000770e                dio_output
 .text.dao_output_target
                0x000079ee       0xe6 contiki-sky.a(rpl-icmp6.o)
                0x000079ee                dao_output_target
 .text.dao_output
                0x00007ad4       0x7a contiki-sky.a(rpl-icmp6.o)
                0x00007ad4                dao_output
 .text.dao_ack_output
                0x00007b4e       0x3c contiki-sky.a(rpl-icmp6.o)
                0x00007b4e                dao_ack_output
 .text.uip_rpl_input
                0x00007b8a      0x65c contiki-sky.a(rpl-icmp6.o)
                0x00007b8a                uip_rpl_input
 .text.set_dao_lifetime_timer
                0x000081e6       0x68 contiki-sky.a(rpl-timers.o)
 .text.schedule_dao
                0x0000824e       0x8a contiki-sky.a(rpl-timers.o)
 .text.handle_dao_timer
                0x000082d8       0x64 contiki-sky.a(rpl-timers.o)
 .text.handle_periodic_timer
                0x0000833c       0x38 contiki-sky.a(rpl-timers.o)
 .text.new_dio_interval
                0x00008374      0x130 contiki-sky.a(rpl-timers.o)
                0x00008374                new_dio_interval
 .text.handle_dio_timer
                0x000084a4       0xa4 contiki-sky.a(rpl-timers.o)
 .text.rpl_reset_periodic_timer
                0x00008548       0x56 contiki-sky.a(rpl-timers.o)
                0x00008548                rpl_reset_periodic_timer
 .text.rpl_reset_dio_timer
                0x0000859e       0x22 contiki-sky.a(rpl-timers.o)
                0x0000859e                rpl_reset_dio_timer
 .text.rpl_schedule_dao
                0x000085c0        0xa contiki-sky.a(rpl-timers.o)
                0x000085c0                rpl_schedule_dao
 .text.calculate_rank
                0x000085ca       0x30 contiki-sky.a(rpl-mrhof.o)
 .text.best_dag
                0x000085fa       0x34 contiki-sky.a(rpl-mrhof.o)
 .text.update_metric_container
                0x0000862e        0x6 contiki-sky.a(rpl-mrhof.o)
 .text.best_parent
                0x00008634       0x68 contiki-sky.a(rpl-mrhof.o)
 .text.reset    0x0000869c        0xa contiki-sky.a(rpl-mrhof.o)
 .text.neighbor_link_callback
                0x000086a6      0x146 contiki-sky.a(rpl-mrhof.o)
 .text.post_parent_unreachable
                0x000087ec       0x32 contiki-sky.a(rpl-mrhof.o)
                0x000087ec                post_parent_unreachable
 .text.rpl_unreach
                0x0000881e        0xc contiki-sky.a(rpl-unreachv2.o)
                0x0000881e                rpl_unreach
 .text.rpl_dis_burst
                0x0000882a        0xe contiki-sky.a(rpl-unreachv2.o)
                0x0000882a                rpl_dis_burst
 .text.eventhandler
                0x00008838      0x28c contiki-sky.a(rpl-unreachv2.o)
                0x00008838                eventhandler
 .text.process_thread_unreach_process
                0x00008ac4       0x3a contiki-sky.a(rpl-unreachv2.o)
 .text.call_process
                0x00008afe       0x4c contiki-sky.a(process.o)
 .text.exit_process
                0x00008b4a       0x94 contiki-sky.a(process.o)
 .text.do_poll  0x00008bde       0x30 contiki-sky.a(process.o)
 .text.process_alloc_event
                0x00008c0e        0xe contiki-sky.a(process.o)
                0x00008c0e                process_alloc_event
 .text.process_init
                0x00008c1c       0x1c contiki-sky.a(process.o)
                0x00008c1c                process_init
 .text.process_run
                0x00008c38       0x9c contiki-sky.a(process.o)
                0x00008c38                process_run
 .text.process_nevents
                0x00008cd4        0xc contiki-sky.a(process.o)
                0x00008cd4                process_nevents
 .text.process_post
                0x00008ce0       0x54 contiki-sky.a(process.o)
                0x00008ce0                process_post
 .text.process_post_synch
                0x00008d34       0x12 contiki-sky.a(process.o)
                0x00008d34                process_post_synch
 .text.process_start
                0x00008d46       0x32 contiki-sky.a(process.o)
                0x00008d46                process_start
 .text.process_poll
                0x00008d78       0x1a contiki-sky.a(process.o)
                0x00008d78                process_poll
 .text.autostart_start
                0x00008d92       0x18 contiki-sky.a(autostart.o)
                0x00008d92                autostart_start
 .text.compower_accumulate
                0x00008daa       0x72 contiki-sky.a(compower.o)
                0x00008daa                compower_accumulate
 .text.compower_clear
                0x00008e1c       0x12 contiki-sky.a(compower.o)
                0x00008e1c                compower_clear
 .text.compower_attrconv
                0x00008e2e       0x10 contiki-sky.a(compower.o)
                0x00008e2e                compower_attrconv
 .text.process_thread_serial_line_process
                0x00008e3e       0xa6 contiki-sky.a(serial-line.o)
 .text.serial_line_input_byte
                0x00008ee4       0x46 contiki-sky.a(serial-line.o)
                0x00008ee4                serial_line_input_byte
 .text.serial_line_init
                0x00008f2a       0x1c contiki-sky.a(serial-line.o)
                0x00008f2a                serial_line_init
 .text.memb_init
                0x00008f46       0x36 contiki-sky.a(memb.o)
                0x00008f46                memb_init
 .text.memb_alloc
                0x00008f7c       0x3e contiki-sky.a(memb.o)
                0x00008f7c                memb_alloc
 .text.memb_free
                0x00008fba       0x3a contiki-sky.a(memb.o)
                0x00008fba                memb_free
 .text.memb_inmemb
                0x00008ff4       0x2e contiki-sky.a(memb.o)
                0x00008ff4                memb_inmemb
 .text.timer_set
                0x00009022       0x1c contiki-sky.a(timer.o)
                0x00009022                timer_set
 .text.timer_reset
                0x0000903e        0xe contiki-sky.a(timer.o)
                0x0000903e                timer_reset
 .text.timer_restart
                0x0000904c       0x14 contiki-sky.a(timer.o)
                0x0000904c                timer_restart
 .text.timer_expired
                0x00009060       0x2e contiki-sky.a(timer.o)
                0x00009060                timer_expired
 .text.list_init
                0x0000908e        0x6 contiki-sky.a(list.o)
                0x0000908e                list_init
 .text.list_head
                0x00009094        0x4 contiki-sky.a(list.o)
                0x00009094                list_head
 .text.list_tail
                0x00009098       0x14 contiki-sky.a(list.o)
                0x00009098                list_tail
 .text.list_remove
                0x000090ac       0x2e contiki-sky.a(list.o)
                0x000090ac                list_remove
 .text.list_push
                0x000090da       0x1a contiki-sky.a(list.o)
                0x000090da                list_push
 .text.list_add
                0x000090f4       0x2a contiki-sky.a(list.o)
                0x000090f4                list_add
 .text.list_length
                0x0000911e       0x10 contiki-sky.a(list.o)
                0x0000911e                list_length
 .text.list_item_next
                0x0000912e        0x8 contiki-sky.a(list.o)
                0x0000912e                list_item_next
 .text.update_time
                0x00009136       0x78 contiki-sky.a(etimer.o)
 .text.etimer_request_poll
                0x000091ae        0xa contiki-sky.a(etimer.o)
                0x000091ae                etimer_request_poll
 .text.process_thread_etimer_process
                0x000091b8       0xce contiki-sky.a(etimer.o)
 .text.add_timer
                0x00009286       0x40 contiki-sky.a(etimer.o)
 .text.etimer_set
                0x000092c6       0x12 contiki-sky.a(etimer.o)
                0x000092c6                etimer_set
 .text.etimer_reset
                0x000092d8       0x12 contiki-sky.a(etimer.o)
                0x000092d8                etimer_reset
 .text.etimer_restart
                0x000092ea       0x12 contiki-sky.a(etimer.o)
                0x000092ea                etimer_restart
 .text.etimer_expired
                0x000092fc        0xe contiki-sky.a(etimer.o)
                0x000092fc                etimer_expired
 .text.etimer_expiration_time
                0x0000930a       0x14 contiki-sky.a(etimer.o)
                0x0000930a                etimer_expiration_time
 .text.etimer_pending
                0x0000931e        0xe contiki-sky.a(etimer.o)
                0x0000931e                etimer_pending
 .text.etimer_next_expiration_time
                0x0000932c       0x16 contiki-sky.a(etimer.o)
                0x0000932c                etimer_next_expiration_time
 .text.etimer_stop
                0x00009342       0x3c contiki-sky.a(etimer.o)
                0x00009342                etimer_stop
 .text.process_thread_ctimer_process
                0x0000937e       0xa4 contiki-sky.a(ctimer.o)
 .text.ctimer_init
                0x00009422       0x18 contiki-sky.a(ctimer.o)
                0x00009422                ctimer_init
 .text.ctimer_set
                0x0000943a       0x5a contiki-sky.a(ctimer.o)
                0x0000943a                ctimer_set
 .text.ctimer_reset
                0x00009494       0x3a contiki-sky.a(ctimer.o)
                0x00009494                ctimer_reset
 .text.ctimer_stop
                0x000094ce       0x28 contiki-sky.a(ctimer.o)
                0x000094ce                ctimer_stop
 .text.energest_init
                0x000094f6       0x2a contiki-sky.a(energest.o)
                0x000094f6                energest_init
 .text.energest_type_time
                0x00009520       0x44 contiki-sky.a(energest.o)
                0x00009520                energest_type_time
 .text.energest_type_set
                0x00009564        0xe contiki-sky.a(energest.o)
                0x00009564                energest_type_set
 .text.energest_flush
                0x00009572       0x4a contiki-sky.a(energest.o)
                0x00009572                energest_flush
 .text.rtimer_init
                0x000095bc        0x6 contiki-sky.a(rtimer.o)
                0x000095bc                rtimer_init
 .text.rtimer_set
                0x000095c2       0x24 contiki-sky.a(rtimer.o)
                0x000095c2                rtimer_set
 .text.rtimer_run_next
                0x000095e6       0x26 contiki-sky.a(rtimer.o)
                0x000095e6                rtimer_run_next
 .text.stimer_set
                0x0000960c       0x1c contiki-sky.a(stimer.o)
                0x0000960c                stimer_set
 .text.stimer_expired
                0x00009628       0x42 contiki-sky.a(stimer.o)
                0x00009628                stimer_expired
 .text.random_init
                0x0000966a        0x6 contiki-sky.a(random.o)
                0x0000966a                random_init
 .text.random_rand
                0x00009670        0x6 contiki-sky.a(random.o)
                0x00009670                random_rand
 .text.ringbuf_init
                0x00009676       0x14 contiki-sky.a(ringbuf.o)
                0x00009676                ringbuf_init
 .text.ringbuf_put
                0x0000968a       0x3c contiki-sky.a(ringbuf.o)
                0x0000968a                ringbuf_put
 .text.ringbuf_get
                0x000096c6       0x32 contiki-sky.a(ringbuf.o)
                0x000096c6                ringbuf_get
 .text.index_from_key
                0x000096f8       0xb4 contiki-sky.a(nbr-table.o)
 .text.item_from_key
                0x000097ac       0x38 contiki-sky.a(nbr-table.o)
 .text.key_from_item
                0x000097e4       0x3a contiki-sky.a(nbr-table.o)
 .text.nbr_set_bit
                0x0000981e       0x6e contiki-sky.a(nbr-table.o)
 .text.index_from_lladdr
                0x0000988c       0x42 contiki-sky.a(nbr-table.o)
 .text.nbr_get_bit.clone.0
                0x000098ce       0x40 contiki-sky.a(nbr-table.o)
 .text.nbr_table_register
                0x0000990e       0x26 contiki-sky.a(nbr-table.o)
                0x0000990e                nbr_table_register
 .text.nbr_table_next
                0x00009934       0x36 contiki-sky.a(nbr-table.o)
                0x00009934                nbr_table_next
 .text.nbr_table_head
                0x0000996a       0x36 contiki-sky.a(nbr-table.o)
                0x0000996a                nbr_table_head
 .text.nbr_table_add_lladdr
                0x000099a0      0x13e contiki-sky.a(nbr-table.o)
                0x000099a0                nbr_table_add_lladdr
 .text.nbr_table_get_from_lladdr
                0x00009ade       0x4c contiki-sky.a(nbr-table.o)
                0x00009ade                nbr_table_get_from_lladdr
 .text.nbr_table_remove
                0x00009b2a       0x32 contiki-sky.a(nbr-table.o)
                0x00009b2a                nbr_table_remove
 .text.nbr_table_lock
                0x00009b5c       0x10 contiki-sky.a(nbr-table.o)
                0x00009b5c                nbr_table_lock
 .text.nbr_table_unlock
                0x00009b6c       0x10 contiki-sky.a(nbr-table.o)
                0x00009b6c                nbr_table_unlock
 .text.nbr_table_get_lladdr
                0x00009b7c        0xc contiki-sky.a(nbr-table.o)
                0x00009b7c                nbr_table_get_lladdr
 .text.packetbuf_copyto_hdr
                0x00009b88       0x1c contiki-sky.a(packetbuf.o)
                0x00009b88                packetbuf_copyto_hdr
 .text.packetbuf_copyto
                0x00009ba4       0x52 contiki-sky.a(packetbuf.o)
                0x00009ba4                packetbuf_copyto
 .text.packetbuf_hdr_remove
                0x00009bf6        0x6 contiki-sky.a(packetbuf.o)
                0x00009bf6                packetbuf_hdr_remove
 .text.packetbuf_hdrreduce
                0x00009bfc       0x1a contiki-sky.a(packetbuf.o)
                0x00009bfc                packetbuf_hdrreduce
 .text.packetbuf_set_datalen
                0x00009c16        0x6 contiki-sky.a(packetbuf.o)
                0x00009c16                packetbuf_set_datalen
 .text.packetbuf_dataptr
                0x00009c1c        0xa contiki-sky.a(packetbuf.o)
                0x00009c1c                packetbuf_dataptr
 .text.packetbuf_hdrptr
                0x00009c26        0xa contiki-sky.a(packetbuf.o)
                0x00009c26                packetbuf_hdrptr
 .text.packetbuf_is_reference
                0x00009c30        0xe contiki-sky.a(packetbuf.o)
                0x00009c30                packetbuf_is_reference
 .text.packetbuf_compact
                0x00009c3e       0x48 contiki-sky.a(packetbuf.o)
                0x00009c3e                packetbuf_compact
 .text.packetbuf_reference_ptr
                0x00009c86        0x6 contiki-sky.a(packetbuf.o)
                0x00009c86                packetbuf_reference_ptr
 .text.packetbuf_datalen
                0x00009c8c        0x6 contiki-sky.a(packetbuf.o)
                0x00009c8c                packetbuf_datalen
 .text.packetbuf_totlen
                0x00009c92       0x10 contiki-sky.a(packetbuf.o)
                0x00009c92                packetbuf_totlen
 .text.packetbuf_hdralloc
                0x00009ca2       0x2e contiki-sky.a(packetbuf.o)
                0x00009ca2                packetbuf_hdralloc
 .text.packetbuf_attr_clear
                0x00009cd0       0x32 contiki-sky.a(packetbuf.o)
                0x00009cd0                packetbuf_attr_clear
 .text.packetbuf_clear
                0x00009d02       0x20 contiki-sky.a(packetbuf.o)
                0x00009d02                packetbuf_clear
 .text.packetbuf_copyfrom
                0x00009d22       0x2e contiki-sky.a(packetbuf.o)
                0x00009d22                packetbuf_copyfrom
 .text.packetbuf_attr_copyto
                0x00009d50       0x22 contiki-sky.a(packetbuf.o)
                0x00009d50                packetbuf_attr_copyto
 .text.packetbuf_attr_copyfrom
                0x00009d72       0x24 contiki-sky.a(packetbuf.o)
                0x00009d72                packetbuf_attr_copyfrom
 .text.queuebuf_init
                0x00009d96       0x1a contiki-sky.a(queuebuf.o)
                0x00009d96                queuebuf_init
 .text.queuebuf_new_from_packetbuf
                0x00009db0       0x80 contiki-sky.a(queuebuf.o)
                0x00009db0                queuebuf_new_from_packetbuf
 .text.queuebuf_update_attr_from_packetbuf
                0x00009e30       0x12 contiki-sky.a(queuebuf.o)
                0x00009e30                queuebuf_update_attr_from_packetbuf
 .text.queuebuf_free
                0x00009e42       0x46 contiki-sky.a(queuebuf.o)
                0x00009e42                queuebuf_free
 .text.queuebuf_to_packetbuf
                0x00009e88       0x70 contiki-sky.a(queuebuf.o)
                0x00009e88                queuebuf_to_packetbuf
 .text.queuebuf_attr
                0x00009ef8        0xe contiki-sky.a(queuebuf.o)
                0x00009ef8                queuebuf_attr
 .text.set_packet_attrs
                0x00009f06       0x44 contiki-sky.a(sicslowpan.o)
 .text.addr_context_lookup_by_number
                0x00009f4a       0x36 contiki-sky.a(sicslowpan.o)
 .text.compress_addr_64
                0x00009f80       0x92 contiki-sky.a(sicslowpan.o)
 .text.uncompress_addr
                0x0000a012       0xae contiki-sky.a(sicslowpan.o)
 .text.input    0x0000a0c0      0x662 contiki-sky.a(sicslowpan.o)
 .text.sicslowpan_init
                0x0000a722       0x26 contiki-sky.a(sicslowpan.o)
                0x0000a722                sicslowpan_init
 .text.addr_context_lookup_by_prefix
                0x0000a748       0x4c contiki-sky.a(sicslowpan.o)
 .text.send_packet
                0x0000a794       0x1a contiki-sky.a(sicslowpan.o)
 .text.output   0x0000a7ae      0x6d2 contiki-sky.a(sicslowpan.o)
 .text.packet_sent
                0x0000ae80       0x22 contiki-sky.a(sicslowpan.o)
 .text.reset_packet_input
                0x0000aea2        0xa contiki-sky.a(tcpip.o)
                0x0000aea2                reset_packet_input
 .text.start_periodic_tcp_timer
                0x0000aeac       0x16 contiki-sky.a(tcpip.o)
 .text.hand_off_backoff
                0x0000aec2       0x16 contiki-sky.a(tcpip.o)
                0x0000aec2                hand_off_backoff
 .text.tcpip_output
                0x0000aed8       0x10 contiki-sky.a(tcpip.o)
                0x0000aed8                tcpip_output
 .text.tcpip_set_outputfunc
                0x0000aee8        0x6 contiki-sky.a(tcpip.o)
                0x0000aee8                tcpip_set_outputfunc
 .text.udp_new  0x0000aeee       0x1a contiki-sky.a(tcpip.o)
                0x0000aeee                udp_new
 .text.tcpip_input
                0x0000af08       0x16 contiki-sky.a(tcpip.o)
                0x0000af08                tcpip_input
 .text.tcpip_ipv6_output
                0x0000af1e      0x166 contiki-sky.a(tcpip.o)
                0x0000af1e                tcpip_ipv6_output
 .text.process_thread_tcpip_process
                0x0000b084      0x22c contiki-sky.a(tcpip.o)
 .text.tcpip_uipcall
                0x0000b2b0       0x7c contiki-sky.a(tcpip.o)
                0x0000b2b0                tcpip_uipcall
 .text.uip_debug_ipaddr_print
                0x0000b32c       0x82 contiki-sky.a(uip-debug.o)
                0x0000b32c                uip_debug_ipaddr_print
 .text.call_route_callback
                0x0000b3ae       0x54 contiki-sky.a(uip-ds6-route.o)
 .text.uip_ds6_route_init
                0x0000b402       0x36 contiki-sky.a(uip-ds6-route.o)
                0x0000b402                uip_ds6_route_init
 .text.uip_ds6_route_nexthop
                0x0000b438       0x16 contiki-sky.a(uip-ds6-route.o)
                0x0000b438                uip_ds6_route_nexthop
 .text.uip_ds6_route_head
                0x0000b44e        0xa contiki-sky.a(uip-ds6-route.o)
                0x0000b44e                uip_ds6_route_head
 .text.uip_ds6_route_next
                0x0000b458        0xc contiki-sky.a(uip-ds6-route.o)
                0x0000b458                uip_ds6_route_next
 .text.uip_ds6_route_lookup
                0x0000b464       0x72 contiki-sky.a(uip-ds6-route.o)
                0x0000b464                uip_ds6_route_lookup
 .text.uip_ds6_route_rm
                0x0000b4d6       0xa4 contiki-sky.a(uip-ds6-route.o)
                0x0000b4d6                uip_ds6_route_rm
 .text.rm_routelist
                0x0000b57a       0x34 contiki-sky.a(uip-ds6-route.o)
 .text.rm_routelist_callback
                0x0000b5ae        0x6 contiki-sky.a(uip-ds6-route.o)
 .text.uip_ds6_route_add
                0x0000b5b4       0xf2 contiki-sky.a(uip-ds6-route.o)
                0x0000b5b4                uip_ds6_route_add
 .text.uip_ds6_defrt_rm
                0x0000b6a6       0x48 contiki-sky.a(uip-ds6-route.o)
                0x0000b6a6                uip_ds6_defrt_rm
 .text.uip_ds6_defrt_lookup
                0x0000b6ee       0x36 contiki-sky.a(uip-ds6-route.o)
                0x0000b6ee                uip_ds6_defrt_lookup
 .text.uip_ds6_defrt_add
                0x0000b724       0x74 contiki-sky.a(uip-ds6-route.o)
                0x0000b724                uip_ds6_defrt_add
 .text.uip_ds6_defrt_choose
                0x0000b798       0x3a contiki-sky.a(uip-ds6-route.o)
                0x0000b798                uip_ds6_defrt_choose
 .text.uip_ds6_defrt_periodic
                0x0000b7d2       0x38 contiki-sky.a(uip-ds6-route.o)
                0x0000b7d2                uip_ds6_defrt_periodic
 .text.uip_ds6_nbr_rm
                0x0000b80a       0x1a contiki-sky.a(uip-ds6-nbr.o)
                0x0000b80a                uip_ds6_nbr_rm
 .text.uip_ds6_neighbors_init
                0x0000b824        0xe contiki-sky.a(uip-ds6-nbr.o)
                0x0000b824                uip_ds6_neighbors_init
 .text.uip_ds6_nbr_add
                0x0000b832       0x60 contiki-sky.a(uip-ds6-nbr.o)
                0x0000b832                uip_ds6_nbr_add
 .text.uip_ds6_nbr_get_ll
                0x0000b892        0xc contiki-sky.a(uip-ds6-nbr.o)
                0x0000b892                uip_ds6_nbr_get_ll
 .text.uip_ds6_nbr_lookup
                0x0000b89e       0x40 contiki-sky.a(uip-ds6-nbr.o)
                0x0000b89e                uip_ds6_nbr_lookup
 .text.uip_ds6_nbr_ll_lookup
                0x0000b8de        0xc contiki-sky.a(uip-ds6-nbr.o)
                0x0000b8de                uip_ds6_nbr_ll_lookup
 .text.uip_ds6_nbr_ipaddr_from_lladdr
                0x0000b8ea        0x6 contiki-sky.a(uip-ds6-nbr.o)
                0x0000b8ea                uip_ds6_nbr_ipaddr_from_lladdr
 .text.uip_ds6_nbr_lladdr_from_ipaddr
                0x0000b8f0       0x10 contiki-sky.a(uip-ds6-nbr.o)
                0x0000b8f0                uip_ds6_nbr_lladdr_from_ipaddr
 .text.uip_ds6_link_neighbor_callback
                0x0000b900       0x2a contiki-sky.a(uip-ds6-nbr.o)
                0x0000b900                uip_ds6_link_neighbor_callback
 .text.uip_ds6_neighbor_periodic
                0x0000b92a      0x114 contiki-sky.a(uip-ds6-nbr.o)
                0x0000b92a                uip_ds6_neighbor_periodic
 .text.uip_ds6_list_loop
                0x0000ba3e       0x82 contiki-sky.a(uip-ds6.o)
                0x0000ba3e                uip_ds6_list_loop
 .text.uip_ds6_prefix_add
                0x0000bac0       0x80 contiki-sky.a(uip-ds6.o)
                0x0000bac0                uip_ds6_prefix_add
 .text.uip_ds6_is_addr_onlink
                0x0000bb40       0x50 contiki-sky.a(uip-ds6.o)
                0x0000bb40                uip_ds6_is_addr_onlink
 .text.uip_ds6_addr_lookup
                0x0000bb90       0x2a contiki-sky.a(uip-ds6.o)
                0x0000bb90                uip_ds6_addr_lookup
 .text.uip_ds6_get_link_local
                0x0000bbba       0x3e contiki-sky.a(uip-ds6.o)
                0x0000bbba                uip_ds6_get_link_local
 .text.uip_ds6_maddr_add
                0x0000bbf8       0x4c contiki-sky.a(uip-ds6.o)
                0x0000bbf8                uip_ds6_maddr_add
 .text.uip_ds6_addr_add
                0x0000bc44       0xca contiki-sky.a(uip-ds6.o)
                0x0000bc44                uip_ds6_addr_add
 .text.uip_ds6_maddr_lookup
                0x0000bd0e       0x2a contiki-sky.a(uip-ds6.o)
                0x0000bd0e                uip_ds6_maddr_lookup
 .text.uip_ds6_addr_rm
                0x0000bd38       0x54 contiki-sky.a(uip-ds6.o)
                0x0000bd38                uip_ds6_addr_rm
 .text.uip_ds6_periodic
                0x0000bd8c       0x4a contiki-sky.a(uip-ds6.o)
                0x0000bd8c                uip_ds6_periodic
 .text.uip_ds6_set_addr_iid
                0x0000bdd6       0x14 contiki-sky.a(uip-ds6.o)
                0x0000bdd6                uip_ds6_set_addr_iid
 .text.get_match_length
                0x0000bdea       0x46 contiki-sky.a(uip-ds6.o)
                0x0000bdea                get_match_length
 .text.uip_ds6_select_src
                0x0000be30       0xaa contiki-sky.a(uip-ds6.o)
                0x0000be30                uip_ds6_select_src
 .text.uip_ds6_compute_reachable_time
                0x0000beda       0x4a contiki-sky.a(uip-ds6.o)
                0x0000beda                uip_ds6_compute_reachable_time
 .text.uip_ds6_init
                0x0000bf24      0x15a contiki-sky.a(uip-ds6.o)
                0x0000bf24                uip_ds6_init
 .text.uip_icmp6_echo_request_input
                0x0000c07e      0x122 contiki-sky.a(uip-icmp6.o)
                0x0000c07e                uip_icmp6_echo_request_input
 .text.uip_icmp6_error_output
                0x0000c1a0      0x16a contiki-sky.a(uip-icmp6.o)
                0x0000c1a0                uip_icmp6_error_output
 .text.uip_icmp6_send
                0x0000c30a       0x94 contiki-sky.a(uip-icmp6.o)
                0x0000c30a                uip_icmp6_send
 .text.create_llao
                0x0000c39e       0x2c contiki-sky.a(uip-nd6.o)
 .text.uip_nd6_ns_input
                0x0000c3ca      0x236 contiki-sky.a(uip-nd6.o)
                0x0000c3ca                uip_nd6_ns_input
 .text.uip_nd6_ns_output
                0x0000c600      0x16c contiki-sky.a(uip-nd6.o)
                0x0000c600                uip_nd6_ns_output
 .text.uip_nd6_na_input
                0x0000c76c      0x1b8 contiki-sky.a(uip-nd6.o)
                0x0000c76c                uip_nd6_na_input
 .text.chksum   0x0000c924       0x34 contiki-sky.a(uip6.o)
 .text.upper_layer_chksum
                0x0000c958       0x54 contiki-sky.a(uip6.o)
 .text.ext_hdr_options_process
                0x0000c9ac       0xe0 contiki-sky.a(uip6.o)
 .text.uip_add32
                0x0000ca8c       0x72 contiki-sky.a(uip6.o)
                0x0000ca8c                uip_add32
 .text.uip_add_rcv_nxt
                0x0000cafe       0x2e contiki-sky.a(uip6.o)
 .text.uip_icmp6chksum
                0x0000cb2c        0xa contiki-sky.a(uip6.o)
                0x0000cb2c                uip_icmp6chksum
 .text.uip_tcpchksum
                0x0000cb36        0xa contiki-sky.a(uip6.o)
                0x0000cb36                uip_tcpchksum
 .text.uip_udpchksum
                0x0000cb40        0xa contiki-sky.a(uip6.o)
                0x0000cb40                uip_udpchksum
 .text.uip_init
                0x0000cb4a       0x6c contiki-sky.a(uip6.o)
                0x0000cb4a                uip_init
 .text.remove_ext_hdr
                0x0000cbb6       0x58 contiki-sky.a(uip6.o)
                0x0000cbb6                remove_ext_hdr
 .text.uip_udp_new
                0x0000cc0e       0xee contiki-sky.a(uip6.o)
                0x0000cc0e                uip_udp_new
 .text.uip_unlisten
                0x0000ccfc       0x32 contiki-sky.a(uip6.o)
                0x0000ccfc                uip_unlisten
 .text.uip_process
                0x0000cd2e      0xedc contiki-sky.a(uip6.o)
                0x0000cd2e                uip_process
 .text.uip_htonl
                0x0000dc0a       0x3e contiki-sky.a(uip6.o)
                0x0000dc0a                uip_htonl
 .text.init_platform
                0x0000dc48        0xc contiki-sky.a(contiki-sky-pla)
                0x0000dc48                init_platform
 .text.status   0x0000dc54       0x16 contiki-sky.a(button-sensor.o)
 .text.configure
                0x0000dc6a       0x4a contiki-sky.a(button-sensor.o)
 .text.value    0x0000dcb4       0x26 contiki-sky.a(button-sensor.o)
 .text.irq_p2   0x0000dcda       0x92 contiki-sky.a(button-sensor.o)
                0x0000dcda                irq_p2
                0x0000dcda                __isr_1
 .text.crc8_add
                0x0000dd6c       0x1a contiki-sky.a(ds2411.o)
 .text.owreadb  0x0000dd86       0x56 contiki-sky.a(ds2411.o)
 .text.ds2411_init
                0x0000dddc      0x10a contiki-sky.a(ds2411.o)
                0x0000dddc                ds2411_init
 .text.wait_ready
                0x0000dee6       0x4e contiki-sky.a(xmem.o)
 .text.xmem_init
                0x0000df34       0x3c contiki-sky.a(xmem.o)
                0x0000df34                xmem_init
 .text.xmem_pread
                0x0000df70       0xdc contiki-sky.a(xmem.o)
                0x0000df70                xmem_pread
 .text.node_id_restore
                0x0000e04c       0x38 contiki-sky.a(node-id.o)
                0x0000e04c                node_id_restore
 .text.get_sensor_index
                0x0000e084       0x22 contiki-sky.a(sensors.o)
 .text.process_thread_sensors_process
                0x0000e0a6       0xc2 contiki-sky.a(sensors.o)
 .text.sensors_changed
                0x0000e168       0x14 contiki-sky.a(sensors.o)
                0x0000e168                sensors_changed
 .text.strobe   0x0000e17c       0x1e contiki-sky.a(cc2420.o)
 .text.status   0x0000e19a       0x24 contiki-sky.a(cc2420.o)
 .text.getreg   0x0000e1be       0x50 contiki-sky.a(cc2420.o)
 .text.setreg   0x0000e20e       0x48 contiki-sky.a(cc2420.o)
 .text.set_txpower
                0x0000e256       0x2a contiki-sky.a(cc2420.o)
 .text.cc2420_receiving_packet
                0x0000e280       0x10 contiki-sky.a(cc2420.o)
 .text.pending_packet
                0x0000e290        0x8 contiki-sky.a(cc2420.o)
 .text.on       0x0000e298       0x46 contiki-sky.a(cc2420.o)
 .text.flushrx  0x0000e2de       0x74 contiki-sky.a(cc2420.o)
 .text.off      0x0000e352       0x78 contiki-sky.a(cc2420.o)
 .text.RELEASE_LOCK
                0x0000e3ca       0x28 contiki-sky.a(cc2420.o)
 .text.cc2420_prepare
                0x0000e3f2       0x82 contiki-sky.a(cc2420.o)
 .text.cc2420_on
                0x0000e474       0x22 contiki-sky.a(cc2420.o)
                0x0000e474                cc2420_on
 .text.cc2420_off
                0x0000e496       0x30 contiki-sky.a(cc2420.o)
                0x0000e496                cc2420_off
 .text.cc2420_cca
                0x0000e4c6       0x7a contiki-sky.a(cc2420.o)
 .text.getrxdata
                0x0000e540       0x4e contiki-sky.a(cc2420.o)
 .text.cc2420_read
                0x0000e58e       0xe6 contiki-sky.a(cc2420.o)
 .text.process_thread_cc2420_process
                0x0000e674       0x50 contiki-sky.a(cc2420.o)
 .text.cc2420_set_channel
                0x0000e6c4       0x7a contiki-sky.a(cc2420.o)
                0x0000e6c4                cc2420_set_channel
 .text.cc2420_set_pan_addr
                0x0000e73e      0x13a contiki-sky.a(cc2420.o)
                0x0000e73e                cc2420_set_pan_addr
 .text.cc2420_interrupt
                0x0000e878       0x20 contiki-sky.a(cc2420.o)
                0x0000e878                cc2420_interrupt
 .text.cc2420_get_txpower
                0x0000e898       0x1e contiki-sky.a(cc2420.o)
                0x0000e898                cc2420_get_txpower
 .text.cc2420_transmit
                0x0000e8b6      0x1a4 contiki-sky.a(cc2420.o)
 .text.cc2420_send
                0x0000ea5a       0x12 contiki-sky.a(cc2420.o)
 .text.cc2420_set_cca_threshold
                0x0000ea6c       0x16 contiki-sky.a(cc2420.o)
                0x0000ea6c                cc2420_set_cca_threshold
 .text.cc2420_init
                0x0000ea82       0xdc contiki-sky.a(cc2420.o)
                0x0000ea82                cc2420_init
 .text.cc2420_port1_interrupt
                0x0000eb5e       0x6a contiki-sky.a(cc2420-arch.o)
                0x0000eb5e                __isr_4
                0x0000eb5e                cc2420_port1_interrupt
 .text.cc2420_arch_init
                0x0000ebc8       0x1a contiki-sky.a(cc2420-arch.o)
                0x0000ebc8                cc2420_arch_init
 .text.handle_rxdma_timer
                0x0000ebe2       0x42 contiki-sky.a(uart1.o)
 .text.uart1_active
                0x0000ec24       0x18 contiki-sky.a(uart1.o)
                0x0000ec24                uart1_active
 .text.uart1_set_input
                0x0000ec3c       0x20 contiki-sky.a(uart1.o)
                0x0000ec3c                uart1_set_input
 .text.uart1_writeb
                0x0000ec5c       0x1a contiki-sky.a(uart1.o)
                0x0000ec5c                uart1_writeb
 .text.uart1_init
                0x0000ec76       0xee contiki-sky.a(uart1.o)
                0x0000ec76                uart1_init
 .text.putchar  0x0000ed64        0xe contiki-sky.a(uart1-putchar.o)
                0x0000ed64                putchar
 .text.msp430_init_dco
                0x0000ed72       0x74 contiki-sky.a(msp430.o)
                0x0000ed72                msp430_init_dco
 .text.msp430_add_lpm_req
                0x0000ede6        0xa contiki-sky.a(msp430.o)
                0x0000ede6                msp430_add_lpm_req
 .text.msp430_cpu_init
                0x0000edf0       0x2a contiki-sky.a(msp430.o)
                0x0000edf0                msp430_cpu_init
 .text.splhigh_
                0x0000ee1a        0x8 contiki-sky.a(msp430.o)
                0x0000ee1a                splhigh_
 .text.msp430_sync_dco
                0x0000ee22       0x60 contiki-sky.a(msp430.o)
                0x0000ee22                msp430_sync_dco
 .text.timera1  0x0000ee82       0xee contiki-sky.a(clock.o)
                0x0000ee82                __isr_5
                0x0000ee82                timera1
 .text.clock_time
                0x0000ef70       0x1a contiki-sky.a(clock.o)
                0x0000ef70                clock_time
 .text.clock_init
                0x0000ef8a       0x28 contiki-sky.a(clock.o)
                0x0000ef8a                clock_init
 .text.clock_delay
                0x0000efb2        0xc contiki-sky.a(clock.o)
                0x0000efb2                clock_delay
 .text.clock_seconds
                0x0000efbe       0x1a contiki-sky.a(clock.o)
                0x0000efbe                clock_seconds
 .text.show_leds
                0x0000efd8      0x10c contiki-sky.a(leds.o)
 .text.leds_init
                0x0000f0e4        0xe contiki-sky.a(leds.o)
                0x0000f0e4                leds_init
 .text.leds_on  0x0000f0f2       0x14 contiki-sky.a(leds.o)
                0x0000f0f2                leds_on
 .text.leds_off
                0x0000f106       0x14 contiki-sky.a(leds.o)
                0x0000f106                leds_off
 .text.leds_invert
                0x0000f11a        0xa contiki-sky.a(leds.o)
                0x0000f11a                leds_invert
 .text.leds_blink
                0x0000f124       0x26 contiki-sky.a(leds.o)
                0x0000f124                leds_blink
 .text.leds_arch_init
                0x0000f14a        0xe contiki-sky.a(leds-arch.o)
                0x0000f14a                leds_arch_init
 .text.leds_arch_set
                0x0000f158       0x3a contiki-sky.a(leds-arch.o)
                0x0000f158                leds_arch_set
 .text.watchdog_interrupt
                0x0000f192        0x6 contiki-sky.a(watchdog.o)
                0x0000f192                __isr_10
                0x0000f192                watchdog_interrupt
 .text.watchdog_start
                0x0000f198       0x14 contiki-sky.a(watchdog.o)
                0x0000f198                watchdog_start
 .text.watchdog_periodic
                0x0000f1ac       0x12 contiki-sky.a(watchdog.o)
                0x0000f1ac                watchdog_periodic
 .text.watchdog_stop
                0x0000f1be       0x16 contiki-sky.a(watchdog.o)
                0x0000f1be                watchdog_stop
 .text.watchdog_init
                0x0000f1d4       0x14 contiki-sky.a(watchdog.o)
                0x0000f1d4                watchdog_init
 .text.rtimer_arch_init
                0x0000f1e8        0xe contiki-sky.a(rtimer-arch.o)
                0x0000f1e8                rtimer_arch_init
 .text.rtimer_arch_now
                0x0000f1f6        0xe contiki-sky.a(rtimer-arch.o)
                0x0000f1f6                rtimer_arch_now
 .text.timera0  0x0000f204       0x76 contiki-sky.a(rtimer-arch.o)
                0x0000f204                __isr_6
                0x0000f204                timera0
 .text.rtimer_arch_schedule
                0x0000f27a        0x6 contiki-sky.a(rtimer-arch.o)
                0x0000f27a                rtimer_arch_schedule
 .text.mac_call_sent_callback
                0x0000f280       0x14 contiki-sky.a(mac.o)
                0x0000f280                mac_call_sent_callback
 .text.parse    0x0000f294       0xa2 contiki-sky.a(framer-802154.o)
 .text.create   0x0000f336      0x10a contiki-sky.a(framer-802154.o)
 .text.rpl_get_mode
                0x0000f440        0x6 contiki-sky.a(rpl.o)
                0x0000f440                rpl_get_mode
 .text.rpl_purge_routes
                0x0000f446       0x96 contiki-sky.a(rpl.o)
                0x0000f446                rpl_purge_routes
 .text.rpl_remove_routes
                0x0000f4dc       0x22 contiki-sky.a(rpl.o)
                0x0000f4dc                rpl_remove_routes
 .text.rpl_remove_routes_by_nexthop
                0x0000f4fe       0x46 contiki-sky.a(rpl.o)
                0x0000f4fe                rpl_remove_routes_by_nexthop
 .text.rpl_add_route
                0x0000f544       0x46 contiki-sky.a(rpl.o)
                0x0000f544                rpl_add_route
 .text.rpl_link_neighbor_callback
                0x0000f58a       0x6a contiki-sky.a(rpl.o)
                0x0000f58a                rpl_link_neighbor_callback
 .text.rpl_ipv6_neighbor_callback
                0x0000f5f4       0x1e contiki-sky.a(rpl.o)
                0x0000f5f4                rpl_ipv6_neighbor_callback
 .text.rpl_init
                0x0000f612       0x4e contiki-sky.a(rpl.o)
                0x0000f612                rpl_init
 .text.rpl_verify_header
                0x0000f660       0xae contiki-sky.a(rpl-ext-header.)
                0x0000f660                rpl_verify_header
 .text.rpl_update_header_empty
                0x0000f70e       0xf8 contiki-sky.a(rpl-ext-header.)
                0x0000f70e                rpl_update_header_empty
 .text.rpl_update_header_final
                0x0000f806       0x84 contiki-sky.a(rpl-ext-header.)
                0x0000f806                rpl_update_header_final
 .text.rpl_invert_header
                0x0000f88a       0x5c contiki-sky.a(rpl-ext-header.)
                0x0000f88a                rpl_invert_header
 .text.rpl_insert_header
                0x0000f8e6       0x18 contiki-sky.a(rpl-ext-header.)
                0x0000f8e6                rpl_insert_header
 .text.spi_init
                0x0000f8fe       0x32 contiki-sky.a(spi.o)
                0x0000f8fe                spi_init
 .text.field_len
                0x0000f930       0x98 contiki-sky.a(frame802154.o)
 .text.frame802154_hdrlen
                0x0000f9c8       0x2e contiki-sky.a(frame802154.o)
                0x0000f9c8                frame802154_hdrlen
 .text.frame802154_create
                0x0000f9f6      0x16c contiki-sky.a(frame802154.o)
                0x0000f9f6                frame802154_create
 .text.frame802154_parse
                0x0000fb62      0x19e contiki-sky.a(frame802154.o)
                0x0000fb62                frame802154_parse
 .text.libgcc   0x0000fd00       0x20 /usr/lib/gcc/msp430/4.5.3/mmpy-16/libgcc.a(_mulsi3.o)
                0x0000fd00                __mulsi3
 .text.libgcc   0x0000fd20       0x1c /usr/lib/gcc/msp430/4.5.3/mmpy-16/libgcc.a(_udivmodhi4.o)
                0x0000fd20                __udivmodhi4
 .text.libgcc   0x0000fd3c       0x36 /usr/lib/gcc/msp430/4.5.3/mmpy-16/libgcc.a(_divmodhi4.o)
                0x0000fd3c                __divmodhi4
 .text.libgcc   0x0000fd72       0x2a /usr/lib/gcc/msp430/4.5.3/mmpy-16/libgcc.a(_udivmodsi4.o)
                0x0000fd72                __udivmodsi4
 .text.crt0     0x0000fd9c        0x2 /usr/lib/gcc/msp430/4.5.3/mmpy-16/libcrt0.a(_unexpected_.o)
                0x0000fd9c                _unexpected_

.rodata         0x0000fd9e        0x0
                0x0000fd9e                . = ALIGN (0x2)
 *(.rodata .rodata.* .gnu.linkonce.r.*)
                0x0000fd9e                . = ALIGN (0x2)
                0x0000fd9e                _etext = .

.data           0x00001100      0x106 load address 0x0000fd9e
                0x00001100                . = ALIGN (0x2)
                0x00001100                PROVIDE (__data_start, .)
 *(.data)
 .data          0x00001100        0xa udp-sink.co
                0x00001100                udp_server_process
 .data          0x0000110a        0xc obj_sky/collect-common.o
                0x0000110a                collect_common_process
 .data          0x00001116       0x18 contiki-sky.a(csma.o)
 .data          0x0000112e       0x10 contiki-sky.a(phase.o)
 .data          0x0000113e        0x8 contiki-sky.a(rpl-dag.o)
 .data          0x00001146       0x16 contiki-sky.a(rpl-icmp6.o)
                0x00001146                multiple_dis_input
                0x00001150                wait_dios
 .data          0x0000115c        0xe contiki-sky.a(rpl-mrhof.o)
                0x0000115c                rpl_mrhof
 .data          0x0000116a        0xc contiki-sky.a(rpl-unreachv2.o)
                0x0000116a                counter
                0x0000116c                unreach_process
 .data          0x00001176        0xa contiki-sky.a(serial-line.o)
                0x00001176                serial_line_process
 .data          0x00001180        0xa contiki-sky.a(etimer.o)
                0x00001180                etimer_process
 .data          0x0000118a        0xa contiki-sky.a(ctimer.o)
                0x0000118a                ctimer_process
 .data          0x00001194        0x8 contiki-sky.a(nbr-table.o)
 .data          0x0000119c       0x18 contiki-sky.a(queuebuf.o)
 .data          0x000011b4        0xa contiki-sky.a(tcpip.o)
                0x000011b4                tcpip_process
 .data          0x000011be       0x20 contiki-sky.a(uip-ds6-route.o)
 .data          0x000011de        0xa contiki-sky.a(uip-ds6-nbr.o)
                0x000011de                ds6_neighbors
 .data          0x000011e8        0x4 contiki-sky.a(contiki-sky-pla)
                0x000011e8                sensors
 .data          0x000011ec        0xa contiki-sky.a(sensors.o)
                0x000011ec                sensors_process
 .data          0x000011f6        0xa contiki-sky.a(cc2420.o)
                0x000011f6                cc2420_process
 .data          0x00001200        0x2 contiki-sky.a(msp430.o)
 .data          0x00001202        0x4 /usr/lib/gcc/msp430/4.5.3/../../../../msp430/lib/mmpy-16/libc.a(rand.o)
 *(SORT(.data.*))
                0x00001206                . = ALIGN (0x2)
 *(.gnu.linkonce.d*)
                0x00001206                . = ALIGN (0x2)
                0x00001206                _edata = .
                0x0000fd9e                PROVIDE (__data_load_start, LOADADDR (.data))
                0x00000106                PROVIDE (__data_size, SIZEOF (.data))

.bss            0x00001206     0x2132 load address 0x0000fea4
                0x00001206                PROVIDE (__bss_start, .)
 *(.bss)
 .bss           0x00001206        0x2 udp-sink.co
 .bss           0x00001208       0x1c obj_sky/collect-common.o
 .bss           0x00001224        0xc obj_sky/contiki-sky-main.o
 .bss           0x00001230       0xc4 contiki-sky.a(csma.o)
 .bss           0x000012f4       0x38 contiki-sky.a(contikimac.o)
 .bss           0x0000132c      0x1d8 contiki-sky.a(phase.o)
 .bss           0x00001504       0xa0 contiki-sky.a(mac-sequence.o)
 .bss           0x000015a4       0xc8 contiki-sky.a(rpl-dag.o)
 .bss           0x0000166c       0x7e contiki-sky.a(rpl-icmp6.o)
                0x0000166c                process_dis_input
 .bss           0x000016ea       0x1a contiki-sky.a(rpl-timers.o)
 .bss           0x00001704       0x18 contiki-sky.a(rpl-mrhof.o)
 .bss           0x0000171c       0x1c contiki-sky.a(rpl-unreachv2.o)
 .bss           0x00001738       0x42 contiki-sky.a(process.o)
                0x00001738                process_list
                0x0000173a                process_current
 .bss           0x0000177a        0x8 contiki-sky.a(compower.o)
 .bss           0x00001782      0x10a contiki-sky.a(serial-line.o)
 .bss           0x0000188c        0x6 contiki-sky.a(etimer.o)
 .bss           0x00001892        0x4 contiki-sky.a(ctimer.o)
 .bss           0x00001896        0x2 contiki-sky.a(rtimer.o)
 .bss           0x00001898      0x118 contiki-sky.a(nbr-table.o)
 .bss           0x000019b0       0xba contiki-sky.a(packetbuf.o)
 .bss           0x00001a6a      0x71e contiki-sky.a(queuebuf.o)
 .bss           0x00002188      0x124 contiki-sky.a(sicslowpan.o)
 .bss           0x000022ac       0x6a contiki-sky.a(tcpip.o)
                0x000022ac                mobility_flag
                0x000022ae                NO_DATA
                0x000022b0                test_unreachable
                0x000022b2                hand_off_backoff_flag
                0x000022b4                tcp_rssi
                0x000022b6                packet_input_count
 .bss           0x00002316      0x362 contiki-sky.a(uip-ds6-route.o)
 .bss           0x00002678      0x2d0 contiki-sky.a(uip-ds6-nbr.o)
 .bss           0x00002948       0x18 contiki-sky.a(uip-ds6.o)
 .bss           0x00002960       0x10 contiki-sky.a(uip-icmp6.o)
 .bss           0x00002970        0xa contiki-sky.a(uip-nd6.o)
 .bss           0x0000297a       0x10 contiki-sky.a(uip6.o)
                0x0000297a                uip_ext_bitmap
                0x0000297c                uip_ext_len
                0x0000297e                uip_ext_opt_offset
 .bss           0x0000298a        0x8 contiki-sky.a(button-sensor.o)
 .bss           0x00002992        0x2 contiki-sky.a(node-id.o)
                0x00002992                node_id
 .bss           0x00002994        0x6 contiki-sky.a(sensors.o)
 .bss           0x0000299a        0xa contiki-sky.a(cc2420.o)
 .bss           0x000029a4       0x9a contiki-sky.a(uart1.o)
 .bss           0x00002a3e        0xa contiki-sky.a(clock.o)
 .bss           0x00002a48        0x2 contiki-sky.a(leds.o)
 .bss           0x00002a4a        0x2 contiki-sky.a(watchdog.o)
 .bss           0x00002a4c        0x2 contiki-sky.a(framer-802154.o)
 .bss           0x00002a4e        0x2 contiki-sky.a(rpl.o)
 *(SORT(.bss.*))
 *(COMMON)
 COMMON         0x00002a50        0x8 contiki-sky.a(rimeaddr.o)
                0x00002a50                rimeaddr_node_addr
 COMMON         0x00002a58       0xd4 contiki-sky.a(rpl-dag.o)
                0x00002a58                unreach_flag
                0x00002a5a                default_instance
                0x00002a5c                instance_table
 COMMON         0x00002b2c      0x24e contiki-sky.a(rpl-icmp6.o)
                0x00002b2c                dios
                0x00002cee                dis_event
                0x00002cf0                best_parent_rssi
                0x00002cf2                p
                0x00002cf4                dio_addr
                0x00002cf6                wait_dios_event
                0x00002cf8                best_parent_addr
                0x00002d08                priority
                0x00002d0a                dao_period
                0x00002d1e                best_parent_dio
                0x00002d78                process_instance
 COMMON         0x00002d7a       0x6b contiki-sky.a(rpl-unreachv2.o)
                0x00002d7a                current_t
                0x00002d7e                dag
                0x00002d80                dio
                0x00002dda                instance
                0x00002ddc                end
                0x00002dde                pref
                0x00002de0                reliable
                0x00002de2                rssi
                0x00002de4                unreach_event
 COMMON         0x00002de5        0x1 contiki-sky.a(process.o)
                0x00002de5                process_maxevents
 COMMON         0x00002de6        0x8 contiki-sky.a(compower.o)
                0x00002de6                compower_idle_activity
 COMMON         0x00002dee        0x1 contiki-sky.a(serial-line.o)
                0x00002dee                serial_line_event_message
 *fill*         0x00002def        0x1 00
 COMMON         0x00002df0       0x56 contiki-sky.a(energest.o)
                0x00002df0                energest_total_time
                0x00002e20                energest_total_count
                0x00002e22                energest_current_mode
                0x00002e2e                energest_current_time
 COMMON         0x00002e46       0x50 contiki-sky.a(packetbuf.o)
                0x00002e46                packetbuf_addrs
                0x00002e66                packetbuf_attrs
 COMMON         0x00002e96        0x8 contiki-sky.a(sicslowpan.o)
                0x00002e96                frag_sender
 COMMON         0x00002e9e        0xc contiki-sky.a(tcpip.o)
                0x00002e9e                number_of_childs
                0x00002ea0                rssi_sum
                0x00002ea2                end_time
                0x00002ea6                tcpip_event
                0x00002ea8                mobile_nodes
 COMMON         0x00002eaa      0x15c contiki-sky.a(uip-ds6.o)
                0x00002eaa                uip_ds6_timer_ra
                0x00002eb2                uip_ds6_if
                0x00002f9e                uip_ds6_netif_addr_list_offset
                0x00002f9f                uip_ds6_addr_size
                0x00002fa0                uip_ds6_prefix_list
                0x00002ffa                uip_ds6_timer_periodic
 COMMON         0x00003006      0x304 contiki-sky.a(uip6.o)
                0x00003006                uip_len
                0x00003008                uip_sappdata
                0x0000300a                uip_acc32
                0x0000300e                uip_lladdr
                0x00003016                uip_aligned_buf
                0x00003106                uip_flags
                0x00003108                uip_next_hdr
                0x0000310a                uip_udp_conn
                0x0000310c                uip_appdata
                0x0000310e                uip_conn
                0x00003110                uip_conns
                0x000031c0                uip_listenports
                0x000031d0                uip_slen
                0x000031d2                uip_udp_conns
 COMMON         0x0000330a        0x2 contiki-sky.a(contiki-sky-pla)
                0x0000330a                sensors_flags
 COMMON         0x0000330c        0x8 contiki-sky.a(ds2411.o)
                0x0000330c                ds2411_id
 COMMON         0x00003314        0x1 contiki-sky.a(sensors.o)
                0x00003314                sensors_event
 *fill*         0x00003315        0x1 00
 COMMON         0x00003316       0x14 contiki-sky.a(cc2420.o)
                0x00003316                cc2420_last_rssi
                0x00003318                cc2420_packets_read
                0x0000331a                cc2420_packets_seen
                0x0000331c                cc2420_sfd_start_time
                0x0000331e                cc2420_time_of_departure
                0x00003320                cc2420_time_of_arrival
                0x00003322                cc2420_last_correlation
                0x00003324                cc2420_authority_level_of_sender
                0x00003326                cc2420_sfd_counter
                0x00003328                cc2420_sfd_end_time
 COMMON         0x0000332a        0x2 contiki-sky.a(msp430.o)
                0x0000332a                msp430_dco_required
 COMMON         0x0000332c        0xc contiki-sky.a(rpl.o)
                0x0000332c                rpl_stats
                0x00003338                PROVIDE (__bss_end, .)
                0x00003338                _end = .
                0x00002132                PROVIDE (__bss_size, SIZEOF (.bss))

.noinit         0x00003338        0x0 load address 0x0000fea4
                0x00003338                PROVIDE (__noinit_start, .)
 *(.noinit)
 *(.noinit.*)
 *(COMMON)
                0x00003338                PROVIDE (__noinit_end, .)
                0x00003338                _end = .

.infomem        0x00001000        0x0
 *(.infomem)
                0x00001000                . = ALIGN (0x2)
 *(.infomem.*)

.infomemnobits  0x00001000        0x0
                0x00001000                . = ALIGN (0x2)
 *(.infomemnobits)
                0x00001000                . = ALIGN (0x2)
 *(.infomemnobits.*)

.vectors        0x0000ffe0       0x20
                0x0000ffe0                PROVIDE (__vectors_start, .)
 *(.vectors*)
 .vectors       0x0000ffe0       0x20 /usr/lib/gcc/msp430/4.5.3/mmpy-16/crt0ivtbl16.o
                0x0000ffe0                __ivtbl_16
                0x00010000                _vectors_end = .

.fartext        0x00000000        0x0
                0x00000000                . = ALIGN (0x2)
 *(.fartext)
                0x00000000                . = ALIGN (0x2)
 *(.fartext.*)
                0x00000000                _efartext = .

.profiler
 *(.profiler)

.stab
 *(.stab)

.stabstr
 *(.stabstr)

.stab.excl
 *(.stab.excl)

.stab.exclstr
 *(.stab.exclstr)

.stab.index
 *(.stab.index)

.stab.indexstr
 *(.stab.indexstr)

.comment
 *(.comment)

.debug
 *(.debug)

.line
 *(.line)

.debug_srcinfo
 *(.debug_srcinfo)

.debug_sfnames
 *(.debug_sfnames)

.debug_aranges  0x00000000      0x17c
 *(.debug_aranges)
 .debug_aranges
                0x00000000       0x14 /usr/lib/gcc/msp430/4.5.3/mmpy-16/libgcc.a(_mulsi3.o)
 .debug_aranges
                0x00000014       0x14 /usr/lib/gcc/msp430/4.5.3/mmpy-16/libgcc.a(_udivmodhi4.o)
 .debug_aranges
                0x00000028       0x14 /usr/lib/gcc/msp430/4.5.3/mmpy-16/libgcc.a(_divmodhi4.o)
 .debug_aranges
                0x0000003c       0x14 /usr/lib/gcc/msp430/4.5.3/mmpy-16/libgcc.a(_udivmodsi4.o)
 .debug_aranges
                0x00000050       0x14 /usr/lib/gcc/msp430/4.5.3/../../../../msp430/lib/mmpy-16/libc.a(strncmp.o)
 .debug_aranges
                0x00000064       0x14 /usr/lib/gcc/msp430/4.5.3/../../../../msp430/lib/mmpy-16/libc.a(memcmp.o)
 .debug_aranges
                0x00000078       0x14 /usr/lib/gcc/msp430/4.5.3/../../../../msp430/lib/mmpy-16/libc.a(memcpy.o)
 .debug_aranges
                0x0000008c       0x14 /usr/lib/gcc/msp430/4.5.3/../../../../msp430/lib/mmpy-16/libc.a(memmove.o)
 .debug_aranges
                0x000000a0       0x14 /usr/lib/gcc/msp430/4.5.3/../../../../msp430/lib/mmpy-16/libc.a(memset.o)
 .debug_aranges
                0x000000b4       0x14 /usr/lib/gcc/msp430/4.5.3/../../../../msp430/lib/mmpy-16/libc.a(printf.o)
 .debug_aranges
                0x000000c8       0x14 /usr/lib/gcc/msp430/4.5.3/../../../../msp430/lib/mmpy-16/libc.a(vuprintf.o)
 .debug_aranges
                0x000000dc       0x14 /usr/lib/gcc/msp430/4.5.3/../../../../msp430/lib/mmpy-16/libc.a(puts.o)
 .debug_aranges
                0x000000f0       0x14 /usr/lib/gcc/msp430/4.5.3/../../../../msp430/lib/mmpy-16/libc.a(rand.o)
 .debug_aranges
                0x00000104       0x14 /usr/lib/gcc/msp430/4.5.3/mmpy-16/libcrt0.a(__init_stack.o)
 .debug_aranges
                0x00000118       0x14 /usr/lib/gcc/msp430/4.5.3/mmpy-16/libcrt0.a(__low_level_init.o)
 .debug_aranges
                0x0000012c       0x14 /usr/lib/gcc/msp430/4.5.3/mmpy-16/libcrt0.a(_copy_data.o)
 .debug_aranges
                0x00000140       0x14 /usr/lib/gcc/msp430/4.5.3/mmpy-16/libcrt0.a(_clear_bss.o)
 .debug_aranges
                0x00000154       0x14 /usr/lib/gcc/msp430/4.5.3/mmpy-16/libcrt0.a(_endless_loop__.o)
 .debug_aranges
                0x00000168       0x14 /usr/lib/gcc/msp430/4.5.3/mmpy-16/libcrt0.a(_unexpected_.o)

.debug_pubnames
                0x00000000      0x126
 *(.debug_pubnames)
 .debug_pubnames
                0x00000000       0x1e /usr/lib/gcc/msp430/4.5.3/../../../../msp430/lib/mmpy-16/libc.a(strncmp.o)
 .debug_pubnames
                0x0000001e       0x1d /usr/lib/gcc/msp430/4.5.3/../../../../msp430/lib/mmpy-16/libc.a(memcmp.o)
 .debug_pubnames
                0x0000003b       0x1d /usr/lib/gcc/msp430/4.5.3/../../../../msp430/lib/mmpy-16/libc.a(memcpy.o)
 .debug_pubnames
                0x00000058       0x1e /usr/lib/gcc/msp430/4.5.3/../../../../msp430/lib/mmpy-16/libc.a(memmove.o)
 .debug_pubnames
                0x00000076       0x1d /usr/lib/gcc/msp430/4.5.3/../../../../msp430/lib/mmpy-16/libc.a(memset.o)
 .debug_pubnames
                0x00000093       0x29 /usr/lib/gcc/msp430/4.5.3/../../../../msp430/lib/mmpy-16/libc.a(printf.o)
 .debug_pubnames
                0x000000bc       0x1f /usr/lib/gcc/msp430/4.5.3/../../../../msp430/lib/mmpy-16/libc.a(vuprintf.o)
 .debug_pubnames
                0x000000db       0x1b /usr/lib/gcc/msp430/4.5.3/../../../../msp430/lib/mmpy-16/libc.a(puts.o)
 .debug_pubnames
                0x000000f6       0x30 /usr/lib/gcc/msp430/4.5.3/../../../../msp430/lib/mmpy-16/libc.a(rand.o)

.debug_info     0x00000000     0x12fa
 *(.debug_info)
 .debug_info    0x00000000       0xd7 /usr/lib/gcc/msp430/4.5.3/mmpy-16/libgcc.a(_mulsi3.o)
 .debug_info    0x000000d7       0xd7 /usr/lib/gcc/msp430/4.5.3/mmpy-16/libgcc.a(_udivmodhi4.o)
 .debug_info    0x000001ae       0xd7 /usr/lib/gcc/msp430/4.5.3/mmpy-16/libgcc.a(_divmodhi4.o)
 .debug_info    0x00000285       0xd7 /usr/lib/gcc/msp430/4.5.3/mmpy-16/libgcc.a(_udivmodsi4.o)
 .debug_info    0x0000035c       0xbd /usr/lib/gcc/msp430/4.5.3/../../../../msp430/lib/mmpy-16/libc.a(strncmp.o)
 .debug_info    0x00000419       0xe2 /usr/lib/gcc/msp430/4.5.3/../../../../msp430/lib/mmpy-16/libc.a(memcmp.o)
 .debug_info    0x000004fb      0x113 /usr/lib/gcc/msp430/4.5.3/../../../../msp430/lib/mmpy-16/libc.a(memcpy.o)
 .debug_info    0x0000060e      0x113 /usr/lib/gcc/msp430/4.5.3/../../../../msp430/lib/mmpy-16/libc.a(memmove.o)
 .debug_info    0x00000721       0xfe /usr/lib/gcc/msp430/4.5.3/../../../../msp430/lib/mmpy-16/libc.a(memset.o)
 .debug_info    0x0000081f      0x103 /usr/lib/gcc/msp430/4.5.3/../../../../msp430/lib/mmpy-16/libc.a(printf.o)
 .debug_info    0x00000922      0x3b5 /usr/lib/gcc/msp430/4.5.3/../../../../msp430/lib/mmpy-16/libc.a(vuprintf.o)
 .debug_info    0x00000cd7       0x96 /usr/lib/gcc/msp430/4.5.3/../../../../msp430/lib/mmpy-16/libc.a(puts.o)
 .debug_info    0x00000d6d      0x137 /usr/lib/gcc/msp430/4.5.3/../../../../msp430/lib/mmpy-16/libc.a(rand.o)
 .debug_info    0x00000ea4       0xb9 /usr/lib/gcc/msp430/4.5.3/mmpy-16/libcrt0.a(__init_stack.o)
 .debug_info    0x00000f5d       0xb9 /usr/lib/gcc/msp430/4.5.3/mmpy-16/libcrt0.a(__low_level_init.o)
 .debug_info    0x00001016       0xb9 /usr/lib/gcc/msp430/4.5.3/mmpy-16/libcrt0.a(_copy_data.o)
 .debug_info    0x000010cf       0xb9 /usr/lib/gcc/msp430/4.5.3/mmpy-16/libcrt0.a(_clear_bss.o)
 .debug_info    0x00001188       0xb9 /usr/lib/gcc/msp430/4.5.3/mmpy-16/libcrt0.a(_endless_loop__.o)
 .debug_info    0x00001241       0xb9 /usr/lib/gcc/msp430/4.5.3/mmpy-16/libcrt0.a(_unexpected_.o)
 *(.gnu.linkonce.wi.*)

.debug_abbrev   0x00000000      0x74f
 *(.debug_abbrev)
 .debug_abbrev  0x00000000       0x14 /usr/lib/gcc/msp430/4.5.3/mmpy-16/libgcc.a(_mulsi3.o)
 .debug_abbrev  0x00000014       0x14 /usr/lib/gcc/msp430/4.5.3/mmpy-16/libgcc.a(_udivmodhi4.o)
 .debug_abbrev  0x00000028       0x14 /usr/lib/gcc/msp430/4.5.3/mmpy-16/libgcc.a(_divmodhi4.o)
 .debug_abbrev  0x0000003c       0x14 /usr/lib/gcc/msp430/4.5.3/mmpy-16/libgcc.a(_udivmodsi4.o)
 .debug_abbrev  0x00000050       0x6d /usr/lib/gcc/msp430/4.5.3/../../../../msp430/lib/mmpy-16/libc.a(strncmp.o)
 .debug_abbrev  0x000000bd       0x8a /usr/lib/gcc/msp430/4.5.3/../../../../msp430/lib/mmpy-16/libc.a(memcmp.o)
 .debug_abbrev  0x00000147       0x97 /usr/lib/gcc/msp430/4.5.3/../../../../msp430/lib/mmpy-16/libc.a(memcpy.o)
 .debug_abbrev  0x000001de       0x97 /usr/lib/gcc/msp430/4.5.3/../../../../msp430/lib/mmpy-16/libc.a(memmove.o)
 .debug_abbrev  0x00000275       0x8d /usr/lib/gcc/msp430/4.5.3/../../../../msp430/lib/mmpy-16/libc.a(memset.o)
 .debug_abbrev  0x00000302       0xce /usr/lib/gcc/msp430/4.5.3/../../../../msp430/lib/mmpy-16/libc.a(printf.o)
 .debug_abbrev  0x000003d0      0x1cb /usr/lib/gcc/msp430/4.5.3/../../../../msp430/lib/mmpy-16/libc.a(vuprintf.o)
 .debug_abbrev  0x0000059b       0x60 /usr/lib/gcc/msp430/4.5.3/../../../../msp430/lib/mmpy-16/libc.a(puts.o)
 .debug_abbrev  0x000005fb       0xdc /usr/lib/gcc/msp430/4.5.3/../../../../msp430/lib/mmpy-16/libc.a(rand.o)
 .debug_abbrev  0x000006d7       0x14 /usr/lib/gcc/msp430/4.5.3/mmpy-16/libcrt0.a(__init_stack.o)
 .debug_abbrev  0x000006eb       0x14 /usr/lib/gcc/msp430/4.5.3/mmpy-16/libcrt0.a(__low_level_init.o)
 .debug_abbrev  0x000006ff       0x14 /usr/lib/gcc/msp430/4.5.3/mmpy-16/libcrt0.a(_copy_data.o)
 .debug_abbrev  0x00000713       0x14 /usr/lib/gcc/msp430/4.5.3/mmpy-16/libcrt0.a(_clear_bss.o)
 .debug_abbrev  0x00000727       0x14 /usr/lib/gcc/msp430/4.5.3/mmpy-16/libcrt0.a(_endless_loop__.o)
 .debug_abbrev  0x0000073b       0x14 /usr/lib/gcc/msp430/4.5.3/mmpy-16/libcrt0.a(_unexpected_.o)

.debug_line     0x00000000      0xbd6
 *(.debug_line)
 .debug_line    0x00000000       0x9d /usr/lib/gcc/msp430/4.5.3/mmpy-16/libgcc.a(_mulsi3.o)
 .debug_line    0x0000009d       0x9a /usr/lib/gcc/msp430/4.5.3/mmpy-16/libgcc.a(_udivmodhi4.o)
 .debug_line    0x00000137       0xa5 /usr/lib/gcc/msp430/4.5.3/mmpy-16/libgcc.a(_divmodhi4.o)
 .debug_line    0x000001dc       0xa1 /usr/lib/gcc/msp430/4.5.3/mmpy-16/libgcc.a(_udivmodsi4.o)
 .debug_line    0x0000027d       0x76 /usr/lib/gcc/msp430/4.5.3/../../../../msp430/lib/mmpy-16/libc.a(strncmp.o)
 .debug_line    0x000002f3       0x7c /usr/lib/gcc/msp430/4.5.3/../../../../msp430/lib/mmpy-16/libc.a(memcmp.o)
 .debug_line    0x0000036f       0xf3 /usr/lib/gcc/msp430/4.5.3/../../../../msp430/lib/mmpy-16/libc.a(memcpy.o)
 .debug_line    0x00000462       0xf3 /usr/lib/gcc/msp430/4.5.3/../../../../msp430/lib/mmpy-16/libc.a(memmove.o)
 .debug_line    0x00000555       0xbd /usr/lib/gcc/msp430/4.5.3/../../../../msp430/lib/mmpy-16/libc.a(memset.o)
 .debug_line    0x00000612       0x72 /usr/lib/gcc/msp430/4.5.3/../../../../msp430/lib/mmpy-16/libc.a(printf.o)
 .debug_line    0x00000684      0x198 /usr/lib/gcc/msp430/4.5.3/../../../../msp430/lib/mmpy-16/libc.a(vuprintf.o)
 .debug_line    0x0000081c       0x4d /usr/lib/gcc/msp430/4.5.3/../../../../msp430/lib/mmpy-16/libc.a(puts.o)
 .debug_line    0x00000869       0x52 /usr/lib/gcc/msp430/4.5.3/../../../../msp430/lib/mmpy-16/libc.a(rand.o)
 .debug_line    0x000008bb       0x82 /usr/lib/gcc/msp430/4.5.3/mmpy-16/libcrt0.a(__init_stack.o)
 .debug_line    0x0000093d       0x84 /usr/lib/gcc/msp430/4.5.3/mmpy-16/libcrt0.a(__low_level_init.o)
 .debug_line    0x000009c1       0x88 /usr/lib/gcc/msp430/4.5.3/mmpy-16/libcrt0.a(_copy_data.o)
 .debug_line    0x00000a49       0x88 /usr/lib/gcc/msp430/4.5.3/mmpy-16/libcrt0.a(_clear_bss.o)
 .debug_line    0x00000ad1       0x83 /usr/lib/gcc/msp430/4.5.3/mmpy-16/libcrt0.a(_endless_loop__.o)
 .debug_line    0x00000b54       0x82 /usr/lib/gcc/msp430/4.5.3/mmpy-16/libcrt0.a(_unexpected_.o)

.debug_frame    0x00000000      0x202
 *(.debug_frame)
 .debug_frame   0x00000000       0x24 /usr/lib/gcc/msp430/4.5.3/../../../../msp430/lib/mmpy-16/libc.a(strncmp.o)
 .debug_frame   0x00000024       0x28 /usr/lib/gcc/msp430/4.5.3/../../../../msp430/lib/mmpy-16/libc.a(memcmp.o)
 .debug_frame   0x0000004c       0x32 /usr/lib/gcc/msp430/4.5.3/../../../../msp430/lib/mmpy-16/libc.a(memcpy.o)
 .debug_frame   0x0000007e       0x32 /usr/lib/gcc/msp430/4.5.3/../../../../msp430/lib/mmpy-16/libc.a(memmove.o)
 .debug_frame   0x000000b0       0x32 /usr/lib/gcc/msp430/4.5.3/../../../../msp430/lib/mmpy-16/libc.a(memset.o)
 .debug_frame   0x000000e2       0x2a /usr/lib/gcc/msp430/4.5.3/../../../../msp430/lib/mmpy-16/libc.a(printf.o)
 .debug_frame   0x0000010c       0x82 /usr/lib/gcc/msp430/4.5.3/../../../../msp430/lib/mmpy-16/libc.a(vuprintf.o)
 .debug_frame   0x0000018e       0x24 /usr/lib/gcc/msp430/4.5.3/../../../../msp430/lib/mmpy-16/libc.a(puts.o)
 .debug_frame   0x000001b2       0x50 /usr/lib/gcc/msp430/4.5.3/../../../../msp430/lib/mmpy-16/libc.a(rand.o)

.debug_str      0x00000000      0x317
 *(.debug_str)
 .debug_str     0x00000000       0x9b /usr/lib/gcc/msp430/4.5.3/../../../../msp430/lib/mmpy-16/libc.a(strncmp.o)
                                 0xd4 (size before relaxing)
 .debug_str     0x0000009b       0x19 /usr/lib/gcc/msp430/4.5.3/../../../../msp430/lib/mmpy-16/libc.a(memcmp.o)
                                 0xd2 (size before relaxing)
 .debug_str     0x000000b4       0x34 /usr/lib/gcc/msp430/4.5.3/../../../../msp430/lib/mmpy-16/libc.a(memcpy.o)
                                 0xed (size before relaxing)
 .debug_str     0x000000e8       0x1b /usr/lib/gcc/msp430/4.5.3/../../../../msp430/lib/mmpy-16/libc.a(memmove.o)
                                 0xef (size before relaxing)
 .debug_str     0x00000103       0x26 /usr/lib/gcc/msp430/4.5.3/../../../../msp430/lib/mmpy-16/libc.a(memset.o)
                                 0xeb (size before relaxing)
 .debug_str     0x00000129       0x40 /usr/lib/gcc/msp430/4.5.3/../../../../msp430/lib/mmpy-16/libc.a(printf.o)
                                0x101 (size before relaxing)
 .debug_str     0x00000169      0x16a /usr/lib/gcc/msp430/4.5.3/../../../../msp430/lib/mmpy-16/libc.a(vuprintf.o)
                                0x25d (size before relaxing)
 .debug_str     0x000002d3       0x15 /usr/lib/gcc/msp430/4.5.3/../../../../msp430/lib/mmpy-16/libc.a(puts.o)
                                 0xc7 (size before relaxing)
 .debug_str     0x000002e8       0x2f /usr/lib/gcc/msp430/4.5.3/../../../../msp430/lib/mmpy-16/libc.a(rand.o)
                                 0xe6 (size before relaxing)

.debug_loc      0x00000000      0xa92
 *(.debug_loc)
 .debug_loc     0x00000000       0x63 /usr/lib/gcc/msp430/4.5.3/../../../../msp430/lib/mmpy-16/libc.a(strncmp.o)
 .debug_loc     0x00000063       0x59 /usr/lib/gcc/msp430/4.5.3/../../../../msp430/lib/mmpy-16/libc.a(memcmp.o)